Oct 27 11:21:42 debian kernel: [    4.466033] e1000: enp0s3 NIC Link is Up 1000 Mbps Full Duplex, Flow Control: RX
Oct 27 11:21:42 debian kernel: [    4.466272] IPv6: ADDRCONF(NETDEV_CHANGE): enp0s3: link becomes ready
Oct 27 12:24:12 debian kernel: [    0.000000] Linux version 4.19.0-9-amd64 (debian-kernel@lists.debian.org) (gcc version 8.3.0 (Debian 8.3.0-6)) #1 SMP Debian 4.19.118-2 (2020-04-29)
Oct 27 12:24:12 debian kernel: [    0.000000] Command line: BOOT_IMAGE=/boot/vmlinuz-4.19.0-9-amd64 root=UUID=cd2cb4ca-39bd-4522-919c-e4ceb81b5ae8 ro quiet
Oct 27 12:24:12 debian kernel: [    0.000000] [Firmware Bug]: TSC doesn't count with P0 frequency!
Oct 27 12:24:12 debian kernel: [    0.000000] x86/fpu: Supporting XSAVE feature 0x001: 'x87 floating point registers'
Oct 27 12:24:12 debian kernel: [    0.000000] x86/fpu: Supporting XSAVE feature 0x002: 'SSE registers'
Oct 27 12:24:12 debian kernel: [    0.000000] x86/fpu: Supporting XSAVE feature 0x004: 'AVX registers'
Oct 27 12:24:12 debian kernel: [    0.000000] x86/fpu: xstate_offset[2]:  576, xstate_sizes[2]:  256
Oct 27 12:24:12 debian kernel: [    0.000000] x86/fpu: Enabled xstate features 0x7, context size is 832 bytes, using 'standard' format.
Oct 27 12:24:12 debian kernel: [    0.000000] BIOS-provided physical RAM map:
Oct 27 12:24:12 debian kernel: [    0.000000] BIOS-e820: [mem 0x0000000000000000-0x000000000009fbff] usable
Oct 27 12:24:12 debian kernel: [    0.000000] BIOS-e820: [mem 0x000000000009fc00-0x000000000009ffff] reserved
Oct 27 12:24:12 debian kernel: [    0.000000] BIOS-e820: [mem 0x00000000000f0000-0x00000000000fffff] reserved
Oct 27 12:24:12 debian kernel: [    0.000000] BIOS-e820: [mem 0x0000000000100000-0x00000000dffeffff] usable
Oct 27 12:24:12 debian kernel: [    0.000000] BIOS-e820: [mem 0x00000000dfff0000-0x00000000dfffffff] ACPI data
Oct 27 12:24:12 debian kernel: [    0.000000] BIOS-e820: [mem 0x00000000fec00000-0x00000000fec00fff] reserved
Oct 27 12:24:12 debian kernel: [    0.000000] BIOS-e820: [mem 0x00000000fee00000-0x00000000fee00fff] reserved
Oct 27 12:24:12 debian kernel: [    0.000000] BIOS-e820: [mem 0x00000000fffc0000-0x00000000ffffffff] reserved
Oct 27 12:24:12 debian kernel: [    0.000000] BIOS-e820: [mem 0x0000000100000000-0x000000011fffffff] usable
Oct 27 12:24:12 debian kernel: [    0.000000] NX (Execute Disable) protection: active
Oct 27 12:24:12 debian kernel: [    0.000000] SMBIOS 2.5 present.
Oct 27 12:24:12 debian kernel: [    0.000000] DMI: innotek GmbH VirtualBox/VirtualBox, BIOS VirtualBox 12/01/2006
Oct 27 12:24:12 debian kernel: [    0.000000] Hypervisor detected: KVM
Oct 27 12:24:12 debian kernel: [    0.000000] kvm-clock: Using msrs 4b564d01 and 4b564d00
Oct 27 12:24:12 debian kernel: [    0.000000] kvm-clock: cpu 0, msr 48de8001, primary cpu clock
Oct 27 12:24:12 debian kernel: [    0.000000] kvm-clock: using sched offset of 8492266348 cycles
Oct 27 12:24:12 debian kernel: [    0.000001] clocksource: kvm-clock: mask: 0xffffffffffffffff max_cycles: 0x1cd42e4dffb, max_idle_ns: 881590591483 ns
Oct 27 12:24:12 debian kernel: [    0.000002] tsc: Detected 3600.000 MHz processor
Oct 27 12:24:12 debian kernel: [    0.001548] e820: update [mem 0x00000000-0x00000fff] usable ==> reserved
Oct 27 12:24:12 debian kernel: [    0.001549] e820: remove [mem 0x000a0000-0x000fffff] usable
Oct 27 12:24:12 debian kernel: [    0.001552] last_pfn = 0x120000 max_arch_pfn = 0x400000000
Oct 27 12:24:12 debian kernel: [    0.001561] MTRR default type: uncachable
Oct 27 12:24:12 debian kernel: [    0.001562] MTRR variable ranges disabled:
Oct 27 12:24:12 debian kernel: [    0.001562] Disabled
Oct 27 12:24:12 debian kernel: [    0.001563] x86/PAT: MTRRs disabled, skipping PAT initialization too.
Oct 27 12:24:12 debian kernel: [    0.001564] CPU MTRRs all blank - virtualized system.
Oct 27 12:24:12 debian kernel: [    0.001566] x86/PAT: Configuration [0-7]: WB  WT  UC- UC  WB  WT  UC- UC  
Oct 27 12:24:12 debian kernel: [    0.001569] last_pfn = 0xdfff0 max_arch_pfn = 0x400000000
Oct 27 12:24:12 debian kernel: [    0.001590] found SMP MP-table at [mem 0x0009fff0-0x0009ffff]
Oct 27 12:24:12 debian kernel: [    0.063268] BRK [0x49001000, 0x49001fff] PGTABLE
Oct 27 12:24:12 debian kernel: [    0.063269] BRK [0x49002000, 0x49002fff] PGTABLE
Oct 27 12:24:12 debian kernel: [    0.063270] BRK [0x49003000, 0x49003fff] PGTABLE
Oct 27 12:24:12 debian kernel: [    0.063280] BRK [0x49004000, 0x49004fff] PGTABLE
Oct 27 12:24:12 debian kernel: [    0.063281] BRK [0x49005000, 0x49005fff] PGTABLE
Oct 27 12:24:12 debian kernel: [    0.064242] RAMDISK: [mem 0x34e8b000-0x3673cfff]
Oct 27 12:24:12 debian kernel: [    0.064247] ACPI: Early table checksum verification disabled
Oct 27 12:24:12 debian kernel: [    0.064255] ACPI: RSDP 0x00000000000E0000 000024 (v02 VBOX  )
Oct 27 12:24:12 debian kernel: [    0.064258] ACPI: XSDT 0x00000000DFFF0030 00003C (v01 VBOX   VBOXXSDT 00000001 ASL  00000061)
Oct 27 12:24:12 debian kernel: [    0.064261] ACPI: FACP 0x00000000DFFF00F0 0000F4 (v04 VBOX   VBOXFACP 00000001 ASL  00000061)
Oct 27 12:24:12 debian kernel: [    0.064264] ACPI: DSDT 0x00000000DFFF0470 002325 (v02 VBOX   VBOXBIOS 00000002 INTL 20100528)
Oct 27 12:24:12 debian kernel: [    0.064266] ACPI: FACS 0x00000000DFFF0200 000040
Oct 27 12:24:12 debian kernel: [    0.064267] ACPI: FACS 0x00000000DFFF0200 000040
Oct 27 12:24:12 debian kernel: [    0.064268] ACPI: APIC 0x00000000DFFF0240 00005C (v02 VBOX   VBOXAPIC 00000001 ASL  00000061)
Oct 27 12:24:12 debian kernel: [    0.064270] ACPI: SSDT 0x00000000DFFF02A0 0001CC (v01 VBOX   VBOXCPUT 00000002 INTL 20100528)
Oct 27 12:24:12 debian kernel: [    0.064275] ACPI: Local APIC address 0xfee00000
Oct 27 12:24:12 debian kernel: [    0.064468] No NUMA configuration found
Oct 27 12:24:12 debian kernel: [    0.064469] Faking a node at [mem 0x0000000000000000-0x000000011fffffff]
Oct 27 12:24:12 debian kernel: [    0.064472] NODE_DATA(0) allocated [mem 0x11fff7000-0x11fffbfff]
Oct 27 12:24:12 debian kernel: [    0.065279] Zone ranges:
Oct 27 12:24:12 debian kernel: [    0.065280]   DMA      [mem 0x0000000000001000-0x0000000000ffffff]
Oct 27 12:24:12 debian kernel: [    0.065281]   DMA32    [mem 0x0000000001000000-0x00000000ffffffff]
Oct 27 12:24:12 debian kernel: [    0.065281]   Normal   [mem 0x0000000100000000-0x000000011fffffff]
Oct 27 12:24:12 debian kernel: [    0.065282]   Device   empty
Oct 27 12:24:12 debian kernel: [    0.065282] Movable zone start for each node
Oct 27 12:24:12 debian kernel: [    0.065283] Early memory node ranges
Oct 27 12:24:12 debian kernel: [    0.065283]   node   0: [mem 0x0000000000001000-0x000000000009efff]
Oct 27 12:24:12 debian kernel: [    0.065284]   node   0: [mem 0x0000000000100000-0x00000000dffeffff]
Oct 27 12:24:12 debian kernel: [    0.065284]   node   0: [mem 0x0000000100000000-0x000000011fffffff]
Oct 27 12:24:12 debian kernel: [    0.066936] Zeroed struct page in unavailable ranges: 114 pages
Oct 27 12:24:12 debian kernel: [    0.066937] Initmem setup node 0 [mem 0x0000000000001000-0x000000011fffffff]
Oct 27 12:24:12 debian kernel: [    0.066938] On node 0 totalpages: 1048462
Oct 27 12:24:12 debian kernel: [    0.066939]   DMA zone: 64 pages used for memmap
Oct 27 12:24:12 debian kernel: [    0.066940]   DMA zone: 21 pages reserved
Oct 27 12:24:12 debian kernel: [    0.066940]   DMA zone: 3998 pages, LIFO batch:0
Oct 27 12:24:12 debian kernel: [    0.066998]   DMA32 zone: 14272 pages used for memmap
Oct 27 12:24:12 debian kernel: [    0.066998]   DMA32 zone: 913392 pages, LIFO batch:63
Oct 27 12:24:12 debian kernel: [    0.100909]   Normal zone: 2048 pages used for memmap
Oct 27 12:24:12 debian kernel: [    0.100911]   Normal zone: 131072 pages, LIFO batch:31
Oct 27 12:24:12 debian kernel: [    0.106019] ACPI: PM-Timer IO Port: 0x4008
Oct 27 12:24:12 debian kernel: [    0.106021] ACPI: Local APIC address 0xfee00000
Oct 27 12:24:12 debian kernel: [    0.106067] IOAPIC[0]: apic_id 2, version 32, address 0xfec00000, GSI 0-23
Oct 27 12:24:12 debian kernel: [    0.106069] ACPI: INT_SRC_OVR (bus 0 bus_irq 0 global_irq 2 dfl dfl)
Oct 27 12:24:12 debian kernel: [    0.106070] ACPI: INT_SRC_OVR (bus 0 bus_irq 9 global_irq 9 low level)
Oct 27 12:24:12 debian kernel: [    0.106071] ACPI: IRQ0 used by override.
Oct 27 12:24:12 debian kernel: [    0.106072] ACPI: IRQ9 used by override.
Oct 27 12:24:12 debian kernel: [    0.106073] Using ACPI (MADT) for SMP configuration information
Oct 27 12:24:12 debian kernel: [    0.106078] smpboot: Allowing 2 CPUs, 0 hotplug CPUs
Oct 27 12:24:12 debian kernel: [    0.106099] PM: Registered nosave memory: [mem 0x00000000-0x00000fff]
Oct 27 12:24:12 debian kernel: [    0.106099] PM: Registered nosave memory: [mem 0x0009f000-0x0009ffff]
Oct 27 12:24:12 debian kernel: [    0.106100] PM: Registered nosave memory: [mem 0x000a0000-0x000effff]
Oct 27 12:24:12 debian kernel: [    0.106100] PM: Registered nosave memory: [mem 0x000f0000-0x000fffff]
Oct 27 12:24:12 debian kernel: [    0.106101] PM: Registered nosave memory: [mem 0xdfff0000-0xdfffffff]
Oct 27 12:24:12 debian kernel: [    0.106101] PM: Registered nosave memory: [mem 0xe0000000-0xfebfffff]
Oct 27 12:24:12 debian kernel: [    0.106101] PM: Registered nosave memory: [mem 0xfec00000-0xfec00fff]
Oct 27 12:24:12 debian kernel: [    0.106102] PM: Registered nosave memory: [mem 0xfec01000-0xfedfffff]
Oct 27 12:24:12 debian kernel: [    0.106102] PM: Registered nosave memory: [mem 0xfee00000-0xfee00fff]
Oct 27 12:24:12 debian kernel: [    0.106102] PM: Registered nosave memory: [mem 0xfee01000-0xfffbffff]
Oct 27 12:24:12 debian kernel: [    0.106102] PM: Registered nosave memory: [mem 0xfffc0000-0xffffffff]
Oct 27 12:24:12 debian kernel: [    0.106104] [mem 0xe0000000-0xfebfffff] available for PCI devices
Oct 27 12:24:12 debian kernel: [    0.106105] Booting paravirtualized kernel on KVM
Oct 27 12:24:12 debian kernel: [    0.106107] clocksource: refined-jiffies: mask: 0xffffffff max_cycles: 0xffffffff, max_idle_ns: 7645519600211568 ns
Oct 27 12:24:12 debian kernel: [    0.169412] random: get_random_bytes called from start_kernel+0x93/0x52c with crng_init=0
Oct 27 12:24:12 debian kernel: [    0.169419] setup_percpu: NR_CPUS:512 nr_cpumask_bits:512 nr_cpu_ids:2 nr_node_ids:1
Oct 27 12:24:12 debian kernel: [    0.170273] percpu: Embedded 45 pages/cpu s144408 r8192 d31720 u1048576
Oct 27 12:24:12 debian kernel: [    0.170276] pcpu-alloc: s144408 r8192 d31720 u1048576 alloc=1*2097152
Oct 27 12:24:12 debian kernel: [    0.170277] pcpu-alloc: [0] 0 1 
Oct 27 12:24:12 debian kernel: [    0.170295] PV qspinlock hash table entries: 256 (order: 0, 4096 bytes)
Oct 27 12:24:12 debian kernel: [    0.170300] Built 1 zonelists, mobility grouping on.  Total pages: 1032057
Oct 27 12:24:12 debian kernel: [    0.170301] Policy zone: Normal
Oct 27 12:24:12 debian kernel: [    0.170302] Kernel command line: BOOT_IMAGE=/boot/vmlinuz-4.19.0-9-amd64 root=UUID=cd2cb4ca-39bd-4522-919c-e4ceb81b5ae8 ro quiet
Oct 27 12:24:12 debian kernel: [    0.189587] Calgary: detecting Calgary via BIOS EBDA area
Oct 27 12:24:12 debian kernel: [    0.189590] Calgary: Unable to locate Rio Grande table in EBDA - bailing!
Oct 27 12:24:12 debian kernel: [    0.196955] Memory: 4011820K/4193848K available (10252K kernel code, 1241K rwdata, 3316K rodata, 1588K init, 2276K bss, 182028K reserved, 0K cma-reserved)
Oct 27 12:24:12 debian kernel: [    0.197921] SLUB: HWalign=64, Order=0-3, MinObjects=0, CPUs=2, Nodes=1
Oct 27 12:24:12 debian kernel: [    0.197926] ftrace: allocating 31879 entries in 125 pages
Oct 27 12:24:12 debian kernel: [    0.206828] rcu: Hierarchical RCU implementation.
Oct 27 12:24:12 debian kernel: [    0.206829] rcu: 	RCU restricting CPUs from NR_CPUS=512 to nr_cpu_ids=2.
Oct 27 12:24:12 debian kernel: [    0.206830] rcu: Adjusting geometry for rcu_fanout_leaf=16, nr_cpu_ids=2
Oct 27 12:24:12 debian kernel: [    0.208561] NR_IRQS: 33024, nr_irqs: 440, preallocated irqs: 16
Oct 27 12:24:12 debian kernel: [    0.214973] Console: colour VGA+ 80x25
Oct 27 12:24:12 debian kernel: [    0.214976] console [tty0] enabled
Oct 27 12:24:12 debian kernel: [    0.214986] ACPI: Core revision 20180810
Oct 27 12:24:12 debian kernel: [    0.215086] APIC: Switch to symmetric I/O mode setup
Oct 27 12:24:12 debian kernel: [    0.215258] x2apic enabled
Oct 27 12:24:12 debian kernel: [    0.215420] Switched APIC routing to physical x2apic.
Oct 27 12:24:12 debian kernel: [    0.216245] ..TIMER: vector=0x30 apic1=0 pin1=2 apic2=-1 pin2=-1
Oct 27 12:24:12 debian kernel: [    0.216261] clocksource: tsc-early: mask: 0xffffffffffffffff max_cycles: 0x33e452fbb2f, max_idle_ns: 440795236593 ns
Oct 27 12:24:12 debian kernel: [    0.216267] Calibrating delay loop (skipped) preset value.. 7200.00 BogoMIPS (lpj=14400000)
Oct 27 12:24:12 debian kernel: [    0.216269] pid_max: default: 32768 minimum: 301
Oct 27 12:24:12 debian kernel: [    0.216288] Security Framework initialized
Oct 27 12:24:12 debian kernel: [    0.216288] Yama: disabled by default; enable with sysctl kernel.yama.*
Oct 27 12:24:12 debian kernel: [    0.216298] AppArmor: AppArmor initialized
Oct 27 12:24:12 debian kernel: [    0.218155] Dentry cache hash table entries: 524288 (order: 10, 4194304 bytes)
Oct 27 12:24:12 debian kernel: [    0.219167] Inode-cache hash table entries: 262144 (order: 9, 2097152 bytes)
Oct 27 12:24:12 debian kernel: [    0.219175] Mount-cache hash table entries: 8192 (order: 4, 65536 bytes)
Oct 27 12:24:12 debian kernel: [    0.219179] Mountpoint-cache hash table entries: 8192 (order: 4, 65536 bytes)
Oct 27 12:24:12 debian kernel: [    0.219365] Last level iTLB entries: 4KB 1024, 2MB 1024, 4MB 512
Oct 27 12:24:12 debian kernel: [    0.219365] Last level dTLB entries: 4KB 2048, 2MB 2048, 4MB 1024, 1GB 0
Oct 27 12:24:12 debian kernel: [    0.219366] Spectre V1 : Mitigation: usercopy/swapgs barriers and __user pointer sanitization
Oct 27 12:24:12 debian kernel: [    0.219367] Spectre V2 : Spectre mitigation: LFENCE not serializing, switching to generic retpoline
Oct 27 12:24:12 debian kernel: [    0.219581] Spectre V2 : Mitigation: Full generic retpoline
Oct 27 12:24:12 debian kernel: [    0.219581] Spectre V2 : Spectre v2 / SpectreRSB mitigation: Filling RSB on context switch
Oct 27 12:24:12 debian kernel: [    0.219582] Speculative Store Bypass: Mitigation: Speculative Store Bypass disabled via prctl and seccomp
Oct 27 12:24:12 debian kernel: [    0.219706] Freeing SMP alternatives memory: 24K
Oct 27 12:24:12 debian kernel: [    0.329822] APIC calibration not consistent with PM-Timer: 101ms instead of 100ms
Oct 27 12:24:12 debian kernel: [    0.329823] APIC delta adjusted to PM-Timer: 6262880 (6349627)
Oct 27 12:24:12 debian kernel: [    0.329897] smpboot: CPU0: AMD Ryzen 5 3600 6-Core Processor (family: 0x17, model: 0x71, stepping: 0x0)
Oct 27 12:24:12 debian kernel: [    0.329977] Performance Events: PMU not available due to virtualization, using software events only.
Oct 27 12:24:12 debian kernel: [    0.330015] rcu: Hierarchical SRCU implementation.
Oct 27 12:24:12 debian kernel: [    0.330354] random: crng done (trusting CPU's manufacturer)
Oct 27 12:24:12 debian kernel: [    0.330364] NMI watchdog: Perf NMI watchdog permanently disabled
Oct 27 12:24:12 debian kernel: [    0.330406] smp: Bringing up secondary CPUs ...
Oct 27 12:24:12 debian kernel: [    0.331459] x86: Booting SMP configuration:
Oct 27 12:24:12 debian kernel: [    0.331459] .... node  #0, CPUs:      #1
Oct 27 12:24:12 debian kernel: [    0.011499] kvm-clock: cpu 1, msr 48de8041, secondary cpu clock
Oct 27 12:24:12 debian kernel: [    0.332262] smp: Brought up 1 node, 2 CPUs
Oct 27 12:24:12 debian kernel: [    0.332265] smpboot: Max logical packages: 1
Oct 27 12:24:12 debian kernel: [    0.332266] smpboot: Total of 2 processors activated (14400.00 BogoMIPS)
Oct 27 12:24:12 debian kernel: [    0.332432] devtmpfs: initialized
Oct 27 12:24:12 debian kernel: [    0.332432] x86/mm: Memory block size: 128MB
Oct 27 12:24:12 debian kernel: [    0.332524] clocksource: jiffies: mask: 0xffffffff max_cycles: 0xffffffff, max_idle_ns: 7645041785100000 ns
Oct 27 12:24:12 debian kernel: [    0.332524] futex hash table entries: 512 (order: 3, 32768 bytes)
Oct 27 12:24:12 debian kernel: [    0.332524] pinctrl core: initialized pinctrl subsystem
Oct 27 12:24:12 debian kernel: [    0.332524] NET: Registered protocol family 16
Oct 27 12:24:12 debian kernel: [    0.332524] audit: initializing netlink subsys (disabled)
Oct 27 12:24:12 debian kernel: [    0.332524] audit: type=2000 audit(1635348259.548:1): state=initialized audit_enabled=0 res=1
Oct 27 12:24:12 debian kernel: [    0.332524] cpuidle: using governor ladder
Oct 27 12:24:12 debian kernel: [    0.332524] cpuidle: using governor menu
Oct 27 12:24:12 debian kernel: [    0.332524] ACPI: bus type PCI registered
Oct 27 12:24:12 debian kernel: [    0.332524] acpiphp: ACPI Hot Plug PCI Controller Driver version: 0.5
Oct 27 12:24:12 debian kernel: [    0.332524] PCI: Using configuration type 1 for base access
Oct 27 12:24:12 debian kernel: [    0.332524] PCI: Using configuration type 1 for extended access
Oct 27 12:24:12 debian kernel: [    0.332624] HugeTLB registered 2.00 MiB page size, pre-allocated 0 pages
Oct 27 12:24:12 debian kernel: [    0.332624] ACPI: Added _OSI(Module Device)
Oct 27 12:24:12 debian kernel: [    0.332624] ACPI: Added _OSI(Processor Device)
Oct 27 12:24:12 debian kernel: [    0.332624] ACPI: Added _OSI(3.0 _SCP Extensions)
Oct 27 12:24:12 debian kernel: [    0.332624] ACPI: Added _OSI(Processor Aggregator Device)
Oct 27 12:24:12 debian kernel: [    0.332624] ACPI: Added _OSI(Linux-Dell-Video)
Oct 27 12:24:12 debian kernel: [    0.332624] ACPI: Added _OSI(Linux-Lenovo-NV-HDMI-Audio)
Oct 27 12:24:12 debian kernel: [    0.333081] ACPI: 2 ACPI AML tables successfully acquired and loaded
Oct 27 12:24:12 debian kernel: [    0.333831] ACPI: Interpreter enabled
Oct 27 12:24:12 debian kernel: [    0.333837] ACPI: (supports S0 S5)
Oct 27 12:24:12 debian kernel: [    0.333838] ACPI: Using IOAPIC for interrupt routing
Oct 27 12:24:12 debian kernel: [    0.333924] PCI: Using host bridge windows from ACPI; if necessary, use "pci=nocrs" and report a bug
Oct 27 12:24:12 debian kernel: [    0.333983] ACPI: Enabled 2 GPEs in block 00 to 07
Oct 27 12:24:12 debian kernel: [    0.337190] ACPI: PCI Root Bridge [PCI0] (domain 0000 [bus 00-ff])
Oct 27 12:24:12 debian kernel: [    0.337193] acpi PNP0A03:00: _OSC: OS supports [ExtendedConfig ASPM ClockPM Segments MSI]
Oct 27 12:24:12 debian kernel: [    0.337551] acpi PNP0A03:00: _OSC: platform does not support [PCIeCapability LTR]
Oct 27 12:24:12 debian kernel: [    0.337722] acpi PNP0A03:00: _OSC: not requesting control; platform does not support [PCIeCapability]
Oct 27 12:24:12 debian kernel: [    0.337723] acpi PNP0A03:00: _OSC: OS requested [PCIeHotplug SHPCHotplug PME AER PCIeCapability LTR]
Oct 27 12:24:12 debian kernel: [    0.337723] acpi PNP0A03:00: _OSC: platform willing to grant [PCIeHotplug SHPCHotplug PME AER]
Oct 27 12:24:12 debian kernel: [    0.337724] acpi PNP0A03:00: _OSC failed (AE_SUPPORT); disabling ASPM
Oct 27 12:24:12 debian kernel: [    0.337941] PCI host bridge to bus 0000:00
Oct 27 12:24:12 debian kernel: [    0.337943] pci_bus 0000:00: root bus resource [io  0x0000-0x0cf7 window]
Oct 27 12:24:12 debian kernel: [    0.337944] pci_bus 0000:00: root bus resource [io  0x0d00-0xffff window]
Oct 27 12:24:12 debian kernel: [    0.337944] pci_bus 0000:00: root bus resource [mem 0x000a0000-0x000bffff window]
Oct 27 12:24:12 debian kernel: [    0.337945] pci_bus 0000:00: root bus resource [mem 0xe0000000-0xfdffffff window]
Oct 27 12:24:12 debian kernel: [    0.337946] pci_bus 0000:00: root bus resource [bus 00-ff]
Oct 27 12:24:12 debian kernel: [    0.337975] pci 0000:00:00.0: [8086:1237] type 00 class 0x060000
Oct 27 12:24:12 debian kernel: [    0.338615] pci 0000:00:01.0: [8086:7000] type 00 class 0x060100
Oct 27 12:24:12 debian kernel: [    0.339167] pci 0000:00:01.1: [8086:7111] type 00 class 0x01018a
Oct 27 12:24:12 debian kernel: [    0.339433] pci 0000:00:01.1: reg 0x20: [io  0xd000-0xd00f]
Oct 27 12:24:12 debian kernel: [    0.339532] pci 0000:00:01.1: legacy IDE quirk: reg 0x10: [io  0x01f0-0x01f7]
Oct 27 12:24:12 debian kernel: [    0.339533] pci 0000:00:01.1: legacy IDE quirk: reg 0x14: [io  0x03f6]
Oct 27 12:24:12 debian kernel: [    0.339534] pci 0000:00:01.1: legacy IDE quirk: reg 0x18: [io  0x0170-0x0177]
Oct 27 12:24:12 debian kernel: [    0.339534] pci 0000:00:01.1: legacy IDE quirk: reg 0x1c: [io  0x0376]
Oct 27 12:24:12 debian kernel: [    0.339705] pci 0000:00:02.0: [15ad:0405] type 00 class 0x030000
Oct 27 12:24:12 debian kernel: [    0.340445] pci 0000:00:02.0: reg 0x10: [io  0xd010-0xd01f]
Oct 27 12:24:12 debian kernel: [    0.342003] pci 0000:00:02.0: reg 0x14: [mem 0xe0000000-0xe0ffffff pref]
Oct 27 12:24:12 debian kernel: [    0.344283] pci 0000:00:02.0: reg 0x18: [mem 0xf0000000-0xf01fffff]
Oct 27 12:24:12 debian kernel: [    0.349814] pci 0000:00:03.0: [8086:100e] type 00 class 0x020000
Oct 27 12:24:12 debian kernel: [    0.350914] pci 0000:00:03.0: reg 0x10: [mem 0xf0200000-0xf021ffff]
Oct 27 12:24:12 debian kernel: [    0.352355] pci 0000:00:03.0: reg 0x18: [io  0xd020-0xd027]
Oct 27 12:24:12 debian kernel: [    0.356724] pci 0000:00:04.0: [80ee:cafe] type 00 class 0x088000
Oct 27 12:24:12 debian kernel: [    0.357716] pci 0000:00:04.0: reg 0x10: [io  0xd040-0xd05f]
Oct 27 12:24:12 debian kernel: [    0.358844] pci 0000:00:04.0: reg 0x14: [mem 0xf0400000-0xf07fffff]
Oct 27 12:24:12 debian kernel: [    0.360079] pci 0000:00:04.0: reg 0x18: [mem 0xf0800000-0xf0803fff pref]
Oct 27 12:24:12 debian kernel: [    0.364495] pci 0000:00:05.0: [8086:2415] type 00 class 0x040100
Oct 27 12:24:12 debian kernel: [    0.364585] pci 0000:00:05.0: reg 0x10: [io  0xd100-0xd1ff]
Oct 27 12:24:12 debian kernel: [    0.364630] pci 0000:00:05.0: reg 0x14: [io  0xd200-0xd23f]
Oct 27 12:24:12 debian kernel: [    0.365023] pci 0000:00:06.0: [106b:003f] type 00 class 0x0c0310
Oct 27 12:24:12 debian kernel: [    0.366217] pci 0000:00:06.0: reg 0x10: [mem 0xf0804000-0xf0804fff]
Oct 27 12:24:12 debian kernel: [    0.371483] pci 0000:00:07.0: [8086:7113] type 00 class 0x068000
Oct 27 12:24:12 debian kernel: [    0.371845] pci 0000:00:07.0: quirk: [io  0x4000-0x403f] claimed by PIIX4 ACPI
Oct 27 12:24:12 debian kernel: [    0.371852] pci 0000:00:07.0: quirk: [io  0x4100-0x410f] claimed by PIIX4 SMB
Oct 27 12:24:12 debian kernel: [    0.372061] pci 0000:00:08.0: [8086:100e] type 00 class 0x020000
Oct 27 12:24:12 debian kernel: [    0.372317] pci 0000:00:08.0: reg 0x10: [mem 0xf0820000-0xf083ffff]
Oct 27 12:24:12 debian kernel: [    0.374186] pci 0000:00:08.0: reg 0x18: [io  0xd240-0xd247]
Oct 27 12:24:12 debian kernel: [    0.378466] pci 0000:00:0d.0: [8086:2829] type 00 class 0x010601
Oct 27 12:24:12 debian kernel: [    0.379667] pci 0000:00:0d.0: reg 0x10: [io  0xd248-0xd24f]
Oct 27 12:24:12 debian kernel: [    0.380320] pci 0000:00:0d.0: reg 0x14: [io  0xd250-0xd253]
Oct 27 12:24:12 debian kernel: [    0.381299] pci 0000:00:0d.0: reg 0x18: [io  0xd258-0xd25f]
Oct 27 12:24:12 debian kernel: [    0.382159] pci 0000:00:0d.0: reg 0x1c: [io  0xd260-0xd263]
Oct 27 12:24:12 debian kernel: [    0.383177] pci 0000:00:0d.0: reg 0x20: [io  0xd270-0xd27f]
Oct 27 12:24:12 debian kernel: [    0.384291] pci 0000:00:0d.0: reg 0x24: [mem 0xf0840000-0xf0841fff]
Oct 27 12:24:12 debian kernel: [    0.386797] ACPI: PCI Interrupt Link [LNKA] (IRQs 5 9 10 *11)
Oct 27 12:24:12 debian kernel: [    0.386925] ACPI: PCI Interrupt Link [LNKB] (IRQs 5 9 *10 11)
Oct 27 12:24:12 debian kernel: [    0.386979] ACPI: PCI Interrupt Link [LNKC] (IRQs 5 *9 10 11)
Oct 27 12:24:12 debian kernel: [    0.387031] ACPI: PCI Interrupt Link [LNKD] (IRQs 5 9 10 *11)
Oct 27 12:24:12 debian kernel: [    0.387210] pci 0000:00:02.0: vgaarb: setting as boot VGA device
Oct 27 12:24:12 debian kernel: [    0.387210] pci 0000:00:02.0: vgaarb: VGA device added: decodes=io+mem,owns=io+mem,locks=none
Oct 27 12:24:12 debian kernel: [    0.387210] pci 0000:00:02.0: vgaarb: bridge control possible
Oct 27 12:24:12 debian kernel: [    0.387210] vgaarb: loaded
Oct 27 12:24:12 debian kernel: [    0.387210] pps_core: LinuxPPS API ver. 1 registered
Oct 27 12:24:12 debian kernel: [    0.387210] pps_core: Software ver. 5.3.6 - Copyright 2005-2007 Rodolfo Giometti <giometti@linux.it>
Oct 27 12:24:12 debian kernel: [    0.387210] PTP clock support registered
Oct 27 12:24:12 debian kernel: [    0.387210] EDAC MC: Ver: 3.0.0
Oct 27 12:24:12 debian kernel: [    0.387210] PCI: Using ACPI for IRQ routing
Oct 27 12:24:12 debian kernel: [    0.387210] PCI: pci_cache_line_size set to 64 bytes
Oct 27 12:24:12 debian kernel: [    0.387210] e820: reserve RAM buffer [mem 0x0009fc00-0x0009ffff]
Oct 27 12:24:12 debian kernel: [    0.387210] e820: reserve RAM buffer [mem 0xdfff0000-0xdfffffff]
Oct 27 12:24:12 debian kernel: [    0.388323] clocksource: Switched to clocksource kvm-clock
Oct 27 12:24:12 debian kernel: [    0.397357] VFS: Disk quotas dquot_6.6.0
Oct 27 12:24:12 debian kernel: [    0.397368] VFS: Dquot-cache hash table entries: 512 (order 0, 4096 bytes)
Oct 27 12:24:12 debian kernel: [    0.397440] AppArmor: AppArmor Filesystem Enabled
Oct 27 12:24:12 debian kernel: [    0.397460] pnp: PnP ACPI init
Oct 27 12:24:12 debian kernel: [    0.397498] pnp 00:00: Plug and Play ACPI device, IDs PNP0303 (active)
Oct 27 12:24:12 debian kernel: [    0.397532] pnp 00:01: Plug and Play ACPI device, IDs PNP0f03 (active)
Oct 27 12:24:12 debian kernel: [    0.397925] pnp: PnP ACPI: found 2 devices
Oct 27 12:24:12 debian kernel: [    0.406474] clocksource: acpi_pm: mask: 0xffffff max_cycles: 0xffffff, max_idle_ns: 2085701024 ns
Oct 27 12:24:12 debian kernel: [    0.406481] pci_bus 0000:00: resource 4 [io  0x0000-0x0cf7 window]
Oct 27 12:24:12 debian kernel: [    0.406482] pci_bus 0000:00: resource 5 [io  0x0d00-0xffff window]
Oct 27 12:24:12 debian kernel: [    0.406483] pci_bus 0000:00: resource 6 [mem 0x000a0000-0x000bffff window]
Oct 27 12:24:12 debian kernel: [    0.406484] pci_bus 0000:00: resource 7 [mem 0xe0000000-0xfdffffff window]
Oct 27 12:24:12 debian kernel: [    0.406528] NET: Registered protocol family 2
Oct 27 12:24:12 debian kernel: [    0.406622] tcp_listen_portaddr_hash hash table entries: 2048 (order: 3, 32768 bytes)
Oct 27 12:24:12 debian kernel: [    0.406631] TCP established hash table entries: 32768 (order: 6, 262144 bytes)
Oct 27 12:24:12 debian kernel: [    0.406669] TCP bind hash table entries: 32768 (order: 7, 524288 bytes)
Oct 27 12:24:12 debian kernel: [    0.406716] TCP: Hash tables configured (established 32768 bind 32768)
Oct 27 12:24:12 debian kernel: [    0.406743] UDP hash table entries: 2048 (order: 4, 65536 bytes)
Oct 27 12:24:12 debian kernel: [    0.406751] UDP-Lite hash table entries: 2048 (order: 4, 65536 bytes)
Oct 27 12:24:12 debian kernel: [    0.406779] NET: Registered protocol family 1
Oct 27 12:24:12 debian kernel: [    0.406782] NET: Registered protocol family 44
Oct 27 12:24:12 debian kernel: [    0.406797] pci 0000:00:00.0: Limiting direct PCI/PCI transfers
Oct 27 12:24:12 debian kernel: [    0.406805] pci 0000:00:01.0: Activating ISA DMA hang workarounds
Oct 27 12:24:12 debian kernel: [    0.406840] pci 0000:00:02.0: Video device with shadowed ROM at [mem 0x000c0000-0x000dffff]
Oct 27 12:24:12 debian kernel: [    0.407592] PCI: CLS 0 bytes, default 64
Oct 27 12:24:12 debian kernel: [    0.407617] Unpacking initramfs...
Oct 27 12:24:12 debian kernel: [    0.704730] Freeing initrd memory: 25288K
Oct 27 12:24:12 debian kernel: [    0.704814] PCI-DMA: Using software bounce buffering for IO (SWIOTLB)
Oct 27 12:24:12 debian kernel: [    0.704815] software IO TLB: mapped [mem 0xdbff0000-0xdfff0000] (64MB)
Oct 27 12:24:12 debian kernel: [    0.704849] clocksource: tsc: mask: 0xffffffffffffffff max_cycles: 0x33e452fbb2f, max_idle_ns: 440795236593 ns
Oct 27 12:24:12 debian kernel: [    0.704885] platform rtc_cmos: registered platform RTC device (no PNP device found)
Oct 27 12:24:12 debian kernel: [    0.705295] Initialise system trusted keyrings
Oct 27 12:24:12 debian kernel: [    0.705305] Key type blacklist registered
Oct 27 12:24:12 debian kernel: [    0.705372] workingset: timestamp_bits=40 max_order=20 bucket_order=0
Oct 27 12:24:12 debian kernel: [    0.706078] zbud: loaded
Oct 27 12:24:12 debian kernel: [    0.782218] Key type asymmetric registered
Oct 27 12:24:12 debian kernel: [    0.782219] Asymmetric key parser 'x509' registered
Oct 27 12:24:12 debian kernel: [    0.782244] Block layer SCSI generic (bsg) driver version 0.4 loaded (major 247)
Oct 27 12:24:12 debian kernel: [    0.782293] io scheduler noop registered
Oct 27 12:24:12 debian kernel: [    0.782293] io scheduler deadline registered
Oct 27 12:24:12 debian kernel: [    0.782330] io scheduler cfq registered (default)
Oct 27 12:24:12 debian kernel: [    0.782331] io scheduler mq-deadline registered
Oct 27 12:24:12 debian kernel: [    0.782445] shpchp: Standard Hot Plug PCI Controller Driver version: 0.4
Oct 27 12:24:12 debian kernel: [    0.782584] Serial: 8250/16550 driver, 4 ports, IRQ sharing enabled
Oct 27 12:24:12 debian kernel: [    0.782910] Linux agpgart interface v0.103
Oct 27 12:24:12 debian kernel: [    0.782959] AMD IOMMUv2 driver by Joerg Roedel <jroedel@suse.de>
Oct 27 12:24:12 debian kernel: [    0.782959] AMD IOMMUv2 functionality not available on this system
Oct 27 12:24:12 debian kernel: [    0.783112] i8042: PNP: PS/2 Controller [PNP0303:PS2K,PNP0f03:PS2M] at 0x60,0x64 irq 1,12
Oct 27 12:24:12 debian kernel: [    0.783509] serio: i8042 KBD port at 0x60,0x64 irq 1
Oct 27 12:24:12 debian kernel: [    0.783528] serio: i8042 AUX port at 0x60,0x64 irq 12
Oct 27 12:24:12 debian kernel: [    0.783615] mousedev: PS/2 mouse device common for all mice
Oct 27 12:24:12 debian kernel: [    0.783969] input: AT Translated Set 2 keyboard as /devices/platform/i8042/serio0/input/input0
Oct 27 12:24:12 debian kernel: [    0.784087] rtc_cmos rtc_cmos: registered as rtc0
Oct 27 12:24:12 debian kernel: [    0.784095] rtc_cmos rtc_cmos: alarms up to one day, 114 bytes nvram
Oct 27 12:24:12 debian kernel: [    0.784133] ledtrig-cpu: registered to indicate activity on CPUs
Oct 27 12:24:12 debian kernel: [    0.784354] NET: Registered protocol family 10
Oct 27 12:24:12 debian kernel: [    0.788510] Segment Routing with IPv6
Oct 27 12:24:12 debian kernel: [    0.788523] mip6: Mobile IPv6
Oct 27 12:24:12 debian kernel: [    0.788524] NET: Registered protocol family 17
Oct 27 12:24:12 debian kernel: [    0.788549] mpls_gso: MPLS GSO support
Oct 27 12:24:12 debian kernel: [    0.788640] mce: Using 0 MCE banks
Oct 27 12:24:12 debian kernel: [    0.788655] sched_clock: Marking stable (781127130, 7499937)->(792776438, -4149371)
Oct 27 12:24:12 debian kernel: [    0.788955] registered taskstats version 1
Oct 27 12:24:12 debian kernel: [    0.788956] Loading compiled-in X.509 certificates
Oct 27 12:24:12 debian kernel: [    0.806491] Loaded X.509 cert 'Debian Secure Boot CA: 6ccece7e4c6c0d1f6149f3dd27dfcc5cbb419ea1'
Oct 27 12:24:12 debian kernel: [    0.806503] Loaded X.509 cert 'Debian Secure Boot Signer: 00a7468def'
Oct 27 12:24:12 debian kernel: [    0.806515] zswap: loaded using pool lzo/zbud
Oct 27 12:24:12 debian kernel: [    0.806634] AppArmor: AppArmor sha1 policy hashing enabled
Oct 27 12:24:12 debian kernel: [    0.806885] rtc_cmos rtc_cmos: setting system clock to 2021-10-27 15:24:10 UTC (1635348250)
Oct 27 12:24:12 debian kernel: [    0.808000] Freeing unused kernel image memory: 1588K
Oct 27 12:24:12 debian kernel: [    0.820756] Write protecting the kernel read-only data: 16384k
Oct 27 12:24:12 debian kernel: [    0.821219] Freeing unused kernel image memory: 2028K
Oct 27 12:24:12 debian kernel: [    0.821347] Freeing unused kernel image memory: 780K
Oct 27 12:24:12 debian kernel: [    0.826366] x86/mm: Checked W+X mappings: passed, no W+X pages found.
Oct 27 12:24:12 debian kernel: [    0.826367] Run /init as init process
Oct 27 12:24:12 debian kernel: [    0.862204] e1000: Intel(R) PRO/1000 Network Driver - version 7.3.21-k8-NAPI
Oct 27 12:24:12 debian kernel: [    0.862205] e1000: Copyright (c) 1999-2006 Intel Corporation.
Oct 27 12:24:12 debian kernel: [    0.863800] SCSI subsystem initialized
Oct 27 12:24:12 debian kernel: [    0.871661] piix4_smbus 0000:00:07.0: SMBus Host Controller at 0x4100, revision 0
Oct 27 12:24:12 debian kernel: [    0.875556] libata version 3.00 loaded.
Oct 27 12:24:12 debian kernel: [    0.876466] ata_piix 0000:00:01.1: version 2.13
Oct 27 12:24:12 debian kernel: [    0.876730] scsi host0: ata_piix
Oct 27 12:24:12 debian kernel: [    0.876787] scsi host1: ata_piix
Oct 27 12:24:12 debian kernel: [    0.876809] ata1: PATA max UDMA/33 cmd 0x1f0 ctl 0x3f6 bmdma 0xd000 irq 14
Oct 27 12:24:12 debian kernel: [    0.876809] ata2: PATA max UDMA/33 cmd 0x170 ctl 0x376 bmdma 0xd008 irq 15
Oct 27 12:24:12 debian kernel: [    0.878766] ahci 0000:00:0d.0: version 3.0
Oct 27 12:24:12 debian kernel: [    0.879097] ahci 0000:00:0d.0: SSS flag set, parallel bus scan disabled
Oct 27 12:24:12 debian kernel: [    0.879227] ahci 0000:00:0d.0: AHCI 0001.0100 32 slots 2 ports 3 Gbps 0x3 impl SATA mode
Oct 27 12:24:12 debian kernel: [    0.879228] ahci 0000:00:0d.0: flags: 64bit ncq stag only ccc 
Oct 27 12:24:12 debian kernel: [    0.879472] scsi host2: ahci
Oct 27 12:24:12 debian kernel: [    0.879550] scsi host3: ahci
Oct 27 12:24:12 debian kernel: [    0.879592] ata3: SATA max UDMA/133 abar m8192@0xf0840000 port 0xf0840100 irq 21
Oct 27 12:24:12 debian kernel: [    0.879595] ata4: SATA max UDMA/133 abar m8192@0xf0840000 port 0xf0840180 irq 21
Oct 27 12:24:12 debian kernel: [    0.880868] ACPI: bus type USB registered
Oct 27 12:24:12 debian kernel: [    0.880880] usbcore: registered new interface driver usbfs
Oct 27 12:24:12 debian kernel: [    0.880886] usbcore: registered new interface driver hub
Oct 27 12:24:12 debian kernel: [    0.880897] usbcore: registered new device driver usb
Oct 27 12:24:12 debian kernel: [    0.883095] cryptd: max_cpu_qlen set to 1000
Oct 27 12:24:12 debian kernel: [    0.883866] ehci_hcd: USB 2.0 'Enhanced' Host Controller (EHCI) Driver
Oct 27 12:24:12 debian kernel: [    0.886309] ohci_hcd: USB 1.1 'Open' Host Controller (OHCI) Driver
Oct 27 12:24:12 debian kernel: [    0.886942] ehci-pci: EHCI PCI platform driver
Oct 27 12:24:12 debian kernel: [    0.889974] ohci-pci: OHCI PCI platform driver
Oct 27 12:24:12 debian kernel: [    0.890277] ohci-pci 0000:00:06.0: OHCI PCI host controller
Oct 27 12:24:12 debian kernel: [    0.890281] ohci-pci 0000:00:06.0: new USB bus registered, assigned bus number 1
Oct 27 12:24:12 debian kernel: [    0.890325] ohci-pci 0000:00:06.0: irq 22, io mem 0xf0804000
Oct 27 12:24:12 debian kernel: [    0.899754] AVX2 version of gcm_enc/dec engaged.
Oct 27 12:24:12 debian kernel: [    0.899754] AES CTR mode by8 optimization enabled
Oct 27 12:24:12 debian kernel: [    0.949155] usb usb1: New USB device found, idVendor=1d6b, idProduct=0001, bcdDevice= 4.19
Oct 27 12:24:12 debian kernel: [    0.949156] usb usb1: New USB device strings: Mfr=3, Product=2, SerialNumber=1
Oct 27 12:24:12 debian kernel: [    0.949157] usb usb1: Product: OHCI PCI host controller
Oct 27 12:24:12 debian kernel: [    0.949158] usb usb1: Manufacturer: Linux 4.19.0-9-amd64 ohci_hcd
Oct 27 12:24:12 debian kernel: [    0.949158] usb usb1: SerialNumber: 0000:00:06.0
Oct 27 12:24:12 debian kernel: [    0.949231] hub 1-0:1.0: USB hub found
Oct 27 12:24:12 debian kernel: [    0.949241] hub 1-0:1.0: 12 ports detected
Oct 27 12:24:12 debian kernel: [    1.093810] input: ImExPS/2 Generic Explorer Mouse as /devices/platform/i8042/serio1/input/input2
Oct 27 12:24:12 debian kernel: [    1.197745] ata3: SATA link up 3.0 Gbps (SStatus 123 SControl 300)
Oct 27 12:24:12 debian kernel: [    1.197830] ata3.00: ATA-6: VBOX HARDDISK, 1.0, max UDMA/133
Oct 27 12:24:12 debian kernel: [    1.197831] ata3.00: 20971520 sectors, multi 128: LBA48 NCQ (depth 32)
Oct 27 12:24:12 debian kernel: [    1.197931] ata3.00: configured for UDMA/133
Oct 27 12:24:12 debian kernel: [    1.198079] scsi 2:0:0:0: Direct-Access     ATA      VBOX HARDDISK    1.0  PQ: 0 ANSI: 5
Oct 27 12:24:12 debian kernel: [    1.219395] e1000 0000:00:03.0 eth0: (PCI:33MHz:32-bit) 08:00:27:ec:98:dc
Oct 27 12:24:12 debian kernel: [    1.219398] e1000 0000:00:03.0 eth0: Intel(R) PRO/1000 Network Connection
Oct 27 12:24:12 debian kernel: [    1.448696] usb 1-1: new full-speed USB device number 2 using ohci-pci
Oct 27 12:24:12 debian kernel: [    1.550794] ata4: SATA link up 3.0 Gbps (SStatus 123 SControl 300)
Oct 27 12:24:12 debian kernel: [    1.550860] ata4.00: ATA-6: VBOX HARDDISK, 1.0, max UDMA/133
Oct 27 12:24:12 debian kernel: [    1.550861] ata4.00: 16777216 sectors, multi 128: LBA48 NCQ (depth 32)
Oct 27 12:24:12 debian kernel: [    1.550923] ata4.00: configured for UDMA/133
Oct 27 12:24:12 debian kernel: [    1.551058] scsi 3:0:0:0: Direct-Access     ATA      VBOX HARDDISK    1.0  PQ: 0 ANSI: 5
Oct 27 12:24:12 debian kernel: [    1.561506] sd 2:0:0:0: [sda] 20971520 512-byte logical blocks: (10.7 GB/10.0 GiB)
Oct 27 12:24:12 debian kernel: [    1.561510] sd 2:0:0:0: [sda] Write Protect is off
Oct 27 12:24:12 debian kernel: [    1.561511] sd 2:0:0:0: [sda] Mode Sense: 00 3a 00 00
Oct 27 12:24:12 debian kernel: [    1.561519] sd 2:0:0:0: [sda] Write cache: enabled, read cache: enabled, doesn't support DPO or FUA
Oct 27 12:24:12 debian kernel: [    1.561525] sd 3:0:0:0: [sdb] 16777216 512-byte logical blocks: (8.59 GB/8.00 GiB)
Oct 27 12:24:12 debian kernel: [    1.561529] sd 3:0:0:0: [sdb] Write Protect is off
Oct 27 12:24:12 debian kernel: [    1.561529] sd 3:0:0:0: [sdb] Mode Sense: 00 3a 00 00
Oct 27 12:24:12 debian kernel: [    1.561533] sd 3:0:0:0: [sdb] Write cache: enabled, read cache: enabled, doesn't support DPO or FUA
Oct 27 12:24:12 debian kernel: [    1.563843] e1000 0000:00:08.0 eth1: (PCI:33MHz:32-bit) 08:00:27:7f:d9:ec
Oct 27 12:24:12 debian kernel: [    1.563845] e1000 0000:00:08.0 eth1: Intel(R) PRO/1000 Network Connection
Oct 27 12:24:12 debian kernel: [    1.564255]  sdb: sdb1
Oct 27 12:24:12 debian kernel: [    1.564414] sd 3:0:0:0: [sdb] Attached SCSI disk
Oct 27 12:24:12 debian kernel: [    1.564562] e1000 0000:00:08.0 enp0s8: renamed from eth1
Oct 27 12:24:12 debian kernel: [    1.564572]  sda: sda1 sda2 < sda5 >
Oct 27 12:24:12 debian kernel: [    1.564962] sd 2:0:0:0: [sda] Attached SCSI disk
Oct 27 12:24:12 debian kernel: [    1.577930] e1000 0000:00:03.0 enp0s3: renamed from eth0
Oct 27 12:24:12 debian kernel: [    1.637657] PM: Image not found (code -22)
Oct 27 12:24:12 debian kernel: [    1.770328] usb 1-1: New USB device found, idVendor=80ee, idProduct=0021, bcdDevice= 1.00
Oct 27 12:24:12 debian kernel: [    1.770330] usb 1-1: New USB device strings: Mfr=1, Product=3, SerialNumber=0
Oct 27 12:24:12 debian kernel: [    1.770331] usb 1-1: Product: USB Tablet
Oct 27 12:24:12 debian kernel: [    1.770331] usb 1-1: Manufacturer: VirtualBox
Oct 27 12:24:12 debian kernel: [    1.779511] hidraw: raw HID events driver (C) Jiri Kosina
Oct 27 12:24:12 debian kernel: [    1.793846] usbcore: registered new interface driver usbhid
Oct 27 12:24:12 debian kernel: [    1.793848] usbhid: USB HID core driver
Oct 27 12:24:12 debian kernel: [    1.795633] input: VirtualBox USB Tablet as /devices/pci0000:00/0000:00:06.0/usb1/1-1/1-1:1.0/0003:80EE:0021.0001/input/input3
Oct 27 12:24:12 debian kernel: [    1.799289] hid-generic 0003:80EE:0021.0001: input,hidraw0: USB HID v1.10 Mouse [VirtualBox USB Tablet] on usb-0000:00:06.0-1/input0
Oct 27 12:24:12 debian kernel: [    1.802055] EXT4-fs (sda1): mounted filesystem with ordered data mode. Opts: (null)
Oct 27 12:24:12 debian kernel: [    2.084261] EXT4-fs (sda1): re-mounted. Opts: errors=remount-ro
Oct 27 12:24:12 debian kernel: [    2.188500] ACPI: AC Adapter [AC] (on-line)
Oct 27 12:24:12 debian kernel: [    2.189362] input: Power Button as /devices/LNXSYSTM:00/LNXPWRBN:00/input/input4
Oct 27 12:24:12 debian kernel: [    2.190878] ACPI: Video Device [GFX0] (multi-head: yes  rom: no  post: no)
Oct 27 12:24:12 debian kernel: [    2.190941] input: Video Bus as /devices/LNXSYSTM:00/LNXSYBUS:00/PNP0A03:00/LNXVIDEO:00/input/input5
Oct 27 12:24:12 debian kernel: [    2.191088] ACPI: Power Button [PWRF]
Oct 27 12:24:12 debian kernel: [    2.191140] input: Sleep Button as /devices/LNXSYSTM:00/LNXSLPBN:00/input/input6
Oct 27 12:24:12 debian kernel: [    2.191144] ACPI: Sleep Button [SLPF]
Oct 27 12:24:12 debian kernel: [    2.195456] input: PC Speaker as /devices/platform/pcspkr/input/input7
Oct 27 12:24:12 debian kernel: [    2.196011] vboxguest: host-version: 6.1.26r145957 0x8000000f
Oct 27 12:24:12 debian kernel: [    2.196629] vbg_heartbeat_init: Setting up heartbeat to trigger every 2000 milliseconds
Oct 27 12:24:12 debian kernel: [    2.197999] input: VirtualBox mouse integration as /devices/pci0000:00/0000:00:04.0/input/input8
Oct 27 12:24:12 debian kernel: [    2.198574] vboxguest: misc device minor 58, IRQ 20, I/O port d040, MMIO at 0x00000000f0400000 (size 0x0000000000400000)
Oct 27 12:24:12 debian kernel: [    2.218135] sd 2:0:0:0: Attached scsi generic sg0 type 0
Oct 27 12:24:12 debian kernel: [    2.218198] sd 3:0:0:0: Attached scsi generic sg1 type 0
Oct 27 12:24:12 debian kernel: [    2.288744] Decoding supported only on Scalable MCA processors.
Oct 27 12:24:12 debian kernel: [    2.303089] [drm] DMA map mode: Using physical TTM page addresses.
Oct 27 12:24:12 debian kernel: [    2.303117] [drm] Capabilities:
Oct 27 12:24:12 debian kernel: [    2.303118] [drm]   Cursor.
Oct 27 12:24:12 debian kernel: [    2.303118] [drm]   Cursor bypass 2.
Oct 27 12:24:12 debian kernel: [    2.303118] [drm]   Alpha cursor.
Oct 27 12:24:12 debian kernel: [    2.303118] [drm]   3D.
Oct 27 12:24:12 debian kernel: [    2.303119] [drm]   Extended Fifo.
Oct 27 12:24:12 debian kernel: [    2.303119] [drm]   Pitchlock.
Oct 27 12:24:12 debian kernel: [    2.303119] [drm]   Irq mask.
Oct 27 12:24:12 debian kernel: [    2.303119] [drm]   GMR.
Oct 27 12:24:12 debian kernel: [    2.303119] [drm]   Traces.
Oct 27 12:24:12 debian kernel: [    2.303120] [drm]   GMR2.
Oct 27 12:24:12 debian kernel: [    2.303120] [drm]   Screen Object 2.
Oct 27 12:24:12 debian kernel: [    2.303120] [drm] Max GMR ids is 8192
Oct 27 12:24:12 debian kernel: [    2.303121] [drm] Max number of GMR pages is 1048576
Oct 27 12:24:12 debian kernel: [    2.303121] [drm] Max dedicated hypervisor surface memory is 507904 kiB
Oct 27 12:24:12 debian kernel: [    2.303121] [drm] Maximum display memory size is 16384 kiB
Oct 27 12:24:12 debian kernel: [    2.303122] [drm] VRAM at 0xe0000000 size is 16384 kiB
Oct 27 12:24:12 debian kernel: [    2.303128] [drm] MMIO at 0xf0000000 size is 2048 kiB
Oct 27 12:24:12 debian kernel: [    2.303169] [drm] global init.
Oct 27 12:24:12 debian kernel: [    2.309947] [TTM] Zone  kernel: Available graphics memory: 2020764 kiB
Oct 27 12:24:12 debian kernel: [    2.309948] [TTM] Initializing pool allocator
Oct 27 12:24:12 debian kernel: [    2.309951] [TTM] Initializing DMA pool allocator
Oct 27 12:24:12 debian kernel: [    2.313133] Decoding supported only on Scalable MCA processors.
Oct 27 12:24:12 debian kernel: [    2.319521] [drm] Supports vblank timestamp caching Rev 2 (21.10.2013).
Oct 27 12:24:12 debian kernel: [    2.319522] [drm] No driver support for vblank timestamp query.
Oct 27 12:24:12 debian kernel: [    2.319750] [drm] Screen Objects Display Unit initialized
Oct 27 12:24:12 debian kernel: [    2.319789] [drm] width 720
Oct 27 12:24:12 debian kernel: [    2.319795] [drm] height 400
Oct 27 12:24:12 debian kernel: [    2.319802] [drm] bpp 32
Oct 27 12:24:12 debian kernel: [    2.319965] [drm] Fifo max 0x00200000 min 0x00001000 cap 0x00000355
Oct 27 12:24:12 debian kernel: [    2.319974] [drm] DX: no.
Oct 27 12:24:12 debian kernel: [    2.319974] [drm] Atomic: yes.
Oct 27 12:24:12 debian kernel: [    2.319974] [drm] SM4_1: no.
Oct 27 12:24:12 debian kernel: [    2.319987] [drm:vmw_host_log [vmwgfx]] *ERROR* Failed to send host log message.
Oct 27 12:24:12 debian kernel: [    2.321033] [drm:vmw_host_log [vmwgfx]] *ERROR* Failed to send host log message.
Oct 27 12:24:12 debian kernel: [    2.323921] fbcon: svgadrmfb (fb0) is primary device
Oct 27 12:24:12 debian kernel: [    2.326209] Console: switching to colour frame buffer device 100x37
Oct 27 12:24:12 debian kernel: [    2.326885] [drm] Initialized vmwgfx 2.15.0 20180704 for 0000:00:02.0 on minor 0
Oct 27 12:24:12 debian kernel: [    2.337261] EXT4-fs (sdb1): recovery complete
Oct 27 12:24:12 debian kernel: [    2.337272] EXT4-fs (sdb1): mounted filesystem with ordered data mode. Opts: (null)
Oct 27 12:24:12 debian kernel: [    2.369685] Adding 2095100k swap on /dev/sda5.  Priority:-2 extents:1 across:2095100k FS
Oct 27 12:24:12 debian kernel: [    2.394257] audit: type=1400 audit(1635348252.084:2): apparmor="STATUS" operation="profile_load" profile="unconfined" name="nvidia_modprobe" pid=371 comm="apparmor_parser"
Oct 27 12:24:12 debian kernel: [    2.394259] audit: type=1400 audit(1635348252.084:3): apparmor="STATUS" operation="profile_load" profile="unconfined" name="nvidia_modprobe//kmod" pid=371 comm="apparmor_parser"
Oct 27 12:24:12 debian kernel: [    2.394944] audit: type=1400 audit(1635348252.084:4): apparmor="STATUS" operation="profile_load" profile="unconfined" name="/usr/bin/man" pid=372 comm="apparmor_parser"
Oct 27 12:24:12 debian kernel: [    2.394946] audit: type=1400 audit(1635348252.084:5): apparmor="STATUS" operation="profile_load" profile="unconfined" name="man_filter" pid=372 comm="apparmor_parser"
Oct 27 12:24:12 debian kernel: [    2.394947] audit: type=1400 audit(1635348252.084:6): apparmor="STATUS" operation="profile_load" profile="unconfined" name="man_groff" pid=372 comm="apparmor_parser"
Oct 27 12:24:12 debian kernel: [    2.442600] IPv6: ADDRCONF(NETDEV_UP): enp0s3: link is not ready
Oct 27 12:24:12 debian kernel: [    2.541946] snd_intel8x0 0000:00:05.0: white list rate for 1028:0177 is 48000
Oct 27 12:24:14 debian kernel: [    4.468970] e1000: enp0s3 NIC Link is Up 1000 Mbps Full Duplex, Flow Control: RX
Oct 27 12:24:14 debian kernel: [    4.469247] IPv6: ADDRCONF(NETDEV_CHANGE): enp0s3: link becomes ready
Oct 27 12:27:22 debian kernel: [    0.000000] Linux version 4.19.0-9-amd64 (debian-kernel@lists.debian.org) (gcc version 8.3.0 (Debian 8.3.0-6)) #1 SMP Debian 4.19.118-2 (2020-04-29)
Oct 27 12:27:22 debian kernel: [    0.000000] Command line: BOOT_IMAGE=/boot/vmlinuz-4.19.0-9-amd64 root=UUID=cd2cb4ca-39bd-4522-919c-e4ceb81b5ae8 ro quiet
Oct 27 12:27:22 debian kernel: [    0.000000] [Firmware Bug]: TSC doesn't count with P0 frequency!
Oct 27 12:27:22 debian kernel: [    0.000000] x86/fpu: Supporting XSAVE feature 0x001: 'x87 floating point registers'
Oct 27 12:27:22 debian kernel: [    0.000000] x86/fpu: Supporting XSAVE feature 0x002: 'SSE registers'
Oct 27 12:27:22 debian kernel: [    0.000000] x86/fpu: Supporting XSAVE feature 0x004: 'AVX registers'
Oct 27 12:27:22 debian kernel: [    0.000000] x86/fpu: xstate_offset[2]:  576, xstate_sizes[2]:  256
Oct 27 12:27:22 debian kernel: [    0.000000] x86/fpu: Enabled xstate features 0x7, context size is 832 bytes, using 'standard' format.
Oct 27 12:27:22 debian kernel: [    0.000000] BIOS-provided physical RAM map:
Oct 27 12:27:22 debian kernel: [    0.000000] BIOS-e820: [mem 0x0000000000000000-0x000000000009fbff] usable
Oct 27 12:27:22 debian kernel: [    0.000000] BIOS-e820: [mem 0x000000000009fc00-0x000000000009ffff] reserved
Oct 27 12:27:22 debian kernel: [    0.000000] BIOS-e820: [mem 0x00000000000f0000-0x00000000000fffff] reserved
Oct 27 12:27:22 debian kernel: [    0.000000] BIOS-e820: [mem 0x0000000000100000-0x00000000dffeffff] usable
Oct 27 12:27:22 debian kernel: [    0.000000] BIOS-e820: [mem 0x00000000dfff0000-0x00000000dfffffff] ACPI data
Oct 27 12:27:22 debian kernel: [    0.000000] BIOS-e820: [mem 0x00000000fec00000-0x00000000fec00fff] reserved
Oct 27 12:27:22 debian kernel: [    0.000000] BIOS-e820: [mem 0x00000000fee00000-0x00000000fee00fff] reserved
Oct 27 12:27:22 debian kernel: [    0.000000] BIOS-e820: [mem 0x00000000fffc0000-0x00000000ffffffff] reserved
Oct 27 12:27:22 debian kernel: [    0.000000] BIOS-e820: [mem 0x0000000100000000-0x000000011fffffff] usable
Oct 27 12:27:22 debian kernel: [    0.000000] NX (Execute Disable) protection: active
Oct 27 12:27:22 debian kernel: [    0.000000] SMBIOS 2.5 present.
Oct 27 12:27:22 debian kernel: [    0.000000] DMI: innotek GmbH VirtualBox/VirtualBox, BIOS VirtualBox 12/01/2006
Oct 27 12:27:22 debian kernel: [    0.000000] Hypervisor detected: KVM
Oct 27 12:27:22 debian kernel: [    0.000000] kvm-clock: Using msrs 4b564d01 and 4b564d00
Oct 27 12:27:22 debian kernel: [    0.000000] kvm-clock: cpu 0, msr 691e8001, primary cpu clock
Oct 27 12:27:22 debian kernel: [    0.000000] kvm-clock: using sched offset of 8492346215 cycles
Oct 27 12:27:22 debian kernel: [    0.000001] clocksource: kvm-clock: mask: 0xffffffffffffffff max_cycles: 0x1cd42e4dffb, max_idle_ns: 881590591483 ns
Oct 27 12:27:22 debian kernel: [    0.000002] tsc: Detected 3600.000 MHz processor
Oct 27 12:27:22 debian kernel: [    0.001550] e820: update [mem 0x00000000-0x00000fff] usable ==> reserved
Oct 27 12:27:22 debian kernel: [    0.001551] e820: remove [mem 0x000a0000-0x000fffff] usable
Oct 27 12:27:22 debian kernel: [    0.001554] last_pfn = 0x120000 max_arch_pfn = 0x400000000
Oct 27 12:27:22 debian kernel: [    0.001563] MTRR default type: uncachable
Oct 27 12:27:22 debian kernel: [    0.001563] MTRR variable ranges disabled:
Oct 27 12:27:22 debian kernel: [    0.001564] Disabled
Oct 27 12:27:22 debian kernel: [    0.001564] x86/PAT: MTRRs disabled, skipping PAT initialization too.
Oct 27 12:27:22 debian kernel: [    0.001566] CPU MTRRs all blank - virtualized system.
Oct 27 12:27:22 debian kernel: [    0.001568] x86/PAT: Configuration [0-7]: WB  WT  UC- UC  WB  WT  UC- UC  
Oct 27 12:27:22 debian kernel: [    0.001571] last_pfn = 0xdfff0 max_arch_pfn = 0x400000000
Oct 27 12:27:22 debian kernel: [    0.001592] found SMP MP-table at [mem 0x0009fff0-0x0009ffff]
Oct 27 12:27:22 debian kernel: [    0.062578] BRK [0x69401000, 0x69401fff] PGTABLE
Oct 27 12:27:22 debian kernel: [    0.062580] BRK [0x69402000, 0x69402fff] PGTABLE
Oct 27 12:27:22 debian kernel: [    0.062580] BRK [0x69403000, 0x69403fff] PGTABLE
Oct 27 12:27:22 debian kernel: [    0.062596] BRK [0x69404000, 0x69404fff] PGTABLE
Oct 27 12:27:22 debian kernel: [    0.062598] BRK [0x69405000, 0x69405fff] PGTABLE
Oct 27 12:27:22 debian kernel: [    0.063508] RAMDISK: [mem 0x34e8b000-0x3673cfff]
Oct 27 12:27:22 debian kernel: [    0.063514] ACPI: Early table checksum verification disabled
Oct 27 12:27:22 debian kernel: [    0.063522] ACPI: RSDP 0x00000000000E0000 000024 (v02 VBOX  )
Oct 27 12:27:22 debian kernel: [    0.063525] ACPI: XSDT 0x00000000DFFF0030 00003C (v01 VBOX   VBOXXSDT 00000001 ASL  00000061)
Oct 27 12:27:22 debian kernel: [    0.063529] ACPI: FACP 0x00000000DFFF00F0 0000F4 (v04 VBOX   VBOXFACP 00000001 ASL  00000061)
Oct 27 12:27:22 debian kernel: [    0.063532] ACPI: DSDT 0x00000000DFFF0470 002325 (v02 VBOX   VBOXBIOS 00000002 INTL 20100528)
Oct 27 12:27:22 debian kernel: [    0.063534] ACPI: FACS 0x00000000DFFF0200 000040
Oct 27 12:27:22 debian kernel: [    0.063535] ACPI: FACS 0x00000000DFFF0200 000040
Oct 27 12:27:22 debian kernel: [    0.063536] ACPI: APIC 0x00000000DFFF0240 00005C (v02 VBOX   VBOXAPIC 00000001 ASL  00000061)
Oct 27 12:27:22 debian kernel: [    0.063537] ACPI: SSDT 0x00000000DFFF02A0 0001CC (v01 VBOX   VBOXCPUT 00000002 INTL 20100528)
Oct 27 12:27:22 debian kernel: [    0.063542] ACPI: Local APIC address 0xfee00000
Oct 27 12:27:22 debian kernel: [    0.063736] No NUMA configuration found
Oct 27 12:27:22 debian kernel: [    0.063737] Faking a node at [mem 0x0000000000000000-0x000000011fffffff]
Oct 27 12:27:22 debian kernel: [    0.063739] NODE_DATA(0) allocated [mem 0x11fff7000-0x11fffbfff]
Oct 27 12:27:22 debian kernel: [    0.064492] Zone ranges:
Oct 27 12:27:22 debian kernel: [    0.064493]   DMA      [mem 0x0000000000001000-0x0000000000ffffff]
Oct 27 12:27:22 debian kernel: [    0.064493]   DMA32    [mem 0x0000000001000000-0x00000000ffffffff]
Oct 27 12:27:22 debian kernel: [    0.064494]   Normal   [mem 0x0000000100000000-0x000000011fffffff]
Oct 27 12:27:22 debian kernel: [    0.064494]   Device   empty
Oct 27 12:27:22 debian kernel: [    0.064495] Movable zone start for each node
Oct 27 12:27:22 debian kernel: [    0.064495] Early memory node ranges
Oct 27 12:27:22 debian kernel: [    0.064496]   node   0: [mem 0x0000000000001000-0x000000000009efff]
Oct 27 12:27:22 debian kernel: [    0.064496]   node   0: [mem 0x0000000000100000-0x00000000dffeffff]
Oct 27 12:27:22 debian kernel: [    0.064496]   node   0: [mem 0x0000000100000000-0x000000011fffffff]
Oct 27 12:27:22 debian kernel: [    0.065969] Zeroed struct page in unavailable ranges: 114 pages
Oct 27 12:27:22 debian kernel: [    0.065970] Initmem setup node 0 [mem 0x0000000000001000-0x000000011fffffff]
Oct 27 12:27:22 debian kernel: [    0.065971] On node 0 totalpages: 1048462
Oct 27 12:27:22 debian kernel: [    0.065972]   DMA zone: 64 pages used for memmap
Oct 27 12:27:22 debian kernel: [    0.065973]   DMA zone: 21 pages reserved
Oct 27 12:27:22 debian kernel: [    0.065973]   DMA zone: 3998 pages, LIFO batch:0
Oct 27 12:27:22 debian kernel: [    0.066031]   DMA32 zone: 14272 pages used for memmap
Oct 27 12:27:22 debian kernel: [    0.066031]   DMA32 zone: 913392 pages, LIFO batch:63
Oct 27 12:27:22 debian kernel: [    0.099383]   Normal zone: 2048 pages used for memmap
Oct 27 12:27:22 debian kernel: [    0.099385]   Normal zone: 131072 pages, LIFO batch:31
Oct 27 12:27:22 debian kernel: [    0.104892] ACPI: PM-Timer IO Port: 0x4008
Oct 27 12:27:22 debian kernel: [    0.104894] ACPI: Local APIC address 0xfee00000
Oct 27 12:27:22 debian kernel: [    0.104943] IOAPIC[0]: apic_id 2, version 32, address 0xfec00000, GSI 0-23
Oct 27 12:27:22 debian kernel: [    0.104945] ACPI: INT_SRC_OVR (bus 0 bus_irq 0 global_irq 2 dfl dfl)
Oct 27 12:27:22 debian kernel: [    0.104946] ACPI: INT_SRC_OVR (bus 0 bus_irq 9 global_irq 9 low level)
Oct 27 12:27:22 debian kernel: [    0.104947] ACPI: IRQ0 used by override.
Oct 27 12:27:22 debian kernel: [    0.104948] ACPI: IRQ9 used by override.
Oct 27 12:27:22 debian kernel: [    0.104949] Using ACPI (MADT) for SMP configuration information
Oct 27 12:27:22 debian kernel: [    0.104955] smpboot: Allowing 2 CPUs, 0 hotplug CPUs
Oct 27 12:27:22 debian kernel: [    0.104975] PM: Registered nosave memory: [mem 0x00000000-0x00000fff]
Oct 27 12:27:22 debian kernel: [    0.104976] PM: Registered nosave memory: [mem 0x0009f000-0x0009ffff]
Oct 27 12:27:22 debian kernel: [    0.104976] PM: Registered nosave memory: [mem 0x000a0000-0x000effff]
Oct 27 12:27:22 debian kernel: [    0.104977] PM: Registered nosave memory: [mem 0x000f0000-0x000fffff]
Oct 27 12:27:22 debian kernel: [    0.104977] PM: Registered nosave memory: [mem 0xdfff0000-0xdfffffff]
Oct 27 12:27:22 debian kernel: [    0.104977] PM: Registered nosave memory: [mem 0xe0000000-0xfebfffff]
Oct 27 12:27:22 debian kernel: [    0.104978] PM: Registered nosave memory: [mem 0xfec00000-0xfec00fff]
Oct 27 12:27:22 debian kernel: [    0.104978] PM: Registered nosave memory: [mem 0xfec01000-0xfedfffff]
Oct 27 12:27:22 debian kernel: [    0.104978] PM: Registered nosave memory: [mem 0xfee00000-0xfee00fff]
Oct 27 12:27:22 debian kernel: [    0.104979] PM: Registered nosave memory: [mem 0xfee01000-0xfffbffff]
Oct 27 12:27:22 debian kernel: [    0.104979] PM: Registered nosave memory: [mem 0xfffc0000-0xffffffff]
Oct 27 12:27:22 debian kernel: [    0.104981] [mem 0xe0000000-0xfebfffff] available for PCI devices
Oct 27 12:27:22 debian kernel: [    0.104981] Booting paravirtualized kernel on KVM
Oct 27 12:27:22 debian kernel: [    0.104984] clocksource: refined-jiffies: mask: 0xffffffff max_cycles: 0xffffffff, max_idle_ns: 7645519600211568 ns
Oct 27 12:27:22 debian kernel: [    0.168249] random: get_random_bytes called from start_kernel+0x93/0x52c with crng_init=0
Oct 27 12:27:22 debian kernel: [    0.168254] setup_percpu: NR_CPUS:512 nr_cpumask_bits:512 nr_cpu_ids:2 nr_node_ids:1
Oct 27 12:27:22 debian kernel: [    0.169072] percpu: Embedded 45 pages/cpu s144408 r8192 d31720 u1048576
Oct 27 12:27:22 debian kernel: [    0.169075] pcpu-alloc: s144408 r8192 d31720 u1048576 alloc=1*2097152
Oct 27 12:27:22 debian kernel: [    0.169076] pcpu-alloc: [0] 0 1 
Oct 27 12:27:22 debian kernel: [    0.169093] PV qspinlock hash table entries: 256 (order: 0, 4096 bytes)
Oct 27 12:27:22 debian kernel: [    0.169098] Built 1 zonelists, mobility grouping on.  Total pages: 1032057
Oct 27 12:27:22 debian kernel: [    0.169098] Policy zone: Normal
Oct 27 12:27:22 debian kernel: [    0.169099] Kernel command line: BOOT_IMAGE=/boot/vmlinuz-4.19.0-9-amd64 root=UUID=cd2cb4ca-39bd-4522-919c-e4ceb81b5ae8 ro quiet
Oct 27 12:27:22 debian kernel: [    0.187393] Calgary: detecting Calgary via BIOS EBDA area
Oct 27 12:27:22 debian kernel: [    0.187396] Calgary: Unable to locate Rio Grande table in EBDA - bailing!
Oct 27 12:27:22 debian kernel: [    0.194763] Memory: 4011820K/4193848K available (10252K kernel code, 1241K rwdata, 3316K rodata, 1588K init, 2276K bss, 182028K reserved, 0K cma-reserved)
Oct 27 12:27:22 debian kernel: [    0.195742] SLUB: HWalign=64, Order=0-3, MinObjects=0, CPUs=2, Nodes=1
Oct 27 12:27:22 debian kernel: [    0.195748] ftrace: allocating 31879 entries in 125 pages
Oct 27 12:27:22 debian kernel: [    0.204702] rcu: Hierarchical RCU implementation.
Oct 27 12:27:22 debian kernel: [    0.204703] rcu: 	RCU restricting CPUs from NR_CPUS=512 to nr_cpu_ids=2.
Oct 27 12:27:22 debian kernel: [    0.204704] rcu: Adjusting geometry for rcu_fanout_leaf=16, nr_cpu_ids=2
Oct 27 12:27:22 debian kernel: [    0.206519] NR_IRQS: 33024, nr_irqs: 440, preallocated irqs: 16
Oct 27 12:27:22 debian kernel: [    0.212955] Console: colour VGA+ 80x25
Oct 27 12:27:22 debian kernel: [    0.212958] console [tty0] enabled
Oct 27 12:27:22 debian kernel: [    0.212969] ACPI: Core revision 20180810
Oct 27 12:27:22 debian kernel: [    0.213062] APIC: Switch to symmetric I/O mode setup
Oct 27 12:27:22 debian kernel: [    0.213235] x2apic enabled
Oct 27 12:27:22 debian kernel: [    0.213397] Switched APIC routing to physical x2apic.
Oct 27 12:27:22 debian kernel: [    0.214202] ..TIMER: vector=0x30 apic1=0 pin1=2 apic2=-1 pin2=-1
Oct 27 12:27:22 debian kernel: [    0.214218] clocksource: tsc-early: mask: 0xffffffffffffffff max_cycles: 0x33e452fbb2f, max_idle_ns: 440795236593 ns
Oct 27 12:27:22 debian kernel: [    0.214225] Calibrating delay loop (skipped) preset value.. 7200.00 BogoMIPS (lpj=14400000)
Oct 27 12:27:22 debian kernel: [    0.214227] pid_max: default: 32768 minimum: 301
Oct 27 12:27:22 debian kernel: [    0.214246] Security Framework initialized
Oct 27 12:27:22 debian kernel: [    0.214246] Yama: disabled by default; enable with sysctl kernel.yama.*
Oct 27 12:27:22 debian kernel: [    0.214257] AppArmor: AppArmor initialized
Oct 27 12:27:22 debian kernel: [    0.216097] Dentry cache hash table entries: 524288 (order: 10, 4194304 bytes)
Oct 27 12:27:22 debian kernel: [    0.217037] Inode-cache hash table entries: 262144 (order: 9, 2097152 bytes)
Oct 27 12:27:22 debian kernel: [    0.217045] Mount-cache hash table entries: 8192 (order: 4, 65536 bytes)
Oct 27 12:27:22 debian kernel: [    0.217049] Mountpoint-cache hash table entries: 8192 (order: 4, 65536 bytes)
Oct 27 12:27:22 debian kernel: [    0.217236] Last level iTLB entries: 4KB 1024, 2MB 1024, 4MB 512
Oct 27 12:27:22 debian kernel: [    0.217237] Last level dTLB entries: 4KB 2048, 2MB 2048, 4MB 1024, 1GB 0
Oct 27 12:27:22 debian kernel: [    0.217238] Spectre V1 : Mitigation: usercopy/swapgs barriers and __user pointer sanitization
Oct 27 12:27:22 debian kernel: [    0.217239] Spectre V2 : Spectre mitigation: LFENCE not serializing, switching to generic retpoline
Oct 27 12:27:22 debian kernel: [    0.217453] Spectre V2 : Mitigation: Full generic retpoline
Oct 27 12:27:22 debian kernel: [    0.217453] Spectre V2 : Spectre v2 / SpectreRSB mitigation: Filling RSB on context switch
Oct 27 12:27:22 debian kernel: [    0.217454] Speculative Store Bypass: Mitigation: Speculative Store Bypass disabled via prctl and seccomp
Oct 27 12:27:22 debian kernel: [    0.217580] Freeing SMP alternatives memory: 24K
Oct 27 12:27:22 debian kernel: [    0.327621] APIC calibration not consistent with PM-Timer: 101ms instead of 100ms
Oct 27 12:27:22 debian kernel: [    0.327622] APIC delta adjusted to PM-Timer: 6259540 (6342604)
Oct 27 12:27:22 debian kernel: [    0.327694] smpboot: CPU0: AMD Ryzen 5 3600 6-Core Processor (family: 0x17, model: 0x71, stepping: 0x0)
Oct 27 12:27:22 debian kernel: [    0.327760] Performance Events: PMU not available due to virtualization, using software events only.
Oct 27 12:27:22 debian kernel: [    0.327795] rcu: Hierarchical SRCU implementation.
Oct 27 12:27:22 debian kernel: [    0.328123] random: crng done (trusting CPU's manufacturer)
Oct 27 12:27:22 debian kernel: [    0.328133] NMI watchdog: Perf NMI watchdog permanently disabled
Oct 27 12:27:22 debian kernel: [    0.328185] smp: Bringing up secondary CPUs ...
Oct 27 12:27:22 debian kernel: [    0.329145] x86: Booting SMP configuration:
Oct 27 12:27:22 debian kernel: [    0.329146] .... node  #0, CPUs:      #1
Oct 27 12:27:22 debian kernel: [    0.011480] kvm-clock: cpu 1, msr 691e8041, secondary cpu clock
Oct 27 12:27:22 debian kernel: [    0.330244] smp: Brought up 1 node, 2 CPUs
Oct 27 12:27:22 debian kernel: [    0.330244] smpboot: Max logical packages: 1
Oct 27 12:27:22 debian kernel: [    0.330244] smpboot: Total of 2 processors activated (14400.00 BogoMIPS)
Oct 27 12:27:22 debian kernel: [    0.330378] devtmpfs: initialized
Oct 27 12:27:22 debian kernel: [    0.330378] x86/mm: Memory block size: 128MB
Oct 27 12:27:22 debian kernel: [    0.330482] clocksource: jiffies: mask: 0xffffffff max_cycles: 0xffffffff, max_idle_ns: 7645041785100000 ns
Oct 27 12:27:22 debian kernel: [    0.330482] futex hash table entries: 512 (order: 3, 32768 bytes)
Oct 27 12:27:22 debian kernel: [    0.330482] pinctrl core: initialized pinctrl subsystem
Oct 27 12:27:22 debian kernel: [    0.330482] NET: Registered protocol family 16
Oct 27 12:27:22 debian kernel: [    0.330482] audit: initializing netlink subsys (disabled)
Oct 27 12:27:22 debian kernel: [    0.330482] audit: type=2000 audit(1635348449.784:1): state=initialized audit_enabled=0 res=1
Oct 27 12:27:22 debian kernel: [    0.330482] cpuidle: using governor ladder
Oct 27 12:27:22 debian kernel: [    0.330482] cpuidle: using governor menu
Oct 27 12:27:22 debian kernel: [    0.330482] ACPI: bus type PCI registered
Oct 27 12:27:22 debian kernel: [    0.330482] acpiphp: ACPI Hot Plug PCI Controller Driver version: 0.5
Oct 27 12:27:22 debian kernel: [    0.330482] PCI: Using configuration type 1 for base access
Oct 27 12:27:22 debian kernel: [    0.330482] PCI: Using configuration type 1 for extended access
Oct 27 12:27:22 debian kernel: [    0.330654] HugeTLB registered 2.00 MiB page size, pre-allocated 0 pages
Oct 27 12:27:22 debian kernel: [    0.330654] ACPI: Added _OSI(Module Device)
Oct 27 12:27:22 debian kernel: [    0.330654] ACPI: Added _OSI(Processor Device)
Oct 27 12:27:22 debian kernel: [    0.330654] ACPI: Added _OSI(3.0 _SCP Extensions)
Oct 27 12:27:22 debian kernel: [    0.330654] ACPI: Added _OSI(Processor Aggregator Device)
Oct 27 12:27:22 debian kernel: [    0.330654] ACPI: Added _OSI(Linux-Dell-Video)
Oct 27 12:27:22 debian kernel: [    0.330654] ACPI: Added _OSI(Linux-Lenovo-NV-HDMI-Audio)
Oct 27 12:27:22 debian kernel: [    0.331075] ACPI: 2 ACPI AML tables successfully acquired and loaded
Oct 27 12:27:22 debian kernel: [    0.331834] ACPI: Interpreter enabled
Oct 27 12:27:22 debian kernel: [    0.331841] ACPI: (supports S0 S5)
Oct 27 12:27:22 debian kernel: [    0.331841] ACPI: Using IOAPIC for interrupt routing
Oct 27 12:27:22 debian kernel: [    0.331929] PCI: Using host bridge windows from ACPI; if necessary, use "pci=nocrs" and report a bug
Oct 27 12:27:22 debian kernel: [    0.334222] ACPI: Enabled 2 GPEs in block 00 to 07
Oct 27 12:27:22 debian kernel: [    0.336497] ACPI: PCI Root Bridge [PCI0] (domain 0000 [bus 00-ff])
Oct 27 12:27:22 debian kernel: [    0.336500] acpi PNP0A03:00: _OSC: OS supports [ExtendedConfig ASPM ClockPM Segments MSI]
Oct 27 12:27:22 debian kernel: [    0.336859] acpi PNP0A03:00: _OSC: platform does not support [PCIeCapability LTR]
Oct 27 12:27:22 debian kernel: [    0.337034] acpi PNP0A03:00: _OSC: not requesting control; platform does not support [PCIeCapability]
Oct 27 12:27:22 debian kernel: [    0.337035] acpi PNP0A03:00: _OSC: OS requested [PCIeHotplug SHPCHotplug PME AER PCIeCapability LTR]
Oct 27 12:27:22 debian kernel: [    0.337036] acpi PNP0A03:00: _OSC: platform willing to grant [PCIeHotplug SHPCHotplug PME AER]
Oct 27 12:27:22 debian kernel: [    0.337037] acpi PNP0A03:00: _OSC failed (AE_SUPPORT); disabling ASPM
Oct 27 12:27:22 debian kernel: [    0.337253] PCI host bridge to bus 0000:00
Oct 27 12:27:22 debian kernel: [    0.337254] pci_bus 0000:00: root bus resource [io  0x0000-0x0cf7 window]
Oct 27 12:27:22 debian kernel: [    0.337255] pci_bus 0000:00: root bus resource [io  0x0d00-0xffff window]
Oct 27 12:27:22 debian kernel: [    0.337256] pci_bus 0000:00: root bus resource [mem 0x000a0000-0x000bffff window]
Oct 27 12:27:22 debian kernel: [    0.337257] pci_bus 0000:00: root bus resource [mem 0xe0000000-0xfdffffff window]
Oct 27 12:27:22 debian kernel: [    0.337258] pci_bus 0000:00: root bus resource [bus 00-ff]
Oct 27 12:27:22 debian kernel: [    0.337285] pci 0000:00:00.0: [8086:1237] type 00 class 0x060000
Oct 27 12:27:22 debian kernel: [    0.337836] pci 0000:00:01.0: [8086:7000] type 00 class 0x060100
Oct 27 12:27:22 debian kernel: [    0.338227] pci 0000:00:01.1: [8086:7111] type 00 class 0x01018a
Oct 27 12:27:22 debian kernel: [    0.338227] pci 0000:00:01.1: reg 0x20: [io  0xd000-0xd00f]
Oct 27 12:27:22 debian kernel: [    0.338227] pci 0000:00:01.1: legacy IDE quirk: reg 0x10: [io  0x01f0-0x01f7]
Oct 27 12:27:22 debian kernel: [    0.338227] pci 0000:00:01.1: legacy IDE quirk: reg 0x14: [io  0x03f6]
Oct 27 12:27:22 debian kernel: [    0.338227] pci 0000:00:01.1: legacy IDE quirk: reg 0x18: [io  0x0170-0x0177]
Oct 27 12:27:22 debian kernel: [    0.338227] pci 0000:00:01.1: legacy IDE quirk: reg 0x1c: [io  0x0376]
Oct 27 12:27:22 debian kernel: [    0.338227] pci 0000:00:02.0: [15ad:0405] type 00 class 0x030000
Oct 27 12:27:22 debian kernel: [    0.338227] pci 0000:00:02.0: reg 0x10: [io  0xd010-0xd01f]
Oct 27 12:27:22 debian kernel: [    0.338227] pci 0000:00:02.0: reg 0x14: [mem 0xe0000000-0xe0ffffff pref]
Oct 27 12:27:22 debian kernel: [    0.342395] pci 0000:00:02.0: reg 0x18: [mem 0xf0000000-0xf01fffff]
Oct 27 12:27:22 debian kernel: [    0.348376] pci 0000:00:03.0: [8086:100e] type 00 class 0x020000
Oct 27 12:27:22 debian kernel: [    0.349918] pci 0000:00:03.0: reg 0x10: [mem 0xf0200000-0xf021ffff]
Oct 27 12:27:22 debian kernel: [    0.351750] pci 0000:00:03.0: reg 0x18: [io  0xd020-0xd027]
Oct 27 12:27:22 debian kernel: [    0.355838] pci 0000:00:04.0: [80ee:cafe] type 00 class 0x088000
Oct 27 12:27:22 debian kernel: [    0.357302] pci 0000:00:04.0: reg 0x10: [io  0xd040-0xd05f]
Oct 27 12:27:22 debian kernel: [    0.358297] pci 0000:00:04.0: reg 0x14: [mem 0xf0400000-0xf07fffff]
Oct 27 12:27:22 debian kernel: [    0.359454] pci 0000:00:04.0: reg 0x18: [mem 0xf0800000-0xf0803fff pref]
Oct 27 12:27:22 debian kernel: [    0.361132] pci 0000:00:05.0: [8086:2415] type 00 class 0x040100
Oct 27 12:27:22 debian kernel: [    0.361222] pci 0000:00:05.0: reg 0x10: [io  0xd100-0xd1ff]
Oct 27 12:27:22 debian kernel: [    0.361267] pci 0000:00:05.0: reg 0x14: [io  0xd200-0xd23f]
Oct 27 12:27:22 debian kernel: [    0.361657] pci 0000:00:06.0: [106b:003f] type 00 class 0x0c0310
Oct 27 12:27:22 debian kernel: [    0.366292] pci 0000:00:06.0: reg 0x10: [mem 0xf0804000-0xf0804fff]
Oct 27 12:27:22 debian kernel: [    0.368692] pci 0000:00:07.0: [8086:7113] type 00 class 0x068000
Oct 27 12:27:22 debian kernel: [    0.369075] pci 0000:00:07.0: quirk: [io  0x4000-0x403f] claimed by PIIX4 ACPI
Oct 27 12:27:22 debian kernel: [    0.369083] pci 0000:00:07.0: quirk: [io  0x4100-0x410f] claimed by PIIX4 SMB
Oct 27 12:27:22 debian kernel: [    0.369301] pci 0000:00:08.0: [8086:100e] type 00 class 0x020000
Oct 27 12:27:22 debian kernel: [    0.374294] pci 0000:00:08.0: reg 0x10: [mem 0xf0820000-0xf083ffff]
Oct 27 12:27:22 debian kernel: [    0.376281] pci 0000:00:08.0: reg 0x18: [io  0xd240-0xd247]
Oct 27 12:27:22 debian kernel: [    0.380621] pci 0000:00:0d.0: [8086:2829] type 00 class 0x010601
Oct 27 12:27:22 debian kernel: [    0.381733] pci 0000:00:0d.0: reg 0x10: [io  0xd248-0xd24f]
Oct 27 12:27:22 debian kernel: [    0.382289] pci 0000:00:0d.0: reg 0x14: [io  0xd250-0xd253]
Oct 27 12:27:22 debian kernel: [    0.383334] pci 0000:00:0d.0: reg 0x18: [io  0xd258-0xd25f]
Oct 27 12:27:22 debian kernel: [    0.384737] pci 0000:00:0d.0: reg 0x1c: [io  0xd260-0xd263]
Oct 27 12:27:22 debian kernel: [    0.384737] pci 0000:00:0d.0: reg 0x20: [io  0xd270-0xd27f]
Oct 27 12:27:22 debian kernel: [    0.384737] pci 0000:00:0d.0: reg 0x24: [mem 0xf0840000-0xf0841fff]
Oct 27 12:27:22 debian kernel: [    0.390400] ACPI: PCI Interrupt Link [LNKA] (IRQs 5 9 10 *11)
Oct 27 12:27:22 debian kernel: [    0.390528] ACPI: PCI Interrupt Link [LNKB] (IRQs 5 9 *10 11)
Oct 27 12:27:22 debian kernel: [    0.390580] ACPI: PCI Interrupt Link [LNKC] (IRQs 5 *9 10 11)
Oct 27 12:27:22 debian kernel: [    0.390633] ACPI: PCI Interrupt Link [LNKD] (IRQs 5 9 10 *11)
Oct 27 12:27:22 debian kernel: [    0.390789] pci 0000:00:02.0: vgaarb: setting as boot VGA device
Oct 27 12:27:22 debian kernel: [    0.390789] pci 0000:00:02.0: vgaarb: VGA device added: decodes=io+mem,owns=io+mem,locks=none
Oct 27 12:27:22 debian kernel: [    0.390789] pci 0000:00:02.0: vgaarb: bridge control possible
Oct 27 12:27:22 debian kernel: [    0.390789] vgaarb: loaded
Oct 27 12:27:22 debian kernel: [    0.390789] pps_core: LinuxPPS API ver. 1 registered
Oct 27 12:27:22 debian kernel: [    0.390789] pps_core: Software ver. 5.3.6 - Copyright 2005-2007 Rodolfo Giometti <giometti@linux.it>
Oct 27 12:27:22 debian kernel: [    0.390789] PTP clock support registered
Oct 27 12:27:22 debian kernel: [    0.390789] EDAC MC: Ver: 3.0.0
Oct 27 12:27:22 debian kernel: [    0.390789] PCI: Using ACPI for IRQ routing
Oct 27 12:27:22 debian kernel: [    0.390789] PCI: pci_cache_line_size set to 64 bytes
Oct 27 12:27:22 debian kernel: [    0.390789] e820: reserve RAM buffer [mem 0x0009fc00-0x0009ffff]
Oct 27 12:27:22 debian kernel: [    0.390789] e820: reserve RAM buffer [mem 0xdfff0000-0xdfffffff]
Oct 27 12:27:22 debian kernel: [    0.390789] clocksource: Switched to clocksource kvm-clock
Oct 27 12:27:22 debian kernel: [    0.398918] VFS: Disk quotas dquot_6.6.0
Oct 27 12:27:22 debian kernel: [    0.398930] VFS: Dquot-cache hash table entries: 512 (order 0, 4096 bytes)
Oct 27 12:27:22 debian kernel: [    0.399026] AppArmor: AppArmor Filesystem Enabled
Oct 27 12:27:22 debian kernel: [    0.399043] pnp: PnP ACPI init
Oct 27 12:27:22 debian kernel: [    0.399098] pnp 00:00: Plug and Play ACPI device, IDs PNP0303 (active)
Oct 27 12:27:22 debian kernel: [    0.399138] pnp 00:01: Plug and Play ACPI device, IDs PNP0f03 (active)
Oct 27 12:27:22 debian kernel: [    0.399515] pnp: PnP ACPI: found 2 devices
Oct 27 12:27:22 debian kernel: [    0.408012] clocksource: acpi_pm: mask: 0xffffff max_cycles: 0xffffff, max_idle_ns: 2085701024 ns
Oct 27 12:27:22 debian kernel: [    0.408022] pci_bus 0000:00: resource 4 [io  0x0000-0x0cf7 window]
Oct 27 12:27:22 debian kernel: [    0.408023] pci_bus 0000:00: resource 5 [io  0x0d00-0xffff window]
Oct 27 12:27:22 debian kernel: [    0.408024] pci_bus 0000:00: resource 6 [mem 0x000a0000-0x000bffff window]
Oct 27 12:27:22 debian kernel: [    0.408025] pci_bus 0000:00: resource 7 [mem 0xe0000000-0xfdffffff window]
Oct 27 12:27:22 debian kernel: [    0.408061] NET: Registered protocol family 2
Oct 27 12:27:22 debian kernel: [    0.408153] tcp_listen_portaddr_hash hash table entries: 2048 (order: 3, 32768 bytes)
Oct 27 12:27:22 debian kernel: [    0.408162] TCP established hash table entries: 32768 (order: 6, 262144 bytes)
Oct 27 12:27:22 debian kernel: [    0.408199] TCP bind hash table entries: 32768 (order: 7, 524288 bytes)
Oct 27 12:27:22 debian kernel: [    0.408231] TCP: Hash tables configured (established 32768 bind 32768)
Oct 27 12:27:22 debian kernel: [    0.408244] UDP hash table entries: 2048 (order: 4, 65536 bytes)
Oct 27 12:27:22 debian kernel: [    0.408250] UDP-Lite hash table entries: 2048 (order: 4, 65536 bytes)
Oct 27 12:27:22 debian kernel: [    0.408273] NET: Registered protocol family 1
Oct 27 12:27:22 debian kernel: [    0.408276] NET: Registered protocol family 44
Oct 27 12:27:22 debian kernel: [    0.408292] pci 0000:00:00.0: Limiting direct PCI/PCI transfers
Oct 27 12:27:22 debian kernel: [    0.408301] pci 0000:00:01.0: Activating ISA DMA hang workarounds
Oct 27 12:27:22 debian kernel: [    0.408336] pci 0000:00:02.0: Video device with shadowed ROM at [mem 0x000c0000-0x000dffff]
Oct 27 12:27:22 debian kernel: [    0.408999] PCI: CLS 0 bytes, default 64
Oct 27 12:27:22 debian kernel: [    0.409022] Unpacking initramfs...
Oct 27 12:27:22 debian kernel: [    0.706271] Freeing initrd memory: 25288K
Oct 27 12:27:22 debian kernel: [    0.706283] PCI-DMA: Using software bounce buffering for IO (SWIOTLB)
Oct 27 12:27:22 debian kernel: [    0.706285] software IO TLB: mapped [mem 0xdbff0000-0xdfff0000] (64MB)
Oct 27 12:27:22 debian kernel: [    0.706321] clocksource: tsc: mask: 0xffffffffffffffff max_cycles: 0x33e452fbb2f, max_idle_ns: 440795236593 ns
Oct 27 12:27:22 debian kernel: [    0.706369] platform rtc_cmos: registered platform RTC device (no PNP device found)
Oct 27 12:27:22 debian kernel: [    0.706857] Initialise system trusted keyrings
Oct 27 12:27:22 debian kernel: [    0.706866] Key type blacklist registered
Oct 27 12:27:22 debian kernel: [    0.706959] workingset: timestamp_bits=40 max_order=20 bucket_order=0
Oct 27 12:27:22 debian kernel: [    0.707617] zbud: loaded
Oct 27 12:27:22 debian kernel: [    0.789476] Key type asymmetric registered
Oct 27 12:27:22 debian kernel: [    0.789477] Asymmetric key parser 'x509' registered
Oct 27 12:27:22 debian kernel: [    0.789495] Block layer SCSI generic (bsg) driver version 0.4 loaded (major 247)
Oct 27 12:27:22 debian kernel: [    0.789553] io scheduler noop registered
Oct 27 12:27:22 debian kernel: [    0.789553] io scheduler deadline registered
Oct 27 12:27:22 debian kernel: [    0.789593] io scheduler cfq registered (default)
Oct 27 12:27:22 debian kernel: [    0.789593] io scheduler mq-deadline registered
Oct 27 12:27:22 debian kernel: [    0.789713] shpchp: Standard Hot Plug PCI Controller Driver version: 0.4
Oct 27 12:27:22 debian kernel: [    0.789873] Serial: 8250/16550 driver, 4 ports, IRQ sharing enabled
Oct 27 12:27:22 debian kernel: [    0.790205] Linux agpgart interface v0.103
Oct 27 12:27:22 debian kernel: [    0.790264] AMD IOMMUv2 driver by Joerg Roedel <jroedel@suse.de>
Oct 27 12:27:22 debian kernel: [    0.790264] AMD IOMMUv2 functionality not available on this system
Oct 27 12:27:22 debian kernel: [    0.790397] i8042: PNP: PS/2 Controller [PNP0303:PS2K,PNP0f03:PS2M] at 0x60,0x64 irq 1,12
Oct 27 12:27:22 debian kernel: [    0.790784] serio: i8042 KBD port at 0x60,0x64 irq 1
Oct 27 12:27:22 debian kernel: [    0.790802] serio: i8042 AUX port at 0x60,0x64 irq 12
Oct 27 12:27:22 debian kernel: [    0.790905] mousedev: PS/2 mouse device common for all mice
Oct 27 12:27:22 debian kernel: [    0.791061] input: AT Translated Set 2 keyboard as /devices/platform/i8042/serio0/input/input0
Oct 27 12:27:22 debian kernel: [    0.791387] rtc_cmos rtc_cmos: registered as rtc0
Oct 27 12:27:22 debian kernel: [    0.791399] rtc_cmos rtc_cmos: alarms up to one day, 114 bytes nvram
Oct 27 12:27:22 debian kernel: [    0.791434] ledtrig-cpu: registered to indicate activity on CPUs
Oct 27 12:27:22 debian kernel: [    0.791583] NET: Registered protocol family 10
Oct 27 12:27:22 debian kernel: [    0.796127] Segment Routing with IPv6
Oct 27 12:27:22 debian kernel: [    0.796139] mip6: Mobile IPv6
Oct 27 12:27:22 debian kernel: [    0.796140] NET: Registered protocol family 17
Oct 27 12:27:22 debian kernel: [    0.796160] mpls_gso: MPLS GSO support
Oct 27 12:27:22 debian kernel: [    0.796239] mce: Using 0 MCE banks
Oct 27 12:27:22 debian kernel: [    0.796253] sched_clock: Marking stable (788745445, 7480997)->(800554066, -4327624)
Oct 27 12:27:22 debian kernel: [    0.796511] registered taskstats version 1
Oct 27 12:27:22 debian kernel: [    0.796511] Loading compiled-in X.509 certificates
Oct 27 12:27:22 debian kernel: [    0.813976] Loaded X.509 cert 'Debian Secure Boot CA: 6ccece7e4c6c0d1f6149f3dd27dfcc5cbb419ea1'
Oct 27 12:27:22 debian kernel: [    0.813988] Loaded X.509 cert 'Debian Secure Boot Signer: 00a7468def'
Oct 27 12:27:22 debian kernel: [    0.814000] zswap: loaded using pool lzo/zbud
Oct 27 12:27:22 debian kernel: [    0.814118] AppArmor: AppArmor sha1 policy hashing enabled
Oct 27 12:27:22 debian kernel: [    0.814388] rtc_cmos rtc_cmos: setting system clock to 2021-10-27 15:27:20 UTC (1635348440)
Oct 27 12:27:22 debian kernel: [    0.815525] Freeing unused kernel image memory: 1588K
Oct 27 12:27:22 debian kernel: [    0.834921] Write protecting the kernel read-only data: 16384k
Oct 27 12:27:22 debian kernel: [    0.835426] Freeing unused kernel image memory: 2028K
Oct 27 12:27:22 debian kernel: [    0.835563] Freeing unused kernel image memory: 780K
Oct 27 12:27:22 debian kernel: [    0.841641] x86/mm: Checked W+X mappings: passed, no W+X pages found.
Oct 27 12:27:22 debian kernel: [    0.841644] Run /init as init process
Oct 27 12:27:22 debian kernel: [    0.872685] e1000: Intel(R) PRO/1000 Network Driver - version 7.3.21-k8-NAPI
Oct 27 12:27:22 debian kernel: [    0.872685] e1000: Copyright (c) 1999-2006 Intel Corporation.
Oct 27 12:27:22 debian kernel: [    0.876198] SCSI subsystem initialized
Oct 27 12:27:22 debian kernel: [    0.881009] piix4_smbus 0000:00:07.0: SMBus Host Controller at 0x4100, revision 0
Oct 27 12:27:22 debian kernel: [    0.882931] libata version 3.00 loaded.
Oct 27 12:27:22 debian kernel: [    0.883773] ata_piix 0000:00:01.1: version 2.13
Oct 27 12:27:22 debian kernel: [    0.888080] cryptd: max_cpu_qlen set to 1000
Oct 27 12:27:22 debian kernel: [    0.891116] ahci 0000:00:0d.0: version 3.0
Oct 27 12:27:22 debian kernel: [    0.891450] ahci 0000:00:0d.0: SSS flag set, parallel bus scan disabled
Oct 27 12:27:22 debian kernel: [    0.891588] ahci 0000:00:0d.0: AHCI 0001.0100 32 slots 2 ports 3 Gbps 0x3 impl SATA mode
Oct 27 12:27:22 debian kernel: [    0.891589] ahci 0000:00:0d.0: flags: 64bit ncq stag only ccc 
Oct 27 12:27:22 debian kernel: [    0.895719] ACPI: bus type USB registered
Oct 27 12:27:22 debian kernel: [    0.895730] usbcore: registered new interface driver usbfs
Oct 27 12:27:22 debian kernel: [    0.895734] usbcore: registered new interface driver hub
Oct 27 12:27:22 debian kernel: [    0.895868] AVX2 version of gcm_enc/dec engaged.
Oct 27 12:27:22 debian kernel: [    0.895868] AES CTR mode by8 optimization enabled
Oct 27 12:27:22 debian kernel: [    0.896118] usbcore: registered new device driver usb
Oct 27 12:27:22 debian kernel: [    0.898287] ehci_hcd: USB 2.0 'Enhanced' Host Controller (EHCI) Driver
Oct 27 12:27:22 debian kernel: [    0.900020] scsi host0: ata_piix
Oct 27 12:27:22 debian kernel: [    0.900977] ohci_hcd: USB 1.1 'Open' Host Controller (OHCI) Driver
Oct 27 12:27:22 debian kernel: [    0.901028] scsi host1: ahci
Oct 27 12:27:22 debian kernel: [    0.902400] ehci-pci: EHCI PCI platform driver
Oct 27 12:27:22 debian kernel: [    0.903350] ohci-pci: OHCI PCI platform driver
Oct 27 12:27:22 debian kernel: [    0.903907] ohci-pci 0000:00:06.0: OHCI PCI host controller
Oct 27 12:27:22 debian kernel: [    0.903911] ohci-pci 0000:00:06.0: new USB bus registered, assigned bus number 1
Oct 27 12:27:22 debian kernel: [    0.903965] ohci-pci 0000:00:06.0: irq 22, io mem 0xf0804000
Oct 27 12:27:22 debian kernel: [    0.904059] scsi host2: ata_piix
Oct 27 12:27:22 debian kernel: [    0.904083] ata1: PATA max UDMA/33 cmd 0x1f0 ctl 0x3f6 bmdma 0xd000 irq 14
Oct 27 12:27:22 debian kernel: [    0.904084] ata2: PATA max UDMA/33 cmd 0x170 ctl 0x376 bmdma 0xd008 irq 15
Oct 27 12:27:22 debian kernel: [    0.904104] scsi host3: ahci
Oct 27 12:27:22 debian kernel: [    0.904140] ata3: SATA max UDMA/133 abar m8192@0xf0840000 port 0xf0840100 irq 21
Oct 27 12:27:22 debian kernel: [    0.904143] ata4: SATA max UDMA/133 abar m8192@0xf0840000 port 0xf0840180 irq 21
Oct 27 12:27:22 debian kernel: [    0.966796] usb usb1: New USB device found, idVendor=1d6b, idProduct=0001, bcdDevice= 4.19
Oct 27 12:27:22 debian kernel: [    0.966798] usb usb1: New USB device strings: Mfr=3, Product=2, SerialNumber=1
Oct 27 12:27:22 debian kernel: [    0.966799] usb usb1: Product: OHCI PCI host controller
Oct 27 12:27:22 debian kernel: [    0.966800] usb usb1: Manufacturer: Linux 4.19.0-9-amd64 ohci_hcd
Oct 27 12:27:22 debian kernel: [    0.966800] usb usb1: SerialNumber: 0000:00:06.0
Oct 27 12:27:22 debian kernel: [    0.967000] hub 1-0:1.0: USB hub found
Oct 27 12:27:22 debian kernel: [    0.967041] hub 1-0:1.0: 12 ports detected
Oct 27 12:27:22 debian kernel: [    1.107228] input: ImExPS/2 Generic Explorer Mouse as /devices/platform/i8042/serio1/input/input2
Oct 27 12:27:22 debian kernel: [    1.216817] ata3: SATA link up 3.0 Gbps (SStatus 123 SControl 300)
Oct 27 12:27:22 debian kernel: [    1.216940] ata3.00: ATA-6: VBOX HARDDISK, 1.0, max UDMA/133
Oct 27 12:27:22 debian kernel: [    1.216942] ata3.00: 20971520 sectors, multi 128: LBA48 NCQ (depth 32)
Oct 27 12:27:22 debian kernel: [    1.217059] ata3.00: configured for UDMA/133
Oct 27 12:27:22 debian kernel: [    1.217196] scsi 1:0:0:0: Direct-Access     ATA      VBOX HARDDISK    1.0  PQ: 0 ANSI: 5
Oct 27 12:27:22 debian kernel: [    1.233450] e1000 0000:00:03.0 eth0: (PCI:33MHz:32-bit) 08:00:27:ec:98:dc
Oct 27 12:27:22 debian kernel: [    1.233454] e1000 0000:00:03.0 eth0: Intel(R) PRO/1000 Network Connection
Oct 27 12:27:22 debian kernel: [    1.430316] usb 1-1: new full-speed USB device number 2 using ohci-pci
Oct 27 12:27:22 debian kernel: [    1.535175] ata4: SATA link up 3.0 Gbps (SStatus 123 SControl 300)
Oct 27 12:27:22 debian kernel: [    1.535265] ata4.00: ATA-6: VBOX HARDDISK, 1.0, max UDMA/133
Oct 27 12:27:22 debian kernel: [    1.535266] ata4.00: 16777216 sectors, multi 128: LBA48 NCQ (depth 32)
Oct 27 12:27:22 debian kernel: [    1.535366] ata4.00: configured for UDMA/133
Oct 27 12:27:22 debian kernel: [    1.535511] scsi 3:0:0:0: Direct-Access     ATA      VBOX HARDDISK    1.0  PQ: 0 ANSI: 5
Oct 27 12:27:22 debian kernel: [    1.539156] sd 1:0:0:0: [sda] 20971520 512-byte logical blocks: (10.7 GB/10.0 GiB)
Oct 27 12:27:22 debian kernel: [    1.539159] sd 1:0:0:0: [sda] Write Protect is off
Oct 27 12:27:22 debian kernel: [    1.539160] sd 1:0:0:0: [sda] Mode Sense: 00 3a 00 00
Oct 27 12:27:22 debian kernel: [    1.539163] sd 1:0:0:0: [sda] Write cache: enabled, read cache: enabled, doesn't support DPO or FUA
Oct 27 12:27:22 debian kernel: [    1.539274] sd 3:0:0:0: [sdb] 16777216 512-byte logical blocks: (8.59 GB/8.00 GiB)
Oct 27 12:27:22 debian kernel: [    1.539276] sd 3:0:0:0: [sdb] Write Protect is off
Oct 27 12:27:22 debian kernel: [    1.539276] sd 3:0:0:0: [sdb] Mode Sense: 00 3a 00 00
Oct 27 12:27:22 debian kernel: [    1.539280] sd 3:0:0:0: [sdb] Write cache: enabled, read cache: enabled, doesn't support DPO or FUA
Oct 27 12:27:22 debian kernel: [    1.540157]  sdb: sdb1
Oct 27 12:27:22 debian kernel: [    1.540262] sd 3:0:0:0: [sdb] Attached SCSI disk
Oct 27 12:27:22 debian kernel: [    1.540537]  sda: sda1 sda2 < sda5 >
Oct 27 12:27:22 debian kernel: [    1.540650] sd 1:0:0:0: [sda] Attached SCSI disk
Oct 27 12:27:22 debian kernel: [    1.577235] e1000 0000:00:08.0 eth1: (PCI:33MHz:32-bit) 08:00:27:7f:d9:ec
Oct 27 12:27:22 debian kernel: [    1.577237] e1000 0000:00:08.0 eth1: Intel(R) PRO/1000 Network Connection
Oct 27 12:27:22 debian kernel: [    1.577843] e1000 0000:00:03.0 enp0s3: renamed from eth0
Oct 27 12:27:22 debian kernel: [    1.595067] e1000 0000:00:08.0 enp0s8: renamed from eth1
Oct 27 12:27:22 debian kernel: [    1.767836] usb 1-1: New USB device found, idVendor=80ee, idProduct=0021, bcdDevice= 1.00
Oct 27 12:27:22 debian kernel: [    1.767838] usb 1-1: New USB device strings: Mfr=1, Product=3, SerialNumber=0
Oct 27 12:27:22 debian kernel: [    1.767839] usb 1-1: Product: USB Tablet
Oct 27 12:27:22 debian kernel: [    1.767840] usb 1-1: Manufacturer: VirtualBox
Oct 27 12:27:22 debian kernel: [    1.768361] PM: Image not found (code -22)
Oct 27 12:27:22 debian kernel: [    1.777399] hidraw: raw HID events driver (C) Jiri Kosina
Oct 27 12:27:22 debian kernel: [    1.791369] usbcore: registered new interface driver usbhid
Oct 27 12:27:22 debian kernel: [    1.791370] usbhid: USB HID core driver
Oct 27 12:27:22 debian kernel: [    1.792264] input: VirtualBox USB Tablet as /devices/pci0000:00/0000:00:06.0/usb1/1-1/1-1:1.0/0003:80EE:0021.0001/input/input3
Oct 27 12:27:22 debian kernel: [    1.792302] hid-generic 0003:80EE:0021.0001: input,hidraw0: USB HID v1.10 Mouse [VirtualBox USB Tablet] on usb-0000:00:06.0-1/input0
Oct 27 12:27:22 debian kernel: [    1.895589] EXT4-fs (sda1): mounted filesystem with ordered data mode. Opts: (null)
Oct 27 12:27:22 debian kernel: [    2.179472] EXT4-fs (sda1): re-mounted. Opts: errors=remount-ro
Oct 27 12:27:22 debian kernel: [    2.287180] input: Power Button as /devices/LNXSYSTM:00/LNXPWRBN:00/input/input4
Oct 27 12:27:22 debian kernel: [    2.287197] ACPI: Power Button [PWRF]
Oct 27 12:27:22 debian kernel: [    2.287247] input: Sleep Button as /devices/LNXSYSTM:00/LNXSLPBN:00/input/input5
Oct 27 12:27:22 debian kernel: [    2.287252] ACPI: Sleep Button [SLPF]
Oct 27 12:27:22 debian kernel: [    2.287804] ACPI: AC Adapter [AC] (on-line)
Oct 27 12:27:22 debian kernel: [    2.288538] ACPI: Video Device [GFX0] (multi-head: yes  rom: no  post: no)
Oct 27 12:27:22 debian kernel: [    2.288568] input: Video Bus as /devices/LNXSYSTM:00/LNXSYBUS:00/PNP0A03:00/LNXVIDEO:00/input/input6
Oct 27 12:27:22 debian kernel: [    2.291608] vboxguest: host-version: 6.1.26r145957 0x8000000f
Oct 27 12:27:22 debian kernel: [    2.292314] vbg_heartbeat_init: Setting up heartbeat to trigger every 2000 milliseconds
Oct 27 12:27:22 debian kernel: [    2.295883] input: VirtualBox mouse integration as /devices/pci0000:00/0000:00:04.0/input/input7
Oct 27 12:27:22 debian kernel: [    2.297613] vboxguest: misc device minor 58, IRQ 20, I/O port d040, MMIO at 0x00000000f0400000 (size 0x0000000000400000)
Oct 27 12:27:22 debian kernel: [    2.307502] sd 1:0:0:0: Attached scsi generic sg0 type 0
Oct 27 12:27:22 debian kernel: [    2.307581] sd 3:0:0:0: Attached scsi generic sg1 type 0
Oct 27 12:27:22 debian kernel: [    2.324940] input: PC Speaker as /devices/platform/pcspkr/input/input8
Oct 27 12:27:22 debian kernel: [    2.397088] [drm] DMA map mode: Using physical TTM page addresses.
Oct 27 12:27:22 debian kernel: [    2.397121] [drm] Capabilities:
Oct 27 12:27:22 debian kernel: [    2.397121] [drm]   Cursor.
Oct 27 12:27:22 debian kernel: [    2.397122] [drm]   Cursor bypass 2.
Oct 27 12:27:22 debian kernel: [    2.397122] [drm]   Alpha cursor.
Oct 27 12:27:22 debian kernel: [    2.397122] [drm]   3D.
Oct 27 12:27:22 debian kernel: [    2.397122] [drm]   Extended Fifo.
Oct 27 12:27:22 debian kernel: [    2.397123] [drm]   Pitchlock.
Oct 27 12:27:22 debian kernel: [    2.397123] [drm]   Irq mask.
Oct 27 12:27:22 debian kernel: [    2.397123] [drm]   GMR.
Oct 27 12:27:22 debian kernel: [    2.397123] [drm]   Traces.
Oct 27 12:27:22 debian kernel: [    2.397123] [drm]   GMR2.
Oct 27 12:27:22 debian kernel: [    2.397124] [drm]   Screen Object 2.
Oct 27 12:27:22 debian kernel: [    2.397124] [drm] Max GMR ids is 8192
Oct 27 12:27:22 debian kernel: [    2.397125] [drm] Max number of GMR pages is 1048576
Oct 27 12:27:22 debian kernel: [    2.397125] [drm] Max dedicated hypervisor surface memory is 507904 kiB
Oct 27 12:27:22 debian kernel: [    2.397125] [drm] Maximum display memory size is 16384 kiB
Oct 27 12:27:22 debian kernel: [    2.397126] [drm] VRAM at 0xe0000000 size is 16384 kiB
Oct 27 12:27:22 debian kernel: [    2.397127] [drm] MMIO at 0xf0000000 size is 2048 kiB
Oct 27 12:27:22 debian kernel: [    2.397128] [drm] global init.
Oct 27 12:27:22 debian kernel: [    2.397580] [TTM] Zone  kernel: Available graphics memory: 2020764 kiB
Oct 27 12:27:22 debian kernel: [    2.397580] [TTM] Initializing pool allocator
Oct 27 12:27:22 debian kernel: [    2.397584] [TTM] Initializing DMA pool allocator
Oct 27 12:27:22 debian kernel: [    2.397678] [drm] Supports vblank timestamp caching Rev 2 (21.10.2013).
Oct 27 12:27:22 debian kernel: [    2.397678] [drm] No driver support for vblank timestamp query.
Oct 27 12:27:22 debian kernel: [    2.397837] [drm] Screen Objects Display Unit initialized
Oct 27 12:27:22 debian kernel: [    2.397867] [drm] width 720
Oct 27 12:27:22 debian kernel: [    2.397880] [drm] height 400
Oct 27 12:27:22 debian kernel: [    2.397887] [drm] bpp 32
Oct 27 12:27:22 debian kernel: [    2.398038] [drm] Fifo max 0x00200000 min 0x00001000 cap 0x00000355
Oct 27 12:27:22 debian kernel: [    2.398046] [drm] DX: no.
Oct 27 12:27:22 debian kernel: [    2.398046] [drm] Atomic: yes.
Oct 27 12:27:22 debian kernel: [    2.398046] [drm] SM4_1: no.
Oct 27 12:27:22 debian kernel: [    2.398058] [drm:vmw_host_log [vmwgfx]] *ERROR* Failed to send host log message.
Oct 27 12:27:22 debian kernel: [    2.398064] [drm:vmw_host_log [vmwgfx]] *ERROR* Failed to send host log message.
Oct 27 12:27:22 debian kernel: [    2.403874] Decoding supported only on Scalable MCA processors.
Oct 27 12:27:22 debian kernel: [    2.430924] Decoding supported only on Scalable MCA processors.
Oct 27 12:27:22 debian kernel: [    2.435724] fbcon: svgadrmfb (fb0) is primary device
Oct 27 12:27:22 debian kernel: [    2.437907] Console: switching to colour frame buffer device 100x37
Oct 27 12:27:22 debian kernel: [    2.438327] EXT4-fs (sdb1): recovery complete
Oct 27 12:27:22 debian kernel: [    2.438335] EXT4-fs (sdb1): mounted filesystem with ordered data mode. Opts: (null)
Oct 27 12:27:22 debian kernel: [    2.441602] [drm] Initialized vmwgfx 2.15.0 20180704 for 0000:00:02.0 on minor 0
Oct 27 12:27:22 debian kernel: [    2.449082] Adding 2095100k swap on /dev/sda5.  Priority:-2 extents:1 across:2095100k FS
Oct 27 12:27:22 debian kernel: [    2.482999] audit: type=1400 audit(1635348442.164:2): apparmor="STATUS" operation="profile_load" profile="unconfined" name="nvidia_modprobe" pid=381 comm="apparmor_parser"
Oct 27 12:27:22 debian kernel: [    2.483002] audit: type=1400 audit(1635348442.164:3): apparmor="STATUS" operation="profile_load" profile="unconfined" name="nvidia_modprobe//kmod" pid=381 comm="apparmor_parser"
Oct 27 12:27:22 debian kernel: [    2.483678] audit: type=1400 audit(1635348442.164:4): apparmor="STATUS" operation="profile_load" profile="unconfined" name="/usr/bin/man" pid=382 comm="apparmor_parser"
Oct 27 12:27:22 debian kernel: [    2.483680] audit: type=1400 audit(1635348442.164:5): apparmor="STATUS" operation="profile_load" profile="unconfined" name="man_filter" pid=382 comm="apparmor_parser"
Oct 27 12:27:22 debian kernel: [    2.483681] audit: type=1400 audit(1635348442.164:6): apparmor="STATUS" operation="profile_load" profile="unconfined" name="man_groff" pid=382 comm="apparmor_parser"
Oct 27 12:27:22 debian kernel: [    2.529624] IPv6: ADDRCONF(NETDEV_UP): enp0s3: link is not ready
Oct 27 12:27:22 debian kernel: [    2.660571] snd_intel8x0 0000:00:05.0: white list rate for 1028:0177 is 48000
Oct 27 12:27:24 debian kernel: [    4.563336] e1000: enp0s3 NIC Link is Up 1000 Mbps Full Duplex, Flow Control: RX
Oct 27 12:27:24 debian kernel: [    4.563597] IPv6: ADDRCONF(NETDEV_CHANGE): enp0s3: link becomes ready
Oct 27 12:31:23 debian kernel: [    0.000000] Linux version 4.19.0-9-amd64 (debian-kernel@lists.debian.org) (gcc version 8.3.0 (Debian 8.3.0-6)) #1 SMP Debian 4.19.118-2 (2020-04-29)
Oct 27 12:31:23 debian kernel: [    0.000000] Command line: BOOT_IMAGE=/boot/vmlinuz-4.19.0-9-amd64 root=UUID=cd2cb4ca-39bd-4522-919c-e4ceb81b5ae8 ro quiet
Oct 27 12:31:23 debian kernel: [    0.000000] [Firmware Bug]: TSC doesn't count with P0 frequency!
Oct 27 12:31:23 debian kernel: [    0.000000] x86/fpu: Supporting XSAVE feature 0x001: 'x87 floating point registers'
Oct 27 12:31:23 debian kernel: [    0.000000] x86/fpu: Supporting XSAVE feature 0x002: 'SSE registers'
Oct 27 12:31:23 debian kernel: [    0.000000] x86/fpu: Supporting XSAVE feature 0x004: 'AVX registers'
Oct 27 12:31:23 debian kernel: [    0.000000] x86/fpu: xstate_offset[2]:  576, xstate_sizes[2]:  256
Oct 27 12:31:23 debian kernel: [    0.000000] x86/fpu: Enabled xstate features 0x7, context size is 832 bytes, using 'standard' format.
Oct 27 12:31:23 debian kernel: [    0.000000] BIOS-provided physical RAM map:
Oct 27 12:31:23 debian kernel: [    0.000000] BIOS-e820: [mem 0x0000000000000000-0x000000000009fbff] usable
Oct 27 12:31:23 debian kernel: [    0.000000] BIOS-e820: [mem 0x000000000009fc00-0x000000000009ffff] reserved
Oct 27 12:31:23 debian kernel: [    0.000000] BIOS-e820: [mem 0x00000000000f0000-0x00000000000fffff] reserved
Oct 27 12:31:23 debian kernel: [    0.000000] BIOS-e820: [mem 0x0000000000100000-0x00000000dffeffff] usable
Oct 27 12:31:23 debian kernel: [    0.000000] BIOS-e820: [mem 0x00000000dfff0000-0x00000000dfffffff] ACPI data
Oct 27 12:31:23 debian kernel: [    0.000000] BIOS-e820: [mem 0x00000000fec00000-0x00000000fec00fff] reserved
Oct 27 12:31:23 debian kernel: [    0.000000] BIOS-e820: [mem 0x00000000fee00000-0x00000000fee00fff] reserved
Oct 27 12:31:23 debian kernel: [    0.000000] BIOS-e820: [mem 0x00000000fffc0000-0x00000000ffffffff] reserved
Oct 27 12:31:23 debian kernel: [    0.000000] BIOS-e820: [mem 0x0000000100000000-0x000000011fffffff] usable
Oct 27 12:31:23 debian kernel: [    0.000000] NX (Execute Disable) protection: active
Oct 27 12:31:23 debian kernel: [    0.000000] SMBIOS 2.5 present.
Oct 27 12:31:23 debian kernel: [    0.000000] DMI: innotek GmbH VirtualBox/VirtualBox, BIOS VirtualBox 12/01/2006
Oct 27 12:31:23 debian kernel: [    0.000000] Hypervisor detected: KVM
Oct 27 12:31:23 debian kernel: [    0.000000] kvm-clock: Using msrs 4b564d01 and 4b564d00
Oct 27 12:31:23 debian kernel: [    0.000000] kvm-clock: cpu 0, msr afde8001, primary cpu clock
Oct 27 12:31:23 debian kernel: [    0.000000] kvm-clock: using sched offset of 8515398227 cycles
Oct 27 12:31:23 debian kernel: [    0.000001] clocksource: kvm-clock: mask: 0xffffffffffffffff max_cycles: 0x1cd42e4dffb, max_idle_ns: 881590591483 ns
Oct 27 12:31:23 debian kernel: [    0.000002] tsc: Detected 3600.000 MHz processor
Oct 27 12:31:23 debian kernel: [    0.001600] e820: update [mem 0x00000000-0x00000fff] usable ==> reserved
Oct 27 12:31:23 debian kernel: [    0.001601] e820: remove [mem 0x000a0000-0x000fffff] usable
Oct 27 12:31:23 debian kernel: [    0.001604] last_pfn = 0x120000 max_arch_pfn = 0x400000000
Oct 27 12:31:23 debian kernel: [    0.001614] MTRR default type: uncachable
Oct 27 12:31:23 debian kernel: [    0.001615] MTRR variable ranges disabled:
Oct 27 12:31:23 debian kernel: [    0.001616] Disabled
Oct 27 12:31:23 debian kernel: [    0.001616] x86/PAT: MTRRs disabled, skipping PAT initialization too.
Oct 27 12:31:23 debian kernel: [    0.001618] CPU MTRRs all blank - virtualized system.
Oct 27 12:31:23 debian kernel: [    0.001619] x86/PAT: Configuration [0-7]: WB  WT  UC- UC  WB  WT  UC- UC  
Oct 27 12:31:23 debian kernel: [    0.001623] last_pfn = 0xdfff0 max_arch_pfn = 0x400000000
Oct 27 12:31:23 debian kernel: [    0.001645] found SMP MP-table at [mem 0x0009fff0-0x0009ffff]
Oct 27 12:31:23 debian kernel: [    0.063168] BRK [0xb0001000, 0xb0001fff] PGTABLE
Oct 27 12:31:23 debian kernel: [    0.063170] BRK [0xb0002000, 0xb0002fff] PGTABLE
Oct 27 12:31:23 debian kernel: [    0.063170] BRK [0xb0003000, 0xb0003fff] PGTABLE
Oct 27 12:31:23 debian kernel: [    0.063180] BRK [0xb0004000, 0xb0004fff] PGTABLE
Oct 27 12:31:23 debian kernel: [    0.063181] BRK [0xb0005000, 0xb0005fff] PGTABLE
Oct 27 12:31:23 debian kernel: [    0.064096] RAMDISK: [mem 0x34e8b000-0x3673cfff]
Oct 27 12:31:23 debian kernel: [    0.064103] ACPI: Early table checksum verification disabled
Oct 27 12:31:23 debian kernel: [    0.064110] ACPI: RSDP 0x00000000000E0000 000024 (v02 VBOX  )
Oct 27 12:31:23 debian kernel: [    0.064113] ACPI: XSDT 0x00000000DFFF0030 00003C (v01 VBOX   VBOXXSDT 00000001 ASL  00000061)
Oct 27 12:31:23 debian kernel: [    0.064117] ACPI: FACP 0x00000000DFFF00F0 0000F4 (v04 VBOX   VBOXFACP 00000001 ASL  00000061)
Oct 27 12:31:23 debian kernel: [    0.064120] ACPI: DSDT 0x00000000DFFF0470 002325 (v02 VBOX   VBOXBIOS 00000002 INTL 20100528)
Oct 27 12:31:23 debian kernel: [    0.064122] ACPI: FACS 0x00000000DFFF0200 000040
Oct 27 12:31:23 debian kernel: [    0.064123] ACPI: FACS 0x00000000DFFF0200 000040
Oct 27 12:31:23 debian kernel: [    0.064124] ACPI: APIC 0x00000000DFFF0240 00005C (v02 VBOX   VBOXAPIC 00000001 ASL  00000061)
Oct 27 12:31:23 debian kernel: [    0.064125] ACPI: SSDT 0x00000000DFFF02A0 0001CC (v01 VBOX   VBOXCPUT 00000002 INTL 20100528)
Oct 27 12:31:23 debian kernel: [    0.064130] ACPI: Local APIC address 0xfee00000
Oct 27 12:31:23 debian kernel: [    0.064321] No NUMA configuration found
Oct 27 12:31:23 debian kernel: [    0.064322] Faking a node at [mem 0x0000000000000000-0x000000011fffffff]
Oct 27 12:31:23 debian kernel: [    0.064325] NODE_DATA(0) allocated [mem 0x11fff7000-0x11fffbfff]
Oct 27 12:31:23 debian kernel: [    0.065066] Zone ranges:
Oct 27 12:31:23 debian kernel: [    0.065067]   DMA      [mem 0x0000000000001000-0x0000000000ffffff]
Oct 27 12:31:23 debian kernel: [    0.065068]   DMA32    [mem 0x0000000001000000-0x00000000ffffffff]
Oct 27 12:31:23 debian kernel: [    0.065068]   Normal   [mem 0x0000000100000000-0x000000011fffffff]
Oct 27 12:31:23 debian kernel: [    0.065069]   Device   empty
Oct 27 12:31:23 debian kernel: [    0.065069] Movable zone start for each node
Oct 27 12:31:23 debian kernel: [    0.065070] Early memory node ranges
Oct 27 12:31:23 debian kernel: [    0.065070]   node   0: [mem 0x0000000000001000-0x000000000009efff]
Oct 27 12:31:23 debian kernel: [    0.065071]   node   0: [mem 0x0000000000100000-0x00000000dffeffff]
Oct 27 12:31:23 debian kernel: [    0.065071]   node   0: [mem 0x0000000100000000-0x000000011fffffff]
Oct 27 12:31:23 debian kernel: [    0.066524] Zeroed struct page in unavailable ranges: 114 pages
Oct 27 12:31:23 debian kernel: [    0.066525] Initmem setup node 0 [mem 0x0000000000001000-0x000000011fffffff]
Oct 27 12:31:23 debian kernel: [    0.066526] On node 0 totalpages: 1048462
Oct 27 12:31:23 debian kernel: [    0.066527]   DMA zone: 64 pages used for memmap
Oct 27 12:31:23 debian kernel: [    0.066527]   DMA zone: 21 pages reserved
