Oct 27 11:21:40 debian kernel: [    0.000000] Linux version 4.19.0-9-amd64 (debian-kernel@lists.debian.org) (gcc version 8.3.0 (Debian 8.3.0-6)) #1 SMP Debian 4.19.118-2 (2020-04-29)
Oct 27 11:21:40 debian kernel: [    0.000000] Command line: BOOT_IMAGE=/boot/vmlinuz-4.19.0-9-amd64 root=UUID=cd2cb4ca-39bd-4522-919c-e4ceb81b5ae8 ro quiet
Oct 27 11:21:40 debian kernel: [    0.000000] [Firmware Bug]: TSC doesn't count with P0 frequency!
Oct 27 11:21:40 debian kernel: [    0.000000] x86/fpu: Supporting XSAVE feature 0x001: 'x87 floating point registers'
Oct 27 11:21:40 debian kernel: [    0.000000] x86/fpu: Supporting XSAVE feature 0x002: 'SSE registers'
Oct 27 11:21:40 debian kernel: [    0.000000] x86/fpu: Supporting XSAVE feature 0x004: 'AVX registers'
Oct 27 11:21:40 debian kernel: [    0.000000] x86/fpu: xstate_offset[2]:  576, xstate_sizes[2]:  256
Oct 27 11:21:40 debian kernel: [    0.000000] x86/fpu: Enabled xstate features 0x7, context size is 832 bytes, using 'standard' format.
Oct 27 11:21:40 debian kernel: [    0.000000] BIOS-provided physical RAM map:
Oct 27 11:21:40 debian kernel: [    0.000000] BIOS-e820: [mem 0x0000000000000000-0x000000000009fbff] usable
Oct 27 11:21:40 debian kernel: [    0.000000] BIOS-e820: [mem 0x000000000009fc00-0x000000000009ffff] reserved
Oct 27 11:21:40 debian kernel: [    0.000000] BIOS-e820: [mem 0x00000000000f0000-0x00000000000fffff] reserved
Oct 27 11:21:40 debian kernel: [    0.000000] BIOS-e820: [mem 0x0000000000100000-0x00000000dffeffff] usable
Oct 27 11:21:40 debian kernel: [    0.000000] BIOS-e820: [mem 0x00000000dfff0000-0x00000000dfffffff] ACPI data
Oct 27 11:21:40 debian kernel: [    0.000000] BIOS-e820: [mem 0x00000000fec00000-0x00000000fec00fff] reserved
Oct 27 11:21:40 debian kernel: [    0.000000] BIOS-e820: [mem 0x00000000fee00000-0x00000000fee00fff] reserved
Oct 27 11:21:40 debian kernel: [    0.000000] BIOS-e820: [mem 0x00000000fffc0000-0x00000000ffffffff] reserved
Oct 27 11:21:40 debian kernel: [    0.000000] BIOS-e820: [mem 0x0000000100000000-0x000000011fffffff] usable
Oct 27 11:21:40 debian kernel: [    0.000000] NX (Execute Disable) protection: active
Oct 27 11:21:40 debian kernel: [    0.000000] SMBIOS 2.5 present.
Oct 27 11:21:40 debian kernel: [    0.000000] DMI: innotek GmbH VirtualBox/VirtualBox, BIOS VirtualBox 12/01/2006
Oct 27 11:21:40 debian kernel: [    0.000000] Hypervisor detected: KVM
Oct 27 11:21:40 debian kernel: [    0.000000] kvm-clock: Using msrs 4b564d01 and 4b564d00
Oct 27 11:21:40 debian kernel: [    0.000000] kvm-clock: cpu 0, msr 21fe8001, primary cpu clock
Oct 27 11:21:40 debian kernel: [    0.000000] kvm-clock: using sched offset of 8491128833 cycles
Oct 27 11:21:40 debian kernel: [    0.000001] clocksource: kvm-clock: mask: 0xffffffffffffffff max_cycles: 0x1cd42e4dffb, max_idle_ns: 881590591483 ns
Oct 27 11:21:40 debian kernel: [    0.000002] tsc: Detected 3600.000 MHz processor
Oct 27 11:21:40 debian kernel: [    0.001547] e820: update [mem 0x00000000-0x00000fff] usable ==> reserved
Oct 27 11:21:40 debian kernel: [    0.001548] e820: remove [mem 0x000a0000-0x000fffff] usable
Oct 27 11:21:40 debian kernel: [    0.001551] last_pfn = 0x120000 max_arch_pfn = 0x400000000
Oct 27 11:21:40 debian kernel: [    0.001560] MTRR default type: uncachable
Oct 27 11:21:40 debian kernel: [    0.001561] MTRR variable ranges disabled:
Oct 27 11:21:40 debian kernel: [    0.001561] Disabled
Oct 27 11:21:40 debian kernel: [    0.001562] x86/PAT: MTRRs disabled, skipping PAT initialization too.
Oct 27 11:21:40 debian kernel: [    0.001563] CPU MTRRs all blank - virtualized system.
Oct 27 11:21:40 debian kernel: [    0.001565] x86/PAT: Configuration [0-7]: WB  WT  UC- UC  WB  WT  UC- UC  
Oct 27 11:21:40 debian kernel: [    0.001568] last_pfn = 0xdfff0 max_arch_pfn = 0x400000000
Oct 27 11:21:40 debian kernel: [    0.001589] found SMP MP-table at [mem 0x0009fff0-0x0009ffff]
Oct 27 11:21:40 debian kernel: [    0.061633] BRK [0x22201000, 0x22201fff] PGTABLE
Oct 27 11:21:40 debian kernel: [    0.061634] BRK [0x22202000, 0x22202fff] PGTABLE
Oct 27 11:21:40 debian kernel: [    0.061635] BRK [0x22203000, 0x22203fff] PGTABLE
Oct 27 11:21:40 debian kernel: [    0.061647] BRK [0x22204000, 0x22204fff] PGTABLE
Oct 27 11:21:40 debian kernel: [    0.061648] BRK [0x22205000, 0x22205fff] PGTABLE
Oct 27 11:21:40 debian kernel: [    0.062518] RAMDISK: [mem 0x34e8b000-0x3673cfff]
Oct 27 11:21:40 debian kernel: [    0.062528] ACPI: Early table checksum verification disabled
Oct 27 11:21:40 debian kernel: [    0.062539] ACPI: RSDP 0x00000000000E0000 000024 (v02 VBOX  )
Oct 27 11:21:40 debian kernel: [    0.062543] ACPI: XSDT 0x00000000DFFF0030 00003C (v01 VBOX   VBOXXSDT 00000001 ASL  00000061)
Oct 27 11:21:40 debian kernel: [    0.062548] ACPI: FACP 0x00000000DFFF00F0 0000F4 (v04 VBOX   VBOXFACP 00000001 ASL  00000061)
Oct 27 11:21:40 debian kernel: [    0.062552] ACPI: DSDT 0x00000000DFFF0470 002325 (v02 VBOX   VBOXBIOS 00000002 INTL 20100528)
Oct 27 11:21:40 debian kernel: [    0.062554] ACPI: FACS 0x00000000DFFF0200 000040
Oct 27 11:21:40 debian kernel: [    0.062555] ACPI: FACS 0x00000000DFFF0200 000040
Oct 27 11:21:40 debian kernel: [    0.062556] ACPI: APIC 0x00000000DFFF0240 00005C (v02 VBOX   VBOXAPIC 00000001 ASL  00000061)
Oct 27 11:21:40 debian kernel: [    0.062558] ACPI: SSDT 0x00000000DFFF02A0 0001CC (v01 VBOX   VBOXCPUT 00000002 INTL 20100528)
Oct 27 11:21:40 debian kernel: [    0.062565] ACPI: Local APIC address 0xfee00000
Oct 27 11:21:40 debian kernel: [    0.062781] No NUMA configuration found
Oct 27 11:21:40 debian kernel: [    0.062782] Faking a node at [mem 0x0000000000000000-0x000000011fffffff]
Oct 27 11:21:40 debian kernel: [    0.062785] NODE_DATA(0) allocated [mem 0x11fff7000-0x11fffbfff]
Oct 27 11:21:40 debian kernel: [    0.063883] Zone ranges:
Oct 27 11:21:40 debian kernel: [    0.063884]   DMA      [mem 0x0000000000001000-0x0000000000ffffff]
Oct 27 11:21:40 debian kernel: [    0.063885]   DMA32    [mem 0x0000000001000000-0x00000000ffffffff]
Oct 27 11:21:40 debian kernel: [    0.063886]   Normal   [mem 0x0000000100000000-0x000000011fffffff]
Oct 27 11:21:40 debian kernel: [    0.063886]   Device   empty
Oct 27 11:21:40 debian kernel: [    0.063887] Movable zone start for each node
Oct 27 11:21:40 debian kernel: [    0.063887] Early memory node ranges
Oct 27 11:21:40 debian kernel: [    0.063888]   node   0: [mem 0x0000000000001000-0x000000000009efff]
Oct 27 11:21:40 debian kernel: [    0.063888]   node   0: [mem 0x0000000000100000-0x00000000dffeffff]
Oct 27 11:21:40 debian kernel: [    0.063888]   node   0: [mem 0x0000000100000000-0x000000011fffffff]
Oct 27 11:21:40 debian kernel: [    0.065389] Zeroed struct page in unavailable ranges: 114 pages
Oct 27 11:21:40 debian kernel: [    0.065390] Initmem setup node 0 [mem 0x0000000000001000-0x000000011fffffff]
Oct 27 11:21:40 debian kernel: [    0.065391] On node 0 totalpages: 1048462
Oct 27 11:21:40 debian kernel: [    0.065393]   DMA zone: 64 pages used for memmap
Oct 27 11:21:40 debian kernel: [    0.065393]   DMA zone: 21 pages reserved
Oct 27 11:21:40 debian kernel: [    0.065393]   DMA zone: 3998 pages, LIFO batch:0
Oct 27 11:21:40 debian kernel: [    0.065451]   DMA32 zone: 14272 pages used for memmap
Oct 27 11:21:40 debian kernel: [    0.065451]   DMA32 zone: 913392 pages, LIFO batch:63
Oct 27 11:21:40 debian kernel: [    0.098620]   Normal zone: 2048 pages used for memmap
Oct 27 11:21:40 debian kernel: [    0.098622]   Normal zone: 131072 pages, LIFO batch:31
Oct 27 11:21:40 debian kernel: [    0.104208] ACPI: PM-Timer IO Port: 0x4008
Oct 27 11:21:40 debian kernel: [    0.104211] ACPI: Local APIC address 0xfee00000
Oct 27 11:21:40 debian kernel: [    0.104257] IOAPIC[0]: apic_id 2, version 32, address 0xfec00000, GSI 0-23
Oct 27 11:21:40 debian kernel: [    0.104259] ACPI: INT_SRC_OVR (bus 0 bus_irq 0 global_irq 2 dfl dfl)
Oct 27 11:21:40 debian kernel: [    0.104261] ACPI: INT_SRC_OVR (bus 0 bus_irq 9 global_irq 9 low level)
Oct 27 11:21:40 debian kernel: [    0.104262] ACPI: IRQ0 used by override.
Oct 27 11:21:40 debian kernel: [    0.104263] ACPI: IRQ9 used by override.
Oct 27 11:21:40 debian kernel: [    0.104264] Using ACPI (MADT) for SMP configuration information
Oct 27 11:21:40 debian kernel: [    0.104269] smpboot: Allowing 2 CPUs, 0 hotplug CPUs
Oct 27 11:21:40 debian kernel: [    0.104289] PM: Registered nosave memory: [mem 0x00000000-0x00000fff]
Oct 27 11:21:40 debian kernel: [    0.104290] PM: Registered nosave memory: [mem 0x0009f000-0x0009ffff]
Oct 27 11:21:40 debian kernel: [    0.104290] PM: Registered nosave memory: [mem 0x000a0000-0x000effff]
Oct 27 11:21:40 debian kernel: [    0.104291] PM: Registered nosave memory: [mem 0x000f0000-0x000fffff]
Oct 27 11:21:40 debian kernel: [    0.104291] PM: Registered nosave memory: [mem 0xdfff0000-0xdfffffff]
Oct 27 11:21:40 debian kernel: [    0.104292] PM: Registered nosave memory: [mem 0xe0000000-0xfebfffff]
Oct 27 11:21:40 debian kernel: [    0.104292] PM: Registered nosave memory: [mem 0xfec00000-0xfec00fff]
Oct 27 11:21:40 debian kernel: [    0.104292] PM: Registered nosave memory: [mem 0xfec01000-0xfedfffff]
Oct 27 11:21:40 debian kernel: [    0.104293] PM: Registered nosave memory: [mem 0xfee00000-0xfee00fff]
Oct 27 11:21:40 debian kernel: [    0.104293] PM: Registered nosave memory: [mem 0xfee01000-0xfffbffff]
Oct 27 11:21:40 debian kernel: [    0.104293] PM: Registered nosave memory: [mem 0xfffc0000-0xffffffff]
Oct 27 11:21:40 debian kernel: [    0.104295] [mem 0xe0000000-0xfebfffff] available for PCI devices
Oct 27 11:21:40 debian kernel: [    0.104295] Booting paravirtualized kernel on KVM
Oct 27 11:21:40 debian kernel: [    0.104298] clocksource: refined-jiffies: mask: 0xffffffff max_cycles: 0xffffffff, max_idle_ns: 7645519600211568 ns
Oct 27 11:21:40 debian kernel: [    0.165466] random: get_random_bytes called from start_kernel+0x93/0x52c with crng_init=0
Oct 27 11:21:40 debian kernel: [    0.165472] setup_percpu: NR_CPUS:512 nr_cpumask_bits:512 nr_cpu_ids:2 nr_node_ids:1
Oct 27 11:21:40 debian kernel: [    0.166337] percpu: Embedded 45 pages/cpu s144408 r8192 d31720 u1048576
Oct 27 11:21:40 debian kernel: [    0.166340] pcpu-alloc: s144408 r8192 d31720 u1048576 alloc=1*2097152
Oct 27 11:21:40 debian kernel: [    0.166341] pcpu-alloc: [0] 0 1 
Oct 27 11:21:40 debian kernel: [    0.166358] PV qspinlock hash table entries: 256 (order: 0, 4096 bytes)
Oct 27 11:21:40 debian kernel: [    0.166362] Built 1 zonelists, mobility grouping on.  Total pages: 1032057
Oct 27 11:21:40 debian kernel: [    0.166363] Policy zone: Normal
Oct 27 11:21:40 debian kernel: [    0.166364] Kernel command line: BOOT_IMAGE=/boot/vmlinuz-4.19.0-9-amd64 root=UUID=cd2cb4ca-39bd-4522-919c-e4ceb81b5ae8 ro quiet
Oct 27 11:21:40 debian kernel: [    0.184499] Calgary: detecting Calgary via BIOS EBDA area
Oct 27 11:21:40 debian kernel: [    0.184501] Calgary: Unable to locate Rio Grande table in EBDA - bailing!
Oct 27 11:21:40 debian kernel: [    0.191817] Memory: 4011820K/4193848K available (10252K kernel code, 1241K rwdata, 3316K rodata, 1588K init, 2276K bss, 182028K reserved, 0K cma-reserved)
Oct 27 11:21:40 debian kernel: [    0.192692] SLUB: HWalign=64, Order=0-3, MinObjects=0, CPUs=2, Nodes=1
Oct 27 11:21:40 debian kernel: [    0.192699] ftrace: allocating 31879 entries in 125 pages
Oct 27 11:21:40 debian kernel: [    0.201608] rcu: Hierarchical RCU implementation.
Oct 27 11:21:40 debian kernel: [    0.201609] rcu: 	RCU restricting CPUs from NR_CPUS=512 to nr_cpu_ids=2.
Oct 27 11:21:40 debian kernel: [    0.201610] rcu: Adjusting geometry for rcu_fanout_leaf=16, nr_cpu_ids=2
Oct 27 11:21:40 debian kernel: [    0.203392] NR_IRQS: 33024, nr_irqs: 440, preallocated irqs: 16
Oct 27 11:21:40 debian kernel: [    0.209833] Console: colour VGA+ 80x25
Oct 27 11:21:40 debian kernel: [    0.209835] console [tty0] enabled
Oct 27 11:21:40 debian kernel: [    0.209845] ACPI: Core revision 20180810
Oct 27 11:21:40 debian kernel: [    0.209936] APIC: Switch to symmetric I/O mode setup
Oct 27 11:21:40 debian kernel: [    0.210107] x2apic enabled
Oct 27 11:21:40 debian kernel: [    0.210275] Switched APIC routing to physical x2apic.
Oct 27 11:21:40 debian kernel: [    0.211092] ..TIMER: vector=0x30 apic1=0 pin1=2 apic2=-1 pin2=-1
Oct 27 11:21:40 debian kernel: [    0.211108] clocksource: tsc-early: mask: 0xffffffffffffffff max_cycles: 0x33e452fbb2f, max_idle_ns: 440795236593 ns
Oct 27 11:21:40 debian kernel: [    0.211115] Calibrating delay loop (skipped) preset value.. 7200.00 BogoMIPS (lpj=14400000)
Oct 27 11:21:40 debian kernel: [    0.211116] pid_max: default: 32768 minimum: 301
Oct 27 11:21:40 debian kernel: [    0.211135] Security Framework initialized
Oct 27 11:21:40 debian kernel: [    0.211135] Yama: disabled by default; enable with sysctl kernel.yama.*
Oct 27 11:21:40 debian kernel: [    0.211145] AppArmor: AppArmor initialized
Oct 27 11:21:40 debian kernel: [    0.212949] Dentry cache hash table entries: 524288 (order: 10, 4194304 bytes)
Oct 27 11:21:40 debian kernel: [    0.214014] Inode-cache hash table entries: 262144 (order: 9, 2097152 bytes)
Oct 27 11:21:40 debian kernel: [    0.214022] Mount-cache hash table entries: 8192 (order: 4, 65536 bytes)
Oct 27 11:21:40 debian kernel: [    0.214025] Mountpoint-cache hash table entries: 8192 (order: 4, 65536 bytes)
Oct 27 11:21:40 debian kernel: [    0.214213] Last level iTLB entries: 4KB 1024, 2MB 1024, 4MB 512
Oct 27 11:21:40 debian kernel: [    0.214214] Last level dTLB entries: 4KB 2048, 2MB 2048, 4MB 1024, 1GB 0
Oct 27 11:21:40 debian kernel: [    0.214214] Spectre V1 : Mitigation: usercopy/swapgs barriers and __user pointer sanitization
Oct 27 11:21:40 debian kernel: [    0.214215] Spectre V2 : Spectre mitigation: LFENCE not serializing, switching to generic retpoline
Oct 27 11:21:40 debian kernel: [    0.214437] Spectre V2 : Mitigation: Full generic retpoline
Oct 27 11:21:40 debian kernel: [    0.214437] Spectre V2 : Spectre v2 / SpectreRSB mitigation: Filling RSB on context switch
Oct 27 11:21:40 debian kernel: [    0.214438] Speculative Store Bypass: Mitigation: Speculative Store Bypass disabled via prctl and seccomp
Oct 27 11:21:40 debian kernel: [    0.214563] Freeing SMP alternatives memory: 24K
Oct 27 11:21:40 debian kernel: [    0.324316] smpboot: CPU0: AMD Ryzen 5 3600 6-Core Processor (family: 0x17, model: 0x71, stepping: 0x0)
Oct 27 11:21:40 debian kernel: [    0.324373] Performance Events: PMU not available due to virtualization, using software events only.
Oct 27 11:21:40 debian kernel: [    0.324405] rcu: Hierarchical SRCU implementation.
Oct 27 11:21:40 debian kernel: [    0.324741] random: crng done (trusting CPU's manufacturer)
Oct 27 11:21:40 debian kernel: [    0.324750] NMI watchdog: Perf NMI watchdog permanently disabled
Oct 27 11:21:40 debian kernel: [    0.324787] smp: Bringing up secondary CPUs ...
Oct 27 11:21:40 debian kernel: [    0.325690] x86: Booting SMP configuration:
Oct 27 11:21:40 debian kernel: [    0.325691] .... node  #0, CPUs:      #1
Oct 27 11:21:40 debian kernel: [    0.011469] kvm-clock: cpu 1, msr 21fe8041, secondary cpu clock
Oct 27 11:21:40 debian kernel: [    0.327132] smp: Brought up 1 node, 2 CPUs
Oct 27 11:21:40 debian kernel: [    0.327132] smpboot: Max logical packages: 1
Oct 27 11:21:40 debian kernel: [    0.327132] smpboot: Total of 2 processors activated (14400.00 BogoMIPS)
Oct 27 11:21:40 debian kernel: [    0.327271] devtmpfs: initialized
Oct 27 11:21:40 debian kernel: [    0.327271] x86/mm: Memory block size: 128MB
Oct 27 11:21:40 debian kernel: [    0.327410] clocksource: jiffies: mask: 0xffffffff max_cycles: 0xffffffff, max_idle_ns: 7645041785100000 ns
Oct 27 11:21:40 debian kernel: [    0.327410] futex hash table entries: 512 (order: 3, 32768 bytes)
Oct 27 11:21:40 debian kernel: [    0.327410] pinctrl core: initialized pinctrl subsystem
Oct 27 11:21:40 debian kernel: [    0.327410] NET: Registered protocol family 16
Oct 27 11:21:40 debian kernel: [    0.327410] audit: initializing netlink subsys (disabled)
Oct 27 11:21:40 debian kernel: [    0.327410] audit: type=2000 audit(1635344507.721:1): state=initialized audit_enabled=0 res=1
Oct 27 11:21:40 debian kernel: [    0.327410] cpuidle: using governor ladder
Oct 27 11:21:40 debian kernel: [    0.327410] cpuidle: using governor menu
Oct 27 11:21:40 debian kernel: [    0.327410] ACPI: bus type PCI registered
Oct 27 11:21:40 debian kernel: [    0.327410] acpiphp: ACPI Hot Plug PCI Controller Driver version: 0.5
Oct 27 11:21:40 debian kernel: [    0.327410] PCI: Using configuration type 1 for base access
Oct 27 11:21:40 debian kernel: [    0.327410] PCI: Using configuration type 1 for extended access
Oct 27 11:21:40 debian kernel: [    0.327507] HugeTLB registered 2.00 MiB page size, pre-allocated 0 pages
Oct 27 11:21:40 debian kernel: [    0.327507] ACPI: Added _OSI(Module Device)
Oct 27 11:21:40 debian kernel: [    0.327507] ACPI: Added _OSI(Processor Device)
Oct 27 11:21:40 debian kernel: [    0.327507] ACPI: Added _OSI(3.0 _SCP Extensions)
Oct 27 11:21:40 debian kernel: [    0.327507] ACPI: Added _OSI(Processor Aggregator Device)
Oct 27 11:21:40 debian kernel: [    0.327507] ACPI: Added _OSI(Linux-Dell-Video)
Oct 27 11:21:40 debian kernel: [    0.327507] ACPI: Added _OSI(Linux-Lenovo-NV-HDMI-Audio)
Oct 27 11:21:40 debian kernel: [    0.327985] ACPI: 2 ACPI AML tables successfully acquired and loaded
Oct 27 11:21:40 debian kernel: [    0.328740] ACPI: Interpreter enabled
Oct 27 11:21:40 debian kernel: [    0.328747] ACPI: (supports S0 S5)
Oct 27 11:21:40 debian kernel: [    0.328747] ACPI: Using IOAPIC for interrupt routing
Oct 27 11:21:40 debian kernel: [    0.328834] PCI: Using host bridge windows from ACPI; if necessary, use "pci=nocrs" and report a bug
Oct 27 11:21:40 debian kernel: [    0.331112] ACPI: Enabled 2 GPEs in block 00 to 07
Oct 27 11:21:40 debian kernel: [    0.333403] ACPI: PCI Root Bridge [PCI0] (domain 0000 [bus 00-ff])
Oct 27 11:21:40 debian kernel: [    0.333407] acpi PNP0A03:00: _OSC: OS supports [ExtendedConfig ASPM ClockPM Segments MSI]
Oct 27 11:21:40 debian kernel: [    0.333761] acpi PNP0A03:00: _OSC: platform does not support [PCIeCapability LTR]
Oct 27 11:21:40 debian kernel: [    0.333932] acpi PNP0A03:00: _OSC: not requesting control; platform does not support [PCIeCapability]
Oct 27 11:21:40 debian kernel: [    0.333933] acpi PNP0A03:00: _OSC: OS requested [PCIeHotplug SHPCHotplug PME AER PCIeCapability LTR]
Oct 27 11:21:40 debian kernel: [    0.333934] acpi PNP0A03:00: _OSC: platform willing to grant [PCIeHotplug SHPCHotplug PME AER]
Oct 27 11:21:40 debian kernel: [    0.333934] acpi PNP0A03:00: _OSC failed (AE_SUPPORT); disabling ASPM
Oct 27 11:21:40 debian kernel: [    0.334148] PCI host bridge to bus 0000:00
Oct 27 11:21:40 debian kernel: [    0.334149] pci_bus 0000:00: root bus resource [io  0x0000-0x0cf7 window]
Oct 27 11:21:40 debian kernel: [    0.334150] pci_bus 0000:00: root bus resource [io  0x0d00-0xffff window]
Oct 27 11:21:40 debian kernel: [    0.334151] pci_bus 0000:00: root bus resource [mem 0x000a0000-0x000bffff window]
Oct 27 11:21:40 debian kernel: [    0.334151] pci_bus 0000:00: root bus resource [mem 0xe0000000-0xfdffffff window]
Oct 27 11:21:40 debian kernel: [    0.334152] pci_bus 0000:00: root bus resource [bus 00-ff]
Oct 27 11:21:40 debian kernel: [    0.334180] pci 0000:00:00.0: [8086:1237] type 00 class 0x060000
Oct 27 11:21:40 debian kernel: [    0.334689] pci 0000:00:01.0: [8086:7000] type 00 class 0x060100
Oct 27 11:21:40 debian kernel: [    0.335118] pci 0000:00:01.1: [8086:7111] type 00 class 0x01018a
Oct 27 11:21:40 debian kernel: [    0.335118] pci 0000:00:01.1: reg 0x20: [io  0xd000-0xd00f]
Oct 27 11:21:40 debian kernel: [    0.335118] pci 0000:00:01.1: legacy IDE quirk: reg 0x10: [io  0x01f0-0x01f7]
Oct 27 11:21:40 debian kernel: [    0.335118] pci 0000:00:01.1: legacy IDE quirk: reg 0x14: [io  0x03f6]
Oct 27 11:21:40 debian kernel: [    0.335118] pci 0000:00:01.1: legacy IDE quirk: reg 0x18: [io  0x0170-0x0177]
Oct 27 11:21:40 debian kernel: [    0.335118] pci 0000:00:01.1: legacy IDE quirk: reg 0x1c: [io  0x0376]
Oct 27 11:21:40 debian kernel: [    0.335118] pci 0000:00:02.0: [15ad:0405] type 00 class 0x030000
Oct 27 11:21:40 debian kernel: [    0.335118] pci 0000:00:02.0: reg 0x10: [io  0xd010-0xd01f]
Oct 27 11:21:40 debian kernel: [    0.335118] pci 0000:00:02.0: reg 0x14: [mem 0xe0000000-0xe0ffffff pref]
Oct 27 11:21:40 debian kernel: [    0.340425] pci 0000:00:02.0: reg 0x18: [mem 0xf0000000-0xf01fffff]
Oct 27 11:21:40 debian kernel: [    0.344761] pci 0000:00:03.0: [8086:100e] type 00 class 0x020000
Oct 27 11:21:40 debian kernel: [    0.347205] pci 0000:00:03.0: reg 0x10: [mem 0xf0200000-0xf021ffff]
Oct 27 11:21:40 debian kernel: [    0.349925] pci 0000:00:03.0: reg 0x18: [io  0xd020-0xd027]
Oct 27 11:21:40 debian kernel: [    0.355224] pci 0000:00:04.0: [80ee:cafe] type 00 class 0x088000
Oct 27 11:21:40 debian kernel: [    0.356581] pci 0000:00:04.0: reg 0x10: [io  0xd040-0xd05f]
Oct 27 11:21:40 debian kernel: [    0.357881] pci 0000:00:04.0: reg 0x14: [mem 0xf0400000-0xf07fffff]
Oct 27 11:21:40 debian kernel: [    0.359209] pci 0000:00:04.0: reg 0x18: [mem 0xf0800000-0xf0803fff pref]
Oct 27 11:21:40 debian kernel: [    0.359498] pci 0000:00:05.0: [8086:2415] type 00 class 0x040100
Oct 27 11:21:40 debian kernel: [    0.359590] pci 0000:00:05.0: reg 0x10: [io  0xd100-0xd1ff]
Oct 27 11:21:40 debian kernel: [    0.359635] pci 0000:00:05.0: reg 0x14: [io  0xd200-0xd23f]
Oct 27 11:21:40 debian kernel: [    0.360023] pci 0000:00:06.0: [106b:003f] type 00 class 0x0c0310
Oct 27 11:21:40 debian kernel: [    0.361415] pci 0000:00:06.0: reg 0x10: [mem 0xf0804000-0xf0804fff]
Oct 27 11:21:40 debian kernel: [    0.374034] pci 0000:00:07.0: [8086:7113] type 00 class 0x068000
Oct 27 11:21:40 debian kernel: [    0.374394] pci 0000:00:07.0: quirk: [io  0x4000-0x403f] claimed by PIIX4 ACPI
Oct 27 11:21:40 debian kernel: [    0.374400] pci 0000:00:07.0: quirk: [io  0x4100-0x410f] claimed by PIIX4 SMB
Oct 27 11:21:40 debian kernel: [    0.374614] pci 0000:00:08.0: [8086:100e] type 00 class 0x020000
Oct 27 11:21:40 debian kernel: [    0.375184] pci 0000:00:08.0: reg 0x10: [mem 0xf0820000-0xf083ffff]
Oct 27 11:21:40 debian kernel: [    0.377638] pci 0000:00:08.0: reg 0x18: [io  0xd240-0xd247]
Oct 27 11:21:40 debian kernel: [    0.383123] pci 0000:00:0d.0: [8086:2829] type 00 class 0x010601
Oct 27 11:21:40 debian kernel: [    0.384378] pci 0000:00:0d.0: reg 0x10: [io  0xd248-0xd24f]
Oct 27 11:21:40 debian kernel: [    0.385489] pci 0000:00:0d.0: reg 0x14: [io  0xd250-0xd253]
Oct 27 11:21:40 debian kernel: [    0.386554] pci 0000:00:0d.0: reg 0x18: [io  0xd258-0xd25f]
Oct 27 11:21:40 debian kernel: [    0.387179] pci 0000:00:0d.0: reg 0x1c: [io  0xd260-0xd263]
Oct 27 11:21:40 debian kernel: [    0.388185] pci 0000:00:0d.0: reg 0x20: [io  0xd270-0xd27f]
Oct 27 11:21:40 debian kernel: [    0.389380] pci 0000:00:0d.0: reg 0x24: [mem 0xf0840000-0xf0841fff]
Oct 27 11:21:40 debian kernel: [    0.392037] ACPI: PCI Interrupt Link [LNKA] (IRQs 5 9 10 *11)
Oct 27 11:21:40 debian kernel: [    0.392164] ACPI: PCI Interrupt Link [LNKB] (IRQs 5 9 *10 11)
Oct 27 11:21:40 debian kernel: [    0.392216] ACPI: PCI Interrupt Link [LNKC] (IRQs 5 *9 10 11)
Oct 27 11:21:40 debian kernel: [    0.392267] ACPI: PCI Interrupt Link [LNKD] (IRQs 5 9 10 *11)
Oct 27 11:21:40 debian kernel: [    0.392434] pci 0000:00:02.0: vgaarb: setting as boot VGA device
Oct 27 11:21:40 debian kernel: [    0.392434] pci 0000:00:02.0: vgaarb: VGA device added: decodes=io+mem,owns=io+mem,locks=none
Oct 27 11:21:40 debian kernel: [    0.392434] pci 0000:00:02.0: vgaarb: bridge control possible
Oct 27 11:21:40 debian kernel: [    0.392434] vgaarb: loaded
Oct 27 11:21:40 debian kernel: [    0.392434] pps_core: LinuxPPS API ver. 1 registered
Oct 27 11:21:40 debian kernel: [    0.392434] pps_core: Software ver. 5.3.6 - Copyright 2005-2007 Rodolfo Giometti <giometti@linux.it>
Oct 27 11:21:40 debian kernel: [    0.392434] PTP clock support registered
Oct 27 11:21:40 debian kernel: [    0.392434] EDAC MC: Ver: 3.0.0
Oct 27 11:21:40 debian kernel: [    0.392434] PCI: Using ACPI for IRQ routing
Oct 27 11:21:40 debian kernel: [    0.392434] PCI: pci_cache_line_size set to 64 bytes
Oct 27 11:21:40 debian kernel: [    0.392434] e820: reserve RAM buffer [mem 0x0009fc00-0x0009ffff]
Oct 27 11:21:40 debian kernel: [    0.392434] e820: reserve RAM buffer [mem 0xdfff0000-0xdfffffff]
Oct 27 11:21:40 debian kernel: [    0.392434] clocksource: Switched to clocksource kvm-clock
Oct 27 11:21:40 debian kernel: [    0.399767] VFS: Disk quotas dquot_6.6.0
Oct 27 11:21:40 debian kernel: [    0.399777] VFS: Dquot-cache hash table entries: 512 (order 0, 4096 bytes)
Oct 27 11:21:40 debian kernel: [    0.399866] AppArmor: AppArmor Filesystem Enabled
Oct 27 11:21:40 debian kernel: [    0.399882] pnp: PnP ACPI init
Oct 27 11:21:40 debian kernel: [    0.399936] pnp 00:00: Plug and Play ACPI device, IDs PNP0303 (active)
Oct 27 11:21:40 debian kernel: [    0.399978] pnp 00:01: Plug and Play ACPI device, IDs PNP0f03 (active)
Oct 27 11:21:40 debian kernel: [    0.400345] pnp: PnP ACPI: found 2 devices
Oct 27 11:21:40 debian kernel: [    0.408822] clocksource: acpi_pm: mask: 0xffffff max_cycles: 0xffffff, max_idle_ns: 2085701024 ns
Oct 27 11:21:40 debian kernel: [    0.408830] pci_bus 0000:00: resource 4 [io  0x0000-0x0cf7 window]
Oct 27 11:21:40 debian kernel: [    0.408831] pci_bus 0000:00: resource 5 [io  0x0d00-0xffff window]
Oct 27 11:21:40 debian kernel: [    0.408832] pci_bus 0000:00: resource 6 [mem 0x000a0000-0x000bffff window]
Oct 27 11:21:40 debian kernel: [    0.408833] pci_bus 0000:00: resource 7 [mem 0xe0000000-0xfdffffff window]
Oct 27 11:21:40 debian kernel: [    0.408878] NET: Registered protocol family 2
Oct 27 11:21:40 debian kernel: [    0.408976] tcp_listen_portaddr_hash hash table entries: 2048 (order: 3, 32768 bytes)
Oct 27 11:21:40 debian kernel: [    0.408985] TCP established hash table entries: 32768 (order: 6, 262144 bytes)
Oct 27 11:21:40 debian kernel: [    0.409020] TCP bind hash table entries: 32768 (order: 7, 524288 bytes)
Oct 27 11:21:40 debian kernel: [    0.409053] TCP: Hash tables configured (established 32768 bind 32768)
Oct 27 11:21:40 debian kernel: [    0.409066] UDP hash table entries: 2048 (order: 4, 65536 bytes)
Oct 27 11:21:40 debian kernel: [    0.409073] UDP-Lite hash table entries: 2048 (order: 4, 65536 bytes)
Oct 27 11:21:40 debian kernel: [    0.409096] NET: Registered protocol family 1
Oct 27 11:21:40 debian kernel: [    0.409100] NET: Registered protocol family 44
Oct 27 11:21:40 debian kernel: [    0.409116] pci 0000:00:00.0: Limiting direct PCI/PCI transfers
Oct 27 11:21:40 debian kernel: [    0.409125] pci 0000:00:01.0: Activating ISA DMA hang workarounds
Oct 27 11:21:40 debian kernel: [    0.409162] pci 0000:00:02.0: Video device with shadowed ROM at [mem 0x000c0000-0x000dffff]
Oct 27 11:21:40 debian kernel: [    0.409833] PCI: CLS 0 bytes, default 64
Oct 27 11:21:40 debian kernel: [    0.409865] Unpacking initramfs...
Oct 27 11:21:40 debian kernel: [    0.708012] Freeing initrd memory: 25288K
Oct 27 11:21:40 debian kernel: [    0.708022] PCI-DMA: Using software bounce buffering for IO (SWIOTLB)
Oct 27 11:21:40 debian kernel: [    0.708023] software IO TLB: mapped [mem 0xdbff0000-0xdfff0000] (64MB)
Oct 27 11:21:40 debian kernel: [    0.708057] clocksource: tsc: mask: 0xffffffffffffffff max_cycles: 0x33e452fbb2f, max_idle_ns: 440795236593 ns
Oct 27 11:21:40 debian kernel: [    0.708096] platform rtc_cmos: registered platform RTC device (no PNP device found)
Oct 27 11:21:40 debian kernel: [    0.708520] Initialise system trusted keyrings
Oct 27 11:21:40 debian kernel: [    0.708528] Key type blacklist registered
Oct 27 11:21:40 debian kernel: [    0.708605] workingset: timestamp_bits=40 max_order=20 bucket_order=0
Oct 27 11:21:40 debian kernel: [    0.709277] zbud: loaded
Oct 27 11:21:40 debian kernel: [    0.785373] Key type asymmetric registered
Oct 27 11:21:40 debian kernel: [    0.785374] Asymmetric key parser 'x509' registered
Oct 27 11:21:40 debian kernel: [    0.785387] Block layer SCSI generic (bsg) driver version 0.4 loaded (major 247)
Oct 27 11:21:40 debian kernel: [    0.785432] io scheduler noop registered
Oct 27 11:21:40 debian kernel: [    0.785432] io scheduler deadline registered
Oct 27 11:21:40 debian kernel: [    0.785463] io scheduler cfq registered (default)
Oct 27 11:21:40 debian kernel: [    0.785464] io scheduler mq-deadline registered
Oct 27 11:21:40 debian kernel: [    0.785560] shpchp: Standard Hot Plug PCI Controller Driver version: 0.4
Oct 27 11:21:40 debian kernel: [    0.785700] Serial: 8250/16550 driver, 4 ports, IRQ sharing enabled
Oct 27 11:21:40 debian kernel: [    0.786007] Linux agpgart interface v0.103
Oct 27 11:21:40 debian kernel: [    0.786055] AMD IOMMUv2 driver by Joerg Roedel <jroedel@suse.de>
Oct 27 11:21:40 debian kernel: [    0.786056] AMD IOMMUv2 functionality not available on this system
Oct 27 11:21:40 debian kernel: [    0.786195] i8042: PNP: PS/2 Controller [PNP0303:PS2K,PNP0f03:PS2M] at 0x60,0x64 irq 1,12
Oct 27 11:21:40 debian kernel: [    0.786567] serio: i8042 KBD port at 0x60,0x64 irq 1
Oct 27 11:21:40 debian kernel: [    0.786583] serio: i8042 AUX port at 0x60,0x64 irq 12
Oct 27 11:21:40 debian kernel: [    0.786666] mousedev: PS/2 mouse device common for all mice
Oct 27 11:21:40 debian kernel: [    0.787078] input: AT Translated Set 2 keyboard as /devices/platform/i8042/serio0/input/input0
Oct 27 11:21:40 debian kernel: [    0.787243] rtc_cmos rtc_cmos: registered as rtc0
Oct 27 11:21:40 debian kernel: [    0.787251] rtc_cmos rtc_cmos: alarms up to one day, 114 bytes nvram
Oct 27 11:21:40 debian kernel: [    0.787295] ledtrig-cpu: registered to indicate activity on CPUs
Oct 27 11:21:40 debian kernel: [    0.787437] NET: Registered protocol family 10
Oct 27 11:21:40 debian kernel: [    0.792455] Segment Routing with IPv6
Oct 27 11:21:40 debian kernel: [    0.792466] mip6: Mobile IPv6
Oct 27 11:21:40 debian kernel: [    0.792467] NET: Registered protocol family 17
Oct 27 11:21:40 debian kernel: [    0.792486] mpls_gso: MPLS GSO support
Oct 27 11:21:40 debian kernel: [    0.792591] mce: Using 0 MCE banks
Oct 27 11:21:40 debian kernel: [    0.792605] sched_clock: Marking stable (785110419, 7469487)->(794775174, -2195268)
Oct 27 11:21:40 debian kernel: [    0.792925] registered taskstats version 1
Oct 27 11:21:40 debian kernel: [    0.792926] Loading compiled-in X.509 certificates
Oct 27 11:21:40 debian kernel: [    0.810585] Loaded X.509 cert 'Debian Secure Boot CA: 6ccece7e4c6c0d1f6149f3dd27dfcc5cbb419ea1'
Oct 27 11:21:40 debian kernel: [    0.810596] Loaded X.509 cert 'Debian Secure Boot Signer: 00a7468def'
Oct 27 11:21:40 debian kernel: [    0.810608] zswap: loaded using pool lzo/zbud
Oct 27 11:21:40 debian kernel: [    0.810739] AppArmor: AppArmor sha1 policy hashing enabled
Oct 27 11:21:40 debian kernel: [    0.811050] rtc_cmos rtc_cmos: setting system clock to 2021-10-27 14:21:38 UTC (1635344498)
Oct 27 11:21:40 debian kernel: [    0.812437] Freeing unused kernel image memory: 1588K
Oct 27 11:21:40 debian kernel: [    0.827957] Write protecting the kernel read-only data: 16384k
Oct 27 11:21:40 debian kernel: [    0.828398] Freeing unused kernel image memory: 2028K
Oct 27 11:21:40 debian kernel: [    0.828515] Freeing unused kernel image memory: 780K
Oct 27 11:21:40 debian kernel: [    0.833423] x86/mm: Checked W+X mappings: passed, no W+X pages found.
Oct 27 11:21:40 debian kernel: [    0.833424] Run /init as init process
Oct 27 11:21:40 debian kernel: [    0.869975] SCSI subsystem initialized
Oct 27 11:21:40 debian kernel: [    0.876730] piix4_smbus 0000:00:07.0: SMBus Host Controller at 0x4100, revision 0
Oct 27 11:21:40 debian kernel: [    0.884207] cryptd: max_cpu_qlen set to 1000
Oct 27 11:21:40 debian kernel: [    0.884812] e1000: Intel(R) PRO/1000 Network Driver - version 7.3.21-k8-NAPI
Oct 27 11:21:40 debian kernel: [    0.884812] e1000: Copyright (c) 1999-2006 Intel Corporation.
Oct 27 11:21:40 debian kernel: [    0.890034] libata version 3.00 loaded.
Oct 27 11:21:40 debian kernel: [    0.892277] ahci 0000:00:0d.0: version 3.0
Oct 27 11:21:40 debian kernel: [    0.892572] ahci 0000:00:0d.0: SSS flag set, parallel bus scan disabled
Oct 27 11:21:40 debian kernel: [    0.892701] ahci 0000:00:0d.0: AHCI 0001.0100 32 slots 2 ports 3 Gbps 0x3 impl SATA mode
Oct 27 11:21:40 debian kernel: [    0.892702] ahci 0000:00:0d.0: flags: 64bit ncq stag only ccc 
Oct 27 11:21:40 debian kernel: [    0.893156] AVX2 version of gcm_enc/dec engaged.
Oct 27 11:21:40 debian kernel: [    0.893157] AES CTR mode by8 optimization enabled
Oct 27 11:21:40 debian kernel: [    0.894132] ata_piix 0000:00:01.1: version 2.13
Oct 27 11:21:40 debian kernel: [    0.895402] ACPI: bus type USB registered
Oct 27 11:21:40 debian kernel: [    0.895412] usbcore: registered new interface driver usbfs
Oct 27 11:21:40 debian kernel: [    0.895415] usbcore: registered new interface driver hub
Oct 27 11:21:40 debian kernel: [    0.896918] usbcore: registered new device driver usb
Oct 27 11:21:40 debian kernel: [    0.897025] scsi host1: ata_piix
Oct 27 11:21:40 debian kernel: [    0.897109] scsi host2: ata_piix
Oct 27 11:21:40 debian kernel: [    0.897126] ata3: PATA max UDMA/33 cmd 0x1f0 ctl 0x3f6 bmdma 0xd000 irq 14
Oct 27 11:21:40 debian kernel: [    0.897127] ata4: PATA max UDMA/33 cmd 0x170 ctl 0x376 bmdma 0xd008 irq 15
Oct 27 11:21:40 debian kernel: [    0.899217] ehci_hcd: USB 2.0 'Enhanced' Host Controller (EHCI) Driver
Oct 27 11:21:40 debian kernel: [    0.900010] scsi host0: ahci
Oct 27 11:21:40 debian kernel: [    0.900107] scsi host3: ahci
Oct 27 11:21:40 debian kernel: [    0.900149] ata1: SATA max UDMA/133 abar m8192@0xf0840000 port 0xf0840100 irq 21
Oct 27 11:21:40 debian kernel: [    0.900152] ata2: SATA max UDMA/133 abar m8192@0xf0840000 port 0xf0840180 irq 21
Oct 27 11:21:40 debian kernel: [    0.901611] ohci_hcd: USB 1.1 'Open' Host Controller (OHCI) Driver
Oct 27 11:21:40 debian kernel: [    0.902179] ehci-pci: EHCI PCI platform driver
Oct 27 11:21:40 debian kernel: [    0.902801] ohci-pci: OHCI PCI platform driver
Oct 27 11:21:40 debian kernel: [    0.903092] ohci-pci 0000:00:06.0: OHCI PCI host controller
Oct 27 11:21:40 debian kernel: [    0.903097] ohci-pci 0000:00:06.0: new USB bus registered, assigned bus number 1
Oct 27 11:21:40 debian kernel: [    0.903184] ohci-pci 0000:00:06.0: irq 22, io mem 0xf0804000
Oct 27 11:21:40 debian kernel: [    0.963634] usb usb1: New USB device found, idVendor=1d6b, idProduct=0001, bcdDevice= 4.19
Oct 27 11:21:40 debian kernel: [    0.963635] usb usb1: New USB device strings: Mfr=3, Product=2, SerialNumber=1
Oct 27 11:21:40 debian kernel: [    0.963636] usb usb1: Product: OHCI PCI host controller
Oct 27 11:21:40 debian kernel: [    0.963637] usb usb1: Manufacturer: Linux 4.19.0-9-amd64 ohci_hcd
Oct 27 11:21:40 debian kernel: [    0.963637] usb usb1: SerialNumber: 0000:00:06.0
Oct 27 11:21:40 debian kernel: [    0.963817] hub 1-0:1.0: USB hub found
Oct 27 11:21:40 debian kernel: [    0.963871] hub 1-0:1.0: 12 ports detected
Oct 27 11:21:40 debian kernel: [    1.090833] input: ImExPS/2 Generic Explorer Mouse as /devices/platform/i8042/serio1/input/input2
Oct 27 11:21:40 debian kernel: [    1.216926] ata1: SATA link up 3.0 Gbps (SStatus 123 SControl 300)
Oct 27 11:21:40 debian kernel: [    1.217014] ata1.00: ATA-6: VBOX HARDDISK, 1.0, max UDMA/133
Oct 27 11:21:40 debian kernel: [    1.217016] ata1.00: 20971520 sectors, multi 128: LBA48 NCQ (depth 32)
Oct 27 11:21:40 debian kernel: [    1.217084] ata1.00: configured for UDMA/133
Oct 27 11:21:40 debian kernel: [    1.217209] scsi 0:0:0:0: Direct-Access     ATA      VBOX HARDDISK    1.0  PQ: 0 ANSI: 5
Oct 27 11:21:40 debian kernel: [    1.241707] e1000 0000:00:03.0 eth0: (PCI:33MHz:32-bit) 08:00:27:ec:98:dc
Oct 27 11:21:40 debian kernel: [    1.241711] e1000 0000:00:03.0 eth0: Intel(R) PRO/1000 Network Connection
Oct 27 11:21:40 debian kernel: [    1.447158] usb 1-1: new full-speed USB device number 2 using ohci-pci
Oct 27 11:21:40 debian kernel: [    1.531265] ata2: SATA link up 3.0 Gbps (SStatus 123 SControl 300)
Oct 27 11:21:40 debian kernel: [    1.531346] ata2.00: ATA-6: VBOX HARDDISK, 1.0, max UDMA/133
Oct 27 11:21:40 debian kernel: [    1.531347] ata2.00: 16777216 sectors, multi 128: LBA48 NCQ (depth 32)
Oct 27 11:21:40 debian kernel: [    1.531445] ata2.00: configured for UDMA/133
Oct 27 11:21:40 debian kernel: [    1.531567] scsi 3:0:0:0: Direct-Access     ATA      VBOX HARDDISK    1.0  PQ: 0 ANSI: 5
Oct 27 11:21:40 debian kernel: [    1.535811] sd 0:0:0:0: [sda] 20971520 512-byte logical blocks: (10.7 GB/10.0 GiB)
Oct 27 11:21:40 debian kernel: [    1.535814] sd 0:0:0:0: [sda] Write Protect is off
Oct 27 11:21:40 debian kernel: [    1.535814] sd 0:0:0:0: [sda] Mode Sense: 00 3a 00 00
Oct 27 11:21:40 debian kernel: [    1.535818] sd 0:0:0:0: [sda] Write cache: enabled, read cache: enabled, doesn't support DPO or FUA
Oct 27 11:21:40 debian kernel: [    1.535861] sd 3:0:0:0: [sdb] 16777216 512-byte logical blocks: (8.59 GB/8.00 GiB)
Oct 27 11:21:40 debian kernel: [    1.535863] sd 3:0:0:0: [sdb] Write Protect is off
Oct 27 11:21:40 debian kernel: [    1.535864] sd 3:0:0:0: [sdb] Mode Sense: 00 3a 00 00
Oct 27 11:21:40 debian kernel: [    1.535867] sd 3:0:0:0: [sdb] Write cache: enabled, read cache: enabled, doesn't support DPO or FUA
Oct 27 11:21:40 debian kernel: [    1.537555]  sdb: sdb1
Oct 27 11:21:40 debian kernel: [    1.537668] sd 3:0:0:0: [sdb] Attached SCSI disk
Oct 27 11:21:40 debian kernel: [    1.537958]  sda: sda1 sda2 < sda5 >
Oct 27 11:21:40 debian kernel: [    1.538082] sd 0:0:0:0: [sda] Attached SCSI disk
Oct 27 11:21:40 debian kernel: [    1.590265] e1000 0000:00:08.0 eth1: (PCI:33MHz:32-bit) 08:00:27:7f:d9:ec
Oct 27 11:21:40 debian kernel: [    1.590267] e1000 0000:00:08.0 eth1: Intel(R) PRO/1000 Network Connection
Oct 27 11:21:40 debian kernel: [    1.590877] e1000 0000:00:03.0 enp0s3: renamed from eth0
Oct 27 11:21:40 debian kernel: [    1.631459] e1000 0000:00:08.0 enp0s8: renamed from eth1
Oct 27 11:21:40 debian kernel: [    1.692325] PM: Image not found (code -22)
Oct 27 11:21:40 debian kernel: [    1.783650] usb 1-1: New USB device found, idVendor=80ee, idProduct=0021, bcdDevice= 1.00
Oct 27 11:21:40 debian kernel: [    1.783652] usb 1-1: New USB device strings: Mfr=1, Product=3, SerialNumber=0
Oct 27 11:21:40 debian kernel: [    1.783653] usb 1-1: Product: USB Tablet
Oct 27 11:21:40 debian kernel: [    1.783653] usb 1-1: Manufacturer: VirtualBox
Oct 27 11:21:40 debian kernel: [    1.793020] hidraw: raw HID events driver (C) Jiri Kosina
Oct 27 11:21:40 debian kernel: [    1.793713] EXT4-fs (sda1): mounted filesystem with ordered data mode. Opts: (null)
Oct 27 11:21:40 debian kernel: [    1.807161] usbcore: registered new interface driver usbhid
Oct 27 11:21:40 debian kernel: [    1.807163] usbhid: USB HID core driver
Oct 27 11:21:40 debian kernel: [    2.079176] EXT4-fs (sda1): re-mounted. Opts: errors=remount-ro
Oct 27 11:21:40 debian kernel: [    2.191367] ACPI: AC Adapter [AC] (on-line)
Oct 27 11:21:40 debian kernel: [    2.192314] input: Power Button as /devices/LNXSYSTM:00/LNXPWRBN:00/input/input3
Oct 27 11:21:40 debian kernel: [    2.193091] ACPI: Video Device [GFX0] (multi-head: yes  rom: no  post: no)
Oct 27 11:21:40 debian kernel: [    2.193124] input: Video Bus as /devices/LNXSYSTM:00/LNXSYBUS:00/PNP0A03:00/LNXVIDEO:00/input/input4
Oct 27 11:21:40 debian kernel: [    2.193287] ACPI: Power Button [PWRF]
Oct 27 11:21:40 debian kernel: [    2.193340] input: Sleep Button as /devices/LNXSYSTM:00/LNXSLPBN:00/input/input5
Oct 27 11:21:40 debian kernel: [    2.193344] ACPI: Sleep Button [SLPF]
Oct 27 11:21:40 debian kernel: [    2.193775] input: PC Speaker as /devices/platform/pcspkr/input/input6
Oct 27 11:21:40 debian kernel: [    2.226390] sd 0:0:0:0: Attached scsi generic sg0 type 0
Oct 27 11:21:40 debian kernel: [    2.226411] sd 3:0:0:0: Attached scsi generic sg1 type 0
Oct 27 11:21:40 debian kernel: [    2.227999] input: VirtualBox USB Tablet as /devices/pci0000:00/0000:00:06.0/usb1/1-1/1-1:1.0/0003:80EE:0021.0001/input/input7
Oct 27 11:21:40 debian kernel: [    2.228805] vboxguest: host-version: 6.1.26r145957 0x8000000f
Oct 27 11:21:40 debian kernel: [    2.229396] vbg_heartbeat_init: Setting up heartbeat to trigger every 2000 milliseconds
Oct 27 11:21:40 debian kernel: [    2.229460] input: VirtualBox mouse integration as /devices/pci0000:00/0000:00:04.0/input/input8
Oct 27 11:21:40 debian kernel: [    2.230003] hid-generic 0003:80EE:0021.0001: input,hidraw0: USB HID v1.10 Mouse [VirtualBox USB Tablet] on usb-0000:00:06.0-1/input0
Oct 27 11:21:40 debian kernel: [    2.231212] vboxguest: misc device minor 58, IRQ 20, I/O port d040, MMIO at 0x00000000f0400000 (size 0x0000000000400000)
Oct 27 11:21:40 debian kernel: [    2.309347] Decoding supported only on Scalable MCA processors.
Oct 27 11:21:40 debian kernel: [    2.328201] Decoding supported only on Scalable MCA processors.
Oct 27 11:21:40 debian kernel: [    2.331703] [drm] DMA map mode: Using physical TTM page addresses.
Oct 27 11:21:40 debian kernel: [    2.331733] [drm] Capabilities:
Oct 27 11:21:40 debian kernel: [    2.331733] [drm]   Cursor.
Oct 27 11:21:40 debian kernel: [    2.331733] [drm]   Cursor bypass 2.
Oct 27 11:21:40 debian kernel: [    2.331733] [drm]   Alpha cursor.
Oct 27 11:21:40 debian kernel: [    2.331733] [drm]   3D.
Oct 27 11:21:40 debian kernel: [    2.331733] [drm]   Extended Fifo.
Oct 27 11:21:40 debian kernel: [    2.331734] [drm]   Pitchlock.
Oct 27 11:21:40 debian kernel: [    2.331734] [drm]   Irq mask.
Oct 27 11:21:40 debian kernel: [    2.331734] [drm]   GMR.
Oct 27 11:21:40 debian kernel: [    2.331734] [drm]   Traces.
Oct 27 11:21:40 debian kernel: [    2.331734] [drm]   GMR2.
Oct 27 11:21:40 debian kernel: [    2.331735] [drm]   Screen Object 2.
Oct 27 11:21:40 debian kernel: [    2.331735] [drm] Max GMR ids is 8192
Oct 27 11:21:40 debian kernel: [    2.331736] [drm] Max number of GMR pages is 1048576
Oct 27 11:21:40 debian kernel: [    2.331736] [drm] Max dedicated hypervisor surface memory is 507904 kiB
Oct 27 11:21:40 debian kernel: [    2.331736] [drm] Maximum display memory size is 16384 kiB
Oct 27 11:21:40 debian kernel: [    2.331737] [drm] VRAM at 0xe0000000 size is 16384 kiB
Oct 27 11:21:40 debian kernel: [    2.331737] [drm] MMIO at 0xf0000000 size is 2048 kiB
Oct 27 11:21:40 debian kernel: [    2.331738] [drm] global init.
Oct 27 11:21:40 debian kernel: [    2.336466] [TTM] Zone  kernel: Available graphics memory: 2020764 kiB
Oct 27 11:21:40 debian kernel: [    2.336467] [TTM] Initializing pool allocator
Oct 27 11:21:40 debian kernel: [    2.336469] [TTM] Initializing DMA pool allocator
Oct 27 11:21:40 debian kernel: [    2.341219] [drm] Supports vblank timestamp caching Rev 2 (21.10.2013).
Oct 27 11:21:40 debian kernel: [    2.341220] [drm] No driver support for vblank timestamp query.
Oct 27 11:21:40 debian kernel: [    2.341418] [drm] Screen Objects Display Unit initialized
Oct 27 11:21:40 debian kernel: [    2.341448] [drm] width 720
Oct 27 11:21:40 debian kernel: [    2.341454] [drm] height 400
Oct 27 11:21:40 debian kernel: [    2.341461] [drm] bpp 32
Oct 27 11:21:40 debian kernel: [    2.341658] [drm] Fifo max 0x00200000 min 0x00001000 cap 0x00000355
Oct 27 11:21:40 debian kernel: [    2.341666] [drm] DX: no.
Oct 27 11:21:40 debian kernel: [    2.341666] [drm] Atomic: yes.
Oct 27 11:21:40 debian kernel: [    2.341667] [drm] SM4_1: no.
Oct 27 11:21:40 debian kernel: [    2.341678] [drm:vmw_host_log [vmwgfx]] *ERROR* Failed to send host log message.
Oct 27 11:21:40 debian kernel: [    2.342193] [drm:vmw_host_log [vmwgfx]] *ERROR* Failed to send host log message.
Oct 27 11:21:40 debian kernel: [    2.344961] fbcon: svgadrmfb (fb0) is primary device
Oct 27 11:21:40 debian kernel: [    2.347158] Console: switching to colour frame buffer device 100x37
Oct 27 11:21:40 debian kernel: [    2.349191] [drm] Initialized vmwgfx 2.15.0 20180704 for 0000:00:02.0 on minor 0
Oct 27 11:21:40 debian kernel: [    2.351209] Adding 2095100k swap on /dev/sda5.  Priority:-2 extents:1 across:2095100k FS
Oct 27 11:21:40 debian kernel: [    2.360423] EXT4-fs (sdb1): recovery complete
Oct 27 11:21:40 debian kernel: [    2.360434] EXT4-fs (sdb1): mounted filesystem with ordered data mode. Opts: (null)
Oct 27 11:21:40 debian kernel: [    2.400679] audit: type=1400 audit(1635344500.088:2): apparmor="STATUS" operation="profile_load" profile="unconfined" name="nvidia_modprobe" pid=368 comm="apparmor_parser"
Oct 27 11:21:40 debian kernel: [    2.400681] audit: type=1400 audit(1635344500.088:3): apparmor="STATUS" operation="profile_load" profile="unconfined" name="nvidia_modprobe//kmod" pid=368 comm="apparmor_parser"
Oct 27 11:21:40 debian kernel: [    2.401317] audit: type=1400 audit(1635344500.088:4): apparmor="STATUS" operation="profile_load" profile="unconfined" name="/usr/bin/man" pid=369 comm="apparmor_parser"
Oct 27 11:21:40 debian kernel: [    2.401318] audit: type=1400 audit(1635344500.088:5): apparmor="STATUS" operation="profile_load" profile="unconfined" name="man_filter" pid=369 comm="apparmor_parser"
Oct 27 11:21:40 debian kernel: [    2.401319] audit: type=1400 audit(1635344500.088:6): apparmor="STATUS" operation="profile_load" profile="unconfined" name="man_groff" pid=369 comm="apparmor_parser"
Oct 27 11:21:40 debian kernel: [    2.450939] IPv6: ADDRCONF(NETDEV_UP): enp0s3: link is not ready
Oct 27 11:21:40 debian kernel: [    2.544910] snd_intel8x0 0000:00:05.0: white list rate for 1028:0177 is 48000
