Oct 28 00:00:13 debian rsyslogd:  [origin software="rsyslogd" swVersion="8.1901.0" x-pid="459" x-info="https://www.rsyslog.com"] rsyslogd was HUPed
Oct 28 00:00:13 debian systemd[1]: logrotate.service: Succeeded.
Oct 28 00:00:13 debian systemd[1]: Started Rotate log files.
Oct 28 00:00:13 debian systemd[1]: man-db.service: Succeeded.
Oct 28 00:00:13 debian systemd[1]: Started Daily man-db regeneration.
Oct 28 00:00:13 debian systemd[1]: Startup finished in 2.659s (kernel) + 964ms (userspace) = 3.623s.
Oct 28 00:00:15 debian kernel: [    5.296787] e1000: enp0s3 NIC Link is Up 1000 Mbps Full Duplex, Flow Control: RX
Oct 28 00:00:15 debian kernel: [    5.297061] IPv6: ADDRCONF(NETDEV_CHANGE): enp0s3: link becomes ready
Oct 28 00:00:15 debian kernel: [    5.319305] e1000: enp0s8 NIC Link is Up 1000 Mbps Full Duplex, Flow Control: RX
Oct 28 00:00:15 debian kernel: [    5.319553] IPv6: ADDRCONF(NETDEV_CHANGE): enp0s8: link becomes ready
Oct 28 00:00:19 debian systemd[1]: Created slice User Slice of UID 0.
Oct 28 00:00:19 debian systemd[1]: Starting User Runtime Directory /run/user/0...
Oct 28 00:00:19 debian systemd[1]: Started User Runtime Directory /run/user/0.
Oct 28 00:00:19 debian systemd[1]: Starting User Manager for UID 0...
Oct 28 00:00:19 debian systemd[493]: Reached target Paths.
Oct 28 00:00:19 debian systemd[493]: Reached target Timers.
Oct 28 00:00:19 debian systemd[493]: Reached target Sockets.
Oct 28 00:00:19 debian systemd[493]: Reached target Basic System.
Oct 28 00:00:19 debian systemd[493]: Reached target Default.
Oct 28 00:00:19 debian systemd[493]: Startup finished in 17ms.
Oct 28 00:00:19 debian systemd[1]: Started User Manager for UID 0.
Oct 28 00:00:19 debian systemd[1]: Started Session 2 of user root.
Oct 28 00:00:21 debian dhclient[439]: DHCPREQUEST for 10.0.2.15 on enp0s3 to 255.255.255.255 port 67
Oct 28 00:00:21 debian sh[392]: DHCPREQUEST for 10.0.2.15 on enp0s3 to 255.255.255.255 port 67
Oct 28 00:00:21 debian sh[392]: DHCPACK of 10.0.2.15 from 10.0.2.2
Oct 28 00:00:21 debian dhclient[439]: DHCPACK of 10.0.2.15 from 10.0.2.2
Oct 28 00:00:21 debian dhclient[439]: bound to 10.0.2.15 -- renewal in 39460 seconds.
Oct 28 00:00:21 debian sh[392]: bound to 10.0.2.15 -- renewal in 39460 seconds.
Oct 28 00:00:21 debian sh[392]: enp0s3=enp0s3
Oct 28 00:00:21 debian dhclient[438]: DHCPREQUEST for 192.168.56.101 on enp0s8 to 255.255.255.255 port 67
Oct 28 00:00:21 debian sh[395]: DHCPREQUEST for 192.168.56.101 on enp0s8 to 255.255.255.255 port 67
Oct 28 00:00:21 debian dhclient[438]: DHCPACK of 192.168.56.101 from 192.168.56.100
Oct 28 00:00:21 debian sh[395]: DHCPACK of 192.168.56.101 from 192.168.56.100
Oct 28 00:00:21 debian dhclient[438]: bound to 192.168.56.101 -- renewal in 286 seconds.
Oct 28 00:00:21 debian sh[395]: bound to 192.168.56.101 -- renewal in 286 seconds.
Oct 28 00:00:21 debian sh[395]: enp0s8=enp0s8
Oct 28 00:01:05 debian systemd-timesyncd[387]: Synchronized to time server for the first time 213.136.0.252:123 (2.debian.pool.ntp.org).
Oct 28 00:01:21 debian systemd[1]: Reloading.
Oct 28 00:01:21 debian systemd[1]: getty@tty1.service: Current command vanished from the unit file, execution of the command list won't be resumed.
Oct 28 00:01:21 debian systemd[1]: Stopping OpenBSD Secure Shell server...
Oct 28 00:01:21 debian systemd[1]: ssh.service: Succeeded.
Oct 28 00:01:21 debian systemd[1]: Stopped OpenBSD Secure Shell server.
Oct 28 00:01:21 debian systemd[1]: Reloading.
Oct 28 00:01:21 debian systemd[1]: Reloading.
Oct 28 00:01:21 debian systemd[1]: Reloading.
Oct 28 00:01:21 debian systemd[1]: Reloading.
Oct 28 00:01:21 debian systemd[1]: Reloading.
Oct 28 00:01:22 debian systemd[1]: Reloading.
Oct 28 00:01:22 debian systemd[1]: Reloading.
Oct 28 00:01:22 debian systemd[1]: Reloading.
Oct 28 00:01:22 debian systemd[1]: Reloading.
Oct 28 00:01:22 debian systemd[1]: Reloading.
Oct 28 00:01:23 debian systemd[1]: Reloading.
Oct 28 00:03:41 debian kernel: [    0.000000] Linux version 4.19.0-9-amd64 (debian-kernel@lists.debian.org) (gcc version 8.3.0 (Debian 8.3.0-6)) #1 SMP Debian 4.19.118-2 (2020-04-29)
Oct 28 00:03:41 debian kernel: [    0.000000] Command line: BOOT_IMAGE=/boot/vmlinuz-4.19.0-9-amd64 root=UUID=cd2cb4ca-39bd-4522-919c-e4ceb81b5ae8 ro quiet
Oct 28 00:03:41 debian kernel: [    0.000000] [Firmware Bug]: TSC doesn't count with P0 frequency!
Oct 28 00:03:41 debian kernel: [    0.000000] x86/fpu: Supporting XSAVE feature 0x001: 'x87 floating point registers'
Oct 28 00:03:41 debian kernel: [    0.000000] x86/fpu: Supporting XSAVE feature 0x002: 'SSE registers'
Oct 28 00:03:41 debian kernel: [    0.000000] x86/fpu: Supporting XSAVE feature 0x004: 'AVX registers'
Oct 28 00:03:41 debian kernel: [    0.000000] x86/fpu: xstate_offset[2]:  576, xstate_sizes[2]:  256
Oct 28 00:03:41 debian kernel: [    0.000000] x86/fpu: Enabled xstate features 0x7, context size is 832 bytes, using 'standard' format.
Oct 28 00:03:41 debian kernel: [    0.000000] BIOS-provided physical RAM map:
Oct 28 00:03:41 debian kernel: [    0.000000] BIOS-e820: [mem 0x0000000000000000-0x000000000009fbff] usable
Oct 28 00:03:41 debian kernel: [    0.000000] BIOS-e820: [mem 0x000000000009fc00-0x000000000009ffff] reserved
Oct 28 00:03:41 debian kernel: [    0.000000] BIOS-e820: [mem 0x00000000000f0000-0x00000000000fffff] reserved
Oct 28 00:03:41 debian kernel: [    0.000000] BIOS-e820: [mem 0x0000000000100000-0x00000000dffeffff] usable
Oct 28 00:03:41 debian kernel: [    0.000000] BIOS-e820: [mem 0x00000000dfff0000-0x00000000dfffffff] ACPI data
Oct 28 00:03:41 debian kernel: [    0.000000] BIOS-e820: [mem 0x00000000fec00000-0x00000000fec00fff] reserved
Oct 28 00:03:41 debian kernel: [    0.000000] BIOS-e820: [mem 0x00000000fee00000-0x00000000fee00fff] reserved
Oct 28 00:03:41 debian kernel: [    0.000000] BIOS-e820: [mem 0x00000000fffc0000-0x00000000ffffffff] reserved
Oct 28 00:03:41 debian kernel: [    0.000000] BIOS-e820: [mem 0x0000000100000000-0x000000011fffffff] usable
Oct 28 00:03:41 debian kernel: [    0.000000] NX (Execute Disable) protection: active
Oct 28 00:03:41 debian kernel: [    0.000000] SMBIOS 2.5 present.
Oct 28 00:03:41 debian kernel: [    0.000000] DMI: innotek GmbH VirtualBox/VirtualBox, BIOS VirtualBox 12/01/2006
Oct 28 00:03:41 debian kernel: [    0.000000] Hypervisor detected: KVM
Oct 28 00:03:41 debian kernel: [    0.000000] kvm-clock: Using msrs 4b564d01 and 4b564d00
Oct 28 00:03:41 debian kernel: [    0.000000] kvm-clock: cpu 0, msr bc5e8001, primary cpu clock
Oct 28 00:03:41 debian kernel: [    0.000000] kvm-clock: using sched offset of 8741263614 cycles
Oct 28 00:03:41 debian kernel: [    0.000001] clocksource: kvm-clock: mask: 0xffffffffffffffff max_cycles: 0x1cd42e4dffb, max_idle_ns: 881590591483 ns
Oct 28 00:03:41 debian kernel: [    0.000002] tsc: Detected 3600.000 MHz processor
Oct 28 00:03:41 debian kernel: [    0.001578] e820: update [mem 0x00000000-0x00000fff] usable ==> reserved
Oct 28 00:03:41 debian kernel: [    0.001579] e820: remove [mem 0x000a0000-0x000fffff] usable
Oct 28 00:03:41 debian kernel: [    0.001582] last_pfn = 0x120000 max_arch_pfn = 0x400000000
Oct 28 00:03:41 debian kernel: [    0.001617] MTRR default type: uncachable
Oct 28 00:03:41 debian kernel: [    0.001617] MTRR variable ranges disabled:
Oct 28 00:03:41 debian kernel: [    0.001618] Disabled
Oct 28 00:03:41 debian kernel: [    0.001619] x86/PAT: MTRRs disabled, skipping PAT initialization too.
Oct 28 00:03:41 debian kernel: [    0.001621] CPU MTRRs all blank - virtualized system.
Oct 28 00:03:41 debian kernel: [    0.001622] x86/PAT: Configuration [0-7]: WB  WT  UC- UC  WB  WT  UC- UC  
Oct 28 00:03:41 debian kernel: [    0.001626] last_pfn = 0xdfff0 max_arch_pfn = 0x400000000
Oct 28 00:03:41 debian kernel: [    0.001648] found SMP MP-table at [mem 0x0009fff0-0x0009ffff]
Oct 28 00:03:41 debian kernel: [    0.062821] BRK [0xbc801000, 0xbc801fff] PGTABLE
Oct 28 00:03:41 debian kernel: [    0.062824] BRK [0xbc802000, 0xbc802fff] PGTABLE
Oct 28 00:03:41 debian kernel: [    0.062825] BRK [0xbc803000, 0xbc803fff] PGTABLE
Oct 28 00:03:41 debian kernel: [    0.062846] BRK [0xbc804000, 0xbc804fff] PGTABLE
Oct 28 00:03:41 debian kernel: [    0.062848] BRK [0xbc805000, 0xbc805fff] PGTABLE
Oct 28 00:03:41 debian kernel: [    0.063741] RAMDISK: [mem 0x34e8b000-0x3673cfff]
Oct 28 00:03:41 debian kernel: [    0.063748] ACPI: Early table checksum verification disabled
Oct 28 00:03:41 debian kernel: [    0.063757] ACPI: RSDP 0x00000000000E0000 000024 (v02 VBOX  )
Oct 28 00:03:41 debian kernel: [    0.063760] ACPI: XSDT 0x00000000DFFF0030 00003C (v01 VBOX   VBOXXSDT 00000001 ASL  00000061)
Oct 28 00:03:41 debian kernel: [    0.063764] ACPI: FACP 0x00000000DFFF00F0 0000F4 (v04 VBOX   VBOXFACP 00000001 ASL  00000061)
Oct 28 00:03:41 debian kernel: [    0.063767] ACPI: DSDT 0x00000000DFFF0470 002325 (v02 VBOX   VBOXBIOS 00000002 INTL 20100528)
Oct 28 00:03:41 debian kernel: [    0.063769] ACPI: FACS 0x00000000DFFF0200 000040
Oct 28 00:03:41 debian kernel: [    0.063776] ACPI: FACS 0x00000000DFFF0200 000040
Oct 28 00:03:41 debian kernel: [    0.063778] ACPI: APIC 0x00000000DFFF0240 00005C (v02 VBOX   VBOXAPIC 00000001 ASL  00000061)
Oct 28 00:03:41 debian kernel: [    0.063779] ACPI: SSDT 0x00000000DFFF02A0 0001CC (v01 VBOX   VBOXCPUT 00000002 INTL 20100528)
Oct 28 00:03:41 debian kernel: [    0.063784] ACPI: Local APIC address 0xfee00000
Oct 28 00:03:41 debian kernel: [    0.063982] No NUMA configuration found
Oct 28 00:03:41 debian kernel: [    0.063983] Faking a node at [mem 0x0000000000000000-0x000000011fffffff]
Oct 28 00:03:41 debian kernel: [    0.063985] NODE_DATA(0) allocated [mem 0x11fff7000-0x11fffbfff]
Oct 28 00:03:41 debian kernel: [    0.064724] Zone ranges:
Oct 28 00:03:41 debian kernel: [    0.064725]   DMA      [mem 0x0000000000001000-0x0000000000ffffff]
Oct 28 00:03:41 debian kernel: [    0.064726]   DMA32    [mem 0x0000000001000000-0x00000000ffffffff]
Oct 28 00:03:41 debian kernel: [    0.064726]   Normal   [mem 0x0000000100000000-0x000000011fffffff]
Oct 28 00:03:41 debian kernel: [    0.064727]   Device   empty
Oct 28 00:03:41 debian kernel: [    0.064727] Movable zone start for each node
Oct 28 00:03:41 debian kernel: [    0.064728] Early memory node ranges
Oct 28 00:03:41 debian kernel: [    0.064728]   node   0: [mem 0x0000000000001000-0x000000000009efff]
Oct 28 00:03:41 debian kernel: [    0.064729]   node   0: [mem 0x0000000000100000-0x00000000dffeffff]
Oct 28 00:03:41 debian kernel: [    0.064729]   node   0: [mem 0x0000000100000000-0x000000011fffffff]
Oct 28 00:03:41 debian kernel: [    0.066270] Zeroed struct page in unavailable ranges: 114 pages
Oct 28 00:03:41 debian kernel: [    0.066271] Initmem setup node 0 [mem 0x0000000000001000-0x000000011fffffff]
Oct 28 00:03:41 debian kernel: [    0.066272] On node 0 totalpages: 1048462
Oct 28 00:03:41 debian kernel: [    0.066273]   DMA zone: 64 pages used for memmap
Oct 28 00:03:41 debian kernel: [    0.066273]   DMA zone: 21 pages reserved
Oct 28 00:03:41 debian kernel: [    0.066274]   DMA zone: 3998 pages, LIFO batch:0
Oct 28 00:03:41 debian kernel: [    0.066332]   DMA32 zone: 14272 pages used for memmap
Oct 28 00:03:41 debian kernel: [    0.066333]   DMA32 zone: 913392 pages, LIFO batch:63
Oct 28 00:03:41 debian kernel: [    0.101149]   Normal zone: 2048 pages used for memmap
Oct 28 00:03:41 debian kernel: [    0.101152]   Normal zone: 131072 pages, LIFO batch:31
Oct 28 00:03:41 debian kernel: [    0.107158] ACPI: PM-Timer IO Port: 0x4008
Oct 28 00:03:41 debian kernel: [    0.107162] ACPI: Local APIC address 0xfee00000
Oct 28 00:03:41 debian kernel: [    0.107213] IOAPIC[0]: apic_id 2, version 32, address 0xfec00000, GSI 0-23
Oct 28 00:03:41 debian kernel: [    0.107215] ACPI: INT_SRC_OVR (bus 0 bus_irq 0 global_irq 2 dfl dfl)
Oct 28 00:03:41 debian kernel: [    0.107217] ACPI: INT_SRC_OVR (bus 0 bus_irq 9 global_irq 9 low level)
Oct 28 00:03:41 debian kernel: [    0.107218] ACPI: IRQ0 used by override.
Oct 28 00:03:41 debian kernel: [    0.107219] ACPI: IRQ9 used by override.
Oct 28 00:03:41 debian kernel: [    0.107220] Using ACPI (MADT) for SMP configuration information
Oct 28 00:03:41 debian kernel: [    0.107226] smpboot: Allowing 2 CPUs, 0 hotplug CPUs
Oct 28 00:03:41 debian kernel: [    0.107249] PM: Registered nosave memory: [mem 0x00000000-0x00000fff]
Oct 28 00:03:41 debian kernel: [    0.107250] PM: Registered nosave memory: [mem 0x0009f000-0x0009ffff]
Oct 28 00:03:41 debian kernel: [    0.107250] PM: Registered nosave memory: [mem 0x000a0000-0x000effff]
Oct 28 00:03:41 debian kernel: [    0.107251] PM: Registered nosave memory: [mem 0x000f0000-0x000fffff]
Oct 28 00:03:41 debian kernel: [    0.107251] PM: Registered nosave memory: [mem 0xdfff0000-0xdfffffff]
Oct 28 00:03:41 debian kernel: [    0.107252] PM: Registered nosave memory: [mem 0xe0000000-0xfebfffff]
Oct 28 00:03:41 debian kernel: [    0.107252] PM: Registered nosave memory: [mem 0xfec00000-0xfec00fff]
Oct 28 00:03:41 debian kernel: [    0.107252] PM: Registered nosave memory: [mem 0xfec01000-0xfedfffff]
Oct 28 00:03:41 debian kernel: [    0.107253] PM: Registered nosave memory: [mem 0xfee00000-0xfee00fff]
Oct 28 00:03:41 debian kernel: [    0.107253] PM: Registered nosave memory: [mem 0xfee01000-0xfffbffff]
Oct 28 00:03:41 debian kernel: [    0.107253] PM: Registered nosave memory: [mem 0xfffc0000-0xffffffff]
Oct 28 00:03:41 debian kernel: [    0.107255] [mem 0xe0000000-0xfebfffff] available for PCI devices
Oct 28 00:03:41 debian kernel: [    0.107256] Booting paravirtualized kernel on KVM
Oct 28 00:03:41 debian kernel: [    0.107259] clocksource: refined-jiffies: mask: 0xffffffff max_cycles: 0xffffffff, max_idle_ns: 7645519600211568 ns
Oct 28 00:03:41 debian kernel: [    0.170015] random: get_random_bytes called from start_kernel+0x93/0x52c with crng_init=0
Oct 28 00:03:41 debian kernel: [    0.170028] setup_percpu: NR_CPUS:512 nr_cpumask_bits:512 nr_cpu_ids:2 nr_node_ids:1
Oct 28 00:03:41 debian kernel: [    0.171070] percpu: Embedded 45 pages/cpu s144408 r8192 d31720 u1048576
Oct 28 00:03:41 debian kernel: [    0.171074] pcpu-alloc: s144408 r8192 d31720 u1048576 alloc=1*2097152
Oct 28 00:03:41 debian kernel: [    0.171074] pcpu-alloc: [0] 0 1 
Oct 28 00:03:41 debian kernel: [    0.171096] PV qspinlock hash table entries: 256 (order: 0, 4096 bytes)
Oct 28 00:03:41 debian kernel: [    0.171102] Built 1 zonelists, mobility grouping on.  Total pages: 1032057
Oct 28 00:03:41 debian kernel: [    0.171102] Policy zone: Normal
Oct 28 00:03:41 debian kernel: [    0.171104] Kernel command line: BOOT_IMAGE=/boot/vmlinuz-4.19.0-9-amd64 root=UUID=cd2cb4ca-39bd-4522-919c-e4ceb81b5ae8 ro quiet
Oct 28 00:03:41 debian kernel: [    0.190136] Calgary: detecting Calgary via BIOS EBDA area
Oct 28 00:03:41 debian kernel: [    0.190139] Calgary: Unable to locate Rio Grande table in EBDA - bailing!
Oct 28 00:03:41 debian kernel: [    0.198047] Memory: 4011820K/4193848K available (10252K kernel code, 1241K rwdata, 3316K rodata, 1588K init, 2276K bss, 182028K reserved, 0K cma-reserved)
Oct 28 00:03:41 debian kernel: [    0.198946] SLUB: HWalign=64, Order=0-3, MinObjects=0, CPUs=2, Nodes=1
Oct 28 00:03:41 debian kernel: [    0.198953] ftrace: allocating 31879 entries in 125 pages
Oct 28 00:03:41 debian kernel: [    0.209355] rcu: Hierarchical RCU implementation.
Oct 28 00:03:41 debian kernel: [    0.209357] rcu: 	RCU restricting CPUs from NR_CPUS=512 to nr_cpu_ids=2.
Oct 28 00:03:41 debian kernel: [    0.209358] rcu: Adjusting geometry for rcu_fanout_leaf=16, nr_cpu_ids=2
Oct 28 00:03:41 debian kernel: [    0.211156] NR_IRQS: 33024, nr_irqs: 440, preallocated irqs: 16
Oct 28 00:03:41 debian kernel: [    0.217815] Console: colour VGA+ 80x25
Oct 28 00:03:41 debian kernel: [    0.217817] console [tty0] enabled
Oct 28 00:03:41 debian kernel: [    0.217833] ACPI: Core revision 20180810
Oct 28 00:03:41 debian kernel: [    0.217942] APIC: Switch to symmetric I/O mode setup
Oct 28 00:03:41 debian kernel: [    0.218119] x2apic enabled
Oct 28 00:03:41 debian kernel: [    0.218287] Switched APIC routing to physical x2apic.
Oct 28 00:03:41 debian kernel: [    0.219122] ..TIMER: vector=0x30 apic1=0 pin1=2 apic2=-1 pin2=-1
Oct 28 00:03:41 debian kernel: [    0.219138] clocksource: tsc-early: mask: 0xffffffffffffffff max_cycles: 0x33e452fbb2f, max_idle_ns: 440795236593 ns
Oct 28 00:03:41 debian kernel: [    0.219148] Calibrating delay loop (skipped) preset value.. 7200.00 BogoMIPS (lpj=14400000)
Oct 28 00:03:41 debian kernel: [    0.219150] pid_max: default: 32768 minimum: 301
Oct 28 00:03:41 debian kernel: [    0.219170] Security Framework initialized
Oct 28 00:03:41 debian kernel: [    0.219170] Yama: disabled by default; enable with sysctl kernel.yama.*
Oct 28 00:03:41 debian kernel: [    0.219185] AppArmor: AppArmor initialized
Oct 28 00:03:41 debian kernel: [    0.221145] Dentry cache hash table entries: 524288 (order: 10, 4194304 bytes)
Oct 28 00:03:41 debian kernel: [    0.222120] Inode-cache hash table entries: 262144 (order: 9, 2097152 bytes)
Oct 28 00:03:41 debian kernel: [    0.222129] Mount-cache hash table entries: 8192 (order: 4, 65536 bytes)
Oct 28 00:03:41 debian kernel: [    0.222133] Mountpoint-cache hash table entries: 8192 (order: 4, 65536 bytes)
Oct 28 00:03:41 debian kernel: [    0.222333] Last level iTLB entries: 4KB 1024, 2MB 1024, 4MB 512
Oct 28 00:03:41 debian kernel: [    0.222334] Last level dTLB entries: 4KB 2048, 2MB 2048, 4MB 1024, 1GB 0
Oct 28 00:03:41 debian kernel: [    0.222335] Spectre V1 : Mitigation: usercopy/swapgs barriers and __user pointer sanitization
Oct 28 00:03:41 debian kernel: [    0.222336] Spectre V2 : Spectre mitigation: LFENCE not serializing, switching to generic retpoline
Oct 28 00:03:41 debian kernel: [    0.222567] Spectre V2 : Mitigation: Full generic retpoline
Oct 28 00:03:41 debian kernel: [    0.222568] Spectre V2 : Spectre v2 / SpectreRSB mitigation: Filling RSB on context switch
Oct 28 00:03:41 debian kernel: [    0.222569] Speculative Store Bypass: Mitigation: Speculative Store Bypass disabled via prctl and seccomp
Oct 28 00:03:41 debian kernel: [    0.222700] Freeing SMP alternatives memory: 24K
Oct 28 00:03:41 debian kernel: [    0.332320] APIC calibration not consistent with PM-Timer: 101ms instead of 100ms
Oct 28 00:03:41 debian kernel: [    0.332321] APIC delta adjusted to PM-Timer: 6256324 (6326411)
Oct 28 00:03:41 debian kernel: [    0.332395] smpboot: CPU0: AMD Ryzen 5 3600 6-Core Processor (family: 0x17, model: 0x71, stepping: 0x0)
Oct 28 00:03:41 debian kernel: [    0.332499] Performance Events: PMU not available due to virtualization, using software events only.
Oct 28 00:03:41 debian kernel: [    0.332541] rcu: Hierarchical SRCU implementation.
Oct 28 00:03:41 debian kernel: [    0.332878] random: crng done (trusting CPU's manufacturer)
Oct 28 00:03:41 debian kernel: [    0.332890] NMI watchdog: Perf NMI watchdog permanently disabled
Oct 28 00:03:41 debian kernel: [    0.332936] smp: Bringing up secondary CPUs ...
Oct 28 00:03:41 debian kernel: [    0.333800] x86: Booting SMP configuration:
Oct 28 00:03:41 debian kernel: [    0.333801] .... node  #0, CPUs:      #1
Oct 28 00:03:41 debian kernel: [    0.011727] kvm-clock: cpu 1, msr bc5e8041, secondary cpu clock
Oct 28 00:03:41 debian kernel: [    0.335163] smp: Brought up 1 node, 2 CPUs
Oct 28 00:03:41 debian kernel: [    0.335163] smpboot: Max logical packages: 1
Oct 28 00:03:41 debian kernel: [    0.335163] smpboot: Total of 2 processors activated (14400.00 BogoMIPS)
Oct 28 00:03:41 debian kernel: [    0.335331] devtmpfs: initialized
Oct 28 00:03:41 debian kernel: [    0.335331] x86/mm: Memory block size: 128MB
Oct 28 00:03:41 debian kernel: [    0.335423] clocksource: jiffies: mask: 0xffffffff max_cycles: 0xffffffff, max_idle_ns: 7645041785100000 ns
Oct 28 00:03:41 debian kernel: [    0.335423] futex hash table entries: 512 (order: 3, 32768 bytes)
Oct 28 00:03:41 debian kernel: [    0.335423] pinctrl core: initialized pinctrl subsystem
Oct 28 00:03:41 debian kernel: [    0.335480] NET: Registered protocol family 16
Oct 28 00:03:41 debian kernel: [    0.335550] audit: initializing netlink subsys (disabled)
Oct 28 00:03:41 debian kernel: [    0.335561] audit: type=2000 audit(1635390229.194:1): state=initialized audit_enabled=0 res=1
Oct 28 00:03:41 debian kernel: [    0.335561] cpuidle: using governor ladder
Oct 28 00:03:41 debian kernel: [    0.335561] cpuidle: using governor menu
Oct 28 00:03:41 debian kernel: [    0.335561] ACPI: bus type PCI registered
Oct 28 00:03:41 debian kernel: [    0.335561] acpiphp: ACPI Hot Plug PCI Controller Driver version: 0.5
Oct 28 00:03:41 debian kernel: [    0.335561] PCI: Using configuration type 1 for base access
Oct 28 00:03:41 debian kernel: [    0.335561] PCI: Using configuration type 1 for extended access
Oct 28 00:03:41 debian kernel: [    0.335707] HugeTLB registered 2.00 MiB page size, pre-allocated 0 pages
Oct 28 00:03:41 debian kernel: [    0.335707] ACPI: Added _OSI(Module Device)
Oct 28 00:03:41 debian kernel: [    0.335707] ACPI: Added _OSI(Processor Device)
Oct 28 00:03:41 debian kernel: [    0.335707] ACPI: Added _OSI(3.0 _SCP Extensions)
Oct 28 00:03:41 debian kernel: [    0.335707] ACPI: Added _OSI(Processor Aggregator Device)
Oct 28 00:03:41 debian kernel: [    0.335707] ACPI: Added _OSI(Linux-Dell-Video)
Oct 28 00:03:41 debian kernel: [    0.335707] ACPI: Added _OSI(Linux-Lenovo-NV-HDMI-Audio)
Oct 28 00:03:41 debian kernel: [    0.336119] ACPI: 2 ACPI AML tables successfully acquired and loaded
Oct 28 00:03:41 debian kernel: [    0.339227] ACPI: Interpreter enabled
Oct 28 00:03:41 debian kernel: [    0.339234] ACPI: (supports S0 S5)
Oct 28 00:03:41 debian kernel: [    0.339235] ACPI: Using IOAPIC for interrupt routing
Oct 28 00:03:41 debian kernel: [    0.339327] PCI: Using host bridge windows from ACPI; if necessary, use "pci=nocrs" and report a bug
Oct 28 00:03:41 debian kernel: [    0.339389] ACPI: Enabled 2 GPEs in block 00 to 07
Oct 28 00:03:41 debian kernel: [    0.341738] ACPI: PCI Root Bridge [PCI0] (domain 0000 [bus 00-ff])
Oct 28 00:03:41 debian kernel: [    0.341742] acpi PNP0A03:00: _OSC: OS supports [ExtendedConfig ASPM ClockPM Segments MSI]
Oct 28 00:03:41 debian kernel: [    0.342101] acpi PNP0A03:00: _OSC: platform does not support [PCIeCapability LTR]
Oct 28 00:03:41 debian kernel: [    0.342277] acpi PNP0A03:00: _OSC: not requesting control; platform does not support [PCIeCapability]
Oct 28 00:03:41 debian kernel: [    0.342279] acpi PNP0A03:00: _OSC: OS requested [PCIeHotplug SHPCHotplug PME AER PCIeCapability LTR]
Oct 28 00:03:41 debian kernel: [    0.342280] acpi PNP0A03:00: _OSC: platform willing to grant [PCIeHotplug SHPCHotplug PME AER]
Oct 28 00:03:41 debian kernel: [    0.342280] acpi PNP0A03:00: _OSC failed (AE_SUPPORT); disabling ASPM
Oct 28 00:03:41 debian kernel: [    0.342527] PCI host bridge to bus 0000:00
Oct 28 00:03:41 debian kernel: [    0.342528] pci_bus 0000:00: root bus resource [io  0x0000-0x0cf7 window]
Oct 28 00:03:41 debian kernel: [    0.342529] pci_bus 0000:00: root bus resource [io  0x0d00-0xffff window]
Oct 28 00:03:41 debian kernel: [    0.342530] pci_bus 0000:00: root bus resource [mem 0x000a0000-0x000bffff window]
Oct 28 00:03:41 debian kernel: [    0.342531] pci_bus 0000:00: root bus resource [mem 0xe0000000-0xfdffffff window]
Oct 28 00:03:41 debian kernel: [    0.342532] pci_bus 0000:00: root bus resource [bus 00-ff]
Oct 28 00:03:41 debian kernel: [    0.342562] pci 0000:00:00.0: [8086:1237] type 00 class 0x060000
Oct 28 00:03:41 debian kernel: [    0.343078] pci 0000:00:01.0: [8086:7000] type 00 class 0x060100
Oct 28 00:03:41 debian kernel: [    0.343353] pci 0000:00:01.1: [8086:7111] type 00 class 0x01018a
Oct 28 00:03:41 debian kernel: [    0.343615] pci 0000:00:01.1: reg 0x20: [io  0xd000-0xd00f]
Oct 28 00:03:41 debian kernel: [    0.343723] pci 0000:00:01.1: legacy IDE quirk: reg 0x10: [io  0x01f0-0x01f7]
Oct 28 00:03:41 debian kernel: [    0.343724] pci 0000:00:01.1: legacy IDE quirk: reg 0x14: [io  0x03f6]
Oct 28 00:03:41 debian kernel: [    0.343725] pci 0000:00:01.1: legacy IDE quirk: reg 0x18: [io  0x0170-0x0177]
Oct 28 00:03:41 debian kernel: [    0.343725] pci 0000:00:01.1: legacy IDE quirk: reg 0x1c: [io  0x0376]
Oct 28 00:03:41 debian kernel: [    0.343897] pci 0000:00:02.0: [15ad:0405] type 00 class 0x030000
Oct 28 00:03:41 debian kernel: [    0.345842] pci 0000:00:02.0: reg 0x10: [io  0xd010-0xd01f]
Oct 28 00:03:41 debian kernel: [    0.347321] pci 0000:00:02.0: reg 0x14: [mem 0xe0000000-0xe0ffffff pref]
Oct 28 00:03:41 debian kernel: [    0.348942] pci 0000:00:02.0: reg 0x18: [mem 0xf0000000-0xf01fffff]
Oct 28 00:03:41 debian kernel: [    0.354731] pci 0000:00:03.0: [8086:100e] type 00 class 0x020000
Oct 28 00:03:41 debian kernel: [    0.355231] pci 0000:00:03.0: reg 0x10: [mem 0xf0200000-0xf021ffff]
Oct 28 00:03:41 debian kernel: [    0.359220] pci 0000:00:03.0: reg 0x18: [io  0xd020-0xd027]
Oct 28 00:03:41 debian kernel: [    0.367729] pci 0000:00:04.0: [80ee:cafe] type 00 class 0x088000
Oct 28 00:03:41 debian kernel: [    0.370533] pci 0000:00:04.0: reg 0x10: [io  0xd040-0xd05f]
Oct 28 00:03:41 debian kernel: [    0.371209] pci 0000:00:04.0: reg 0x14: [mem 0xf0400000-0xf07fffff]
Oct 28 00:03:41 debian kernel: [    0.373166] pci 0000:00:04.0: reg 0x18: [mem 0xf0800000-0xf0803fff pref]
Oct 28 00:03:41 debian kernel: [    0.381340] pci 0000:00:05.0: [8086:2415] type 00 class 0x040100
Oct 28 00:03:41 debian kernel: [    0.381439] pci 0000:00:05.0: reg 0x10: [io  0xd100-0xd1ff]
Oct 28 00:03:41 debian kernel: [    0.381486] pci 0000:00:05.0: reg 0x14: [io  0xd200-0xd23f]
Oct 28 00:03:41 debian kernel: [    0.381950] pci 0000:00:06.0: [106b:003f] type 00 class 0x0c0310
Oct 28 00:03:41 debian kernel: [    0.383219] pci 0000:00:06.0: reg 0x10: [mem 0xf0804000-0xf0804fff]
Oct 28 00:03:41 debian kernel: [    0.391583] pci 0000:00:07.0: [8086:7113] type 00 class 0x068000
Oct 28 00:03:41 debian kernel: [    0.391966] pci 0000:00:07.0: quirk: [io  0x4000-0x403f] claimed by PIIX4 ACPI
Oct 28 00:03:41 debian kernel: [    0.391974] pci 0000:00:07.0: quirk: [io  0x4100-0x410f] claimed by PIIX4 SMB
Oct 28 00:03:41 debian kernel: [    0.392244] pci 0000:00:08.0: [8086:100e] type 00 class 0x020000
Oct 28 00:03:41 debian kernel: [    0.394102] pci 0000:00:08.0: reg 0x10: [mem 0xf0820000-0xf083ffff]
Oct 28 00:03:41 debian kernel: [    0.397494] pci 0000:00:08.0: reg 0x18: [io  0xd240-0xd247]
Oct 28 00:03:41 debian kernel: [    0.405519] pci 0000:00:0d.0: [8086:2829] type 00 class 0x010601
Oct 28 00:03:41 debian kernel: [    0.407308] pci 0000:00:0d.0: reg 0x10: [io  0xd248-0xd24f]
Oct 28 00:03:41 debian kernel: [    0.409132] pci 0000:00:0d.0: reg 0x14: [io  0xd250-0xd253]
Oct 28 00:03:41 debian kernel: [    0.411251] pci 0000:00:0d.0: reg 0x18: [io  0xd258-0xd25f]
Oct 28 00:03:41 debian kernel: [    0.412942] pci 0000:00:0d.0: reg 0x1c: [io  0xd260-0xd263]
Oct 28 00:03:41 debian kernel: [    0.414215] pci 0000:00:0d.0: reg 0x20: [io  0xd270-0xd27f]
Oct 28 00:03:41 debian kernel: [    0.415228] pci 0000:00:0d.0: reg 0x24: [mem 0xf0840000-0xf0841fff]
Oct 28 00:03:41 debian kernel: [    0.417984] ACPI: PCI Interrupt Link [LNKA] (IRQs 5 9 10 *11)
Oct 28 00:03:41 debian kernel: [    0.418114] ACPI: PCI Interrupt Link [LNKB] (IRQs 5 9 *10 11)
Oct 28 00:03:41 debian kernel: [    0.418174] ACPI: PCI Interrupt Link [LNKC] (IRQs 5 *9 10 11)
Oct 28 00:03:41 debian kernel: [    0.419176] ACPI: PCI Interrupt Link [LNKD] (IRQs 5 9 10 *11)
Oct 28 00:03:41 debian kernel: [    0.419332] pci 0000:00:02.0: vgaarb: setting as boot VGA device
Oct 28 00:03:41 debian kernel: [    0.419332] pci 0000:00:02.0: vgaarb: VGA device added: decodes=io+mem,owns=io+mem,locks=none
Oct 28 00:03:41 debian kernel: [    0.419332] pci 0000:00:02.0: vgaarb: bridge control possible
Oct 28 00:03:41 debian kernel: [    0.419332] vgaarb: loaded
Oct 28 00:03:41 debian kernel: [    0.419332] pps_core: LinuxPPS API ver. 1 registered
Oct 28 00:03:41 debian kernel: [    0.419332] pps_core: Software ver. 5.3.6 - Copyright 2005-2007 Rodolfo Giometti <giometti@linux.it>
Oct 28 00:03:41 debian kernel: [    0.419332] PTP clock support registered
Oct 28 00:03:41 debian kernel: [    0.419332] EDAC MC: Ver: 3.0.0
Oct 28 00:03:41 debian kernel: [    0.419424] PCI: Using ACPI for IRQ routing
Oct 28 00:03:41 debian kernel: [    0.419424] PCI: pci_cache_line_size set to 64 bytes
Oct 28 00:03:41 debian kernel: [    0.419424] e820: reserve RAM buffer [mem 0x0009fc00-0x0009ffff]
Oct 28 00:03:41 debian kernel: [    0.419424] e820: reserve RAM buffer [mem 0xdfff0000-0xdfffffff]
Oct 28 00:03:41 debian kernel: [    0.419424] clocksource: Switched to clocksource kvm-clock
Oct 28 00:03:41 debian kernel: [    0.429612] VFS: Disk quotas dquot_6.6.0
Oct 28 00:03:41 debian kernel: [    0.429625] VFS: Dquot-cache hash table entries: 512 (order 0, 4096 bytes)
Oct 28 00:03:41 debian kernel: [    0.429726] AppArmor: AppArmor Filesystem Enabled
Oct 28 00:03:41 debian kernel: [    0.429746] pnp: PnP ACPI init
Oct 28 00:03:41 debian kernel: [    0.429821] pnp 00:00: Plug and Play ACPI device, IDs PNP0303 (active)
Oct 28 00:03:41 debian kernel: [    0.429865] pnp 00:01: Plug and Play ACPI device, IDs PNP0f03 (active)
Oct 28 00:03:41 debian kernel: [    0.430265] pnp: PnP ACPI: found 2 devices
Oct 28 00:03:41 debian kernel: [    0.439160] clocksource: acpi_pm: mask: 0xffffff max_cycles: 0xffffff, max_idle_ns: 2085701024 ns
Oct 28 00:03:41 debian kernel: [    0.439172] pci_bus 0000:00: resource 4 [io  0x0000-0x0cf7 window]
Oct 28 00:03:41 debian kernel: [    0.439173] pci_bus 0000:00: resource 5 [io  0x0d00-0xffff window]
Oct 28 00:03:41 debian kernel: [    0.439174] pci_bus 0000:00: resource 6 [mem 0x000a0000-0x000bffff window]
Oct 28 00:03:41 debian kernel: [    0.439175] pci_bus 0000:00: resource 7 [mem 0xe0000000-0xfdffffff window]
Oct 28 00:03:41 debian kernel: [    0.439220] NET: Registered protocol family 2
Oct 28 00:03:41 debian kernel: [    0.439329] tcp_listen_portaddr_hash hash table entries: 2048 (order: 3, 32768 bytes)
Oct 28 00:03:41 debian kernel: [    0.439338] TCP established hash table entries: 32768 (order: 6, 262144 bytes)
Oct 28 00:03:41 debian kernel: [    0.439388] TCP bind hash table entries: 32768 (order: 7, 524288 bytes)
Oct 28 00:03:41 debian kernel: [    0.439430] TCP: Hash tables configured (established 32768 bind 32768)
Oct 28 00:03:41 debian kernel: [    0.439448] UDP hash table entries: 2048 (order: 4, 65536 bytes)
Oct 28 00:03:41 debian kernel: [    0.439455] UDP-Lite hash table entries: 2048 (order: 4, 65536 bytes)
Oct 28 00:03:41 debian kernel: [    0.439478] NET: Registered protocol family 1
Oct 28 00:03:41 debian kernel: [    0.439480] NET: Registered protocol family 44
Oct 28 00:03:41 debian kernel: [    0.439499] pci 0000:00:00.0: Limiting direct PCI/PCI transfers
Oct 28 00:03:41 debian kernel: [    0.439509] pci 0000:00:01.0: Activating ISA DMA hang workarounds
Oct 28 00:03:41 debian kernel: [    0.439548] pci 0000:00:02.0: Video device with shadowed ROM at [mem 0x000c0000-0x000dffff]
Oct 28 00:03:41 debian kernel: [    0.440260] PCI: CLS 0 bytes, default 64
Oct 28 00:03:41 debian kernel: [    0.440288] Unpacking initramfs...
Oct 28 00:03:41 debian kernel: [    0.751702] Freeing initrd memory: 25288K
Oct 28 00:03:41 debian kernel: [    0.752047] PCI-DMA: Using software bounce buffering for IO (SWIOTLB)
Oct 28 00:03:41 debian kernel: [    0.752048] software IO TLB: mapped [mem 0xdbff0000-0xdfff0000] (64MB)
Oct 28 00:03:41 debian kernel: [    0.752084] clocksource: tsc: mask: 0xffffffffffffffff max_cycles: 0x33e452fbb2f, max_idle_ns: 440795236593 ns
Oct 28 00:03:41 debian kernel: [    0.752130] platform rtc_cmos: registered platform RTC device (no PNP device found)
Oct 28 00:03:41 debian kernel: [    0.752590] Initialise system trusted keyrings
Oct 28 00:03:41 debian kernel: [    0.752602] Key type blacklist registered
Oct 28 00:03:41 debian kernel: [    0.752685] workingset: timestamp_bits=40 max_order=20 bucket_order=0
Oct 28 00:03:41 debian kernel: [    0.753395] zbud: loaded
Oct 28 00:03:41 debian kernel: [    0.836898] Key type asymmetric registered
Oct 28 00:03:41 debian kernel: [    0.836899] Asymmetric key parser 'x509' registered
Oct 28 00:03:41 debian kernel: [    0.836926] Block layer SCSI generic (bsg) driver version 0.4 loaded (major 247)
Oct 28 00:03:41 debian kernel: [    0.836983] io scheduler noop registered
Oct 28 00:03:41 debian kernel: [    0.836983] io scheduler deadline registered
Oct 28 00:03:41 debian kernel: [    0.837020] io scheduler cfq registered (default)
Oct 28 00:03:41 debian kernel: [    0.837021] io scheduler mq-deadline registered
Oct 28 00:03:41 debian kernel: [    0.837131] shpchp: Standard Hot Plug PCI Controller Driver version: 0.4
Oct 28 00:03:41 debian kernel: [    0.837281] Serial: 8250/16550 driver, 4 ports, IRQ sharing enabled
Oct 28 00:03:41 debian kernel: [    0.837578] Linux agpgart interface v0.103
Oct 28 00:03:41 debian kernel: [    0.837627] AMD IOMMUv2 driver by Joerg Roedel <jroedel@suse.de>
Oct 28 00:03:41 debian kernel: [    0.837628] AMD IOMMUv2 functionality not available on this system
Oct 28 00:03:41 debian kernel: [    0.837762] i8042: PNP: PS/2 Controller [PNP0303:PS2K,PNP0f03:PS2M] at 0x60,0x64 irq 1,12
Oct 28 00:03:41 debian kernel: [    0.838164] serio: i8042 KBD port at 0x60,0x64 irq 1
Oct 28 00:03:41 debian kernel: [    0.838181] serio: i8042 AUX port at 0x60,0x64 irq 12
Oct 28 00:03:41 debian kernel: [    0.838263] mousedev: PS/2 mouse device common for all mice
Oct 28 00:03:41 debian kernel: [    0.838437] input: AT Translated Set 2 keyboard as /devices/platform/i8042/serio0/input/input0
Oct 28 00:03:41 debian kernel: [    0.838777] rtc_cmos rtc_cmos: registered as rtc0
Oct 28 00:03:41 debian kernel: [    0.838787] rtc_cmos rtc_cmos: alarms up to one day, 114 bytes nvram
Oct 28 00:03:41 debian kernel: [    0.838826] ledtrig-cpu: registered to indicate activity on CPUs
Oct 28 00:03:41 debian kernel: [    0.838984] NET: Registered protocol family 10
Oct 28 00:03:41 debian kernel: [    0.843645] Segment Routing with IPv6
Oct 28 00:03:41 debian kernel: [    0.843656] mip6: Mobile IPv6
Oct 28 00:03:41 debian kernel: [    0.843657] NET: Registered protocol family 17
Oct 28 00:03:41 debian kernel: [    0.843684] mpls_gso: MPLS GSO support
Oct 28 00:03:41 debian kernel: [    0.843761] mce: Using 0 MCE banks
Oct 28 00:03:41 debian kernel: [    0.843774] sched_clock: Marking stable (836020070, 7727266)->(853898672, -10151336)
Oct 28 00:03:41 debian kernel: [    0.844048] registered taskstats version 1
Oct 28 00:03:41 debian kernel: [    0.844049] Loading compiled-in X.509 certificates
Oct 28 00:03:41 debian kernel: [    0.862326] Loaded X.509 cert 'Debian Secure Boot CA: 6ccece7e4c6c0d1f6149f3dd27dfcc5cbb419ea1'
Oct 28 00:03:41 debian kernel: [    0.862348] Loaded X.509 cert 'Debian Secure Boot Signer: 00a7468def'
Oct 28 00:03:41 debian kernel: [    0.862385] zswap: loaded using pool lzo/zbud
Oct 28 00:03:41 debian kernel: [    0.862528] AppArmor: AppArmor sha1 policy hashing enabled
Oct 28 00:03:41 debian kernel: [    0.862842] rtc_cmos rtc_cmos: setting system clock to 2021-10-28 03:03:39 UTC (1635390219)
Oct 28 00:03:41 debian kernel: [    0.864009] Freeing unused kernel image memory: 1588K
Oct 28 00:03:41 debian kernel: [    0.883854] Write protecting the kernel read-only data: 16384k
Oct 28 00:03:41 debian kernel: [    0.884282] Freeing unused kernel image memory: 2028K
Oct 28 00:03:41 debian kernel: [    0.884404] Freeing unused kernel image memory: 780K
Oct 28 00:03:41 debian kernel: [    0.889437] x86/mm: Checked W+X mappings: passed, no W+X pages found.
Oct 28 00:03:41 debian kernel: [    0.889439] Run /init as init process
Oct 28 00:03:41 debian kernel: [    0.928379] SCSI subsystem initialized
Oct 28 00:03:41 debian kernel: [    0.938569] ACPI: bus type USB registered
Oct 28 00:03:41 debian kernel: [    0.940178] usbcore: registered new interface driver usbfs
Oct 28 00:03:41 debian kernel: [    0.940183] usbcore: registered new interface driver hub
Oct 28 00:03:41 debian kernel: [    0.940197] cryptd: max_cpu_qlen set to 1000
Oct 28 00:03:41 debian kernel: [    0.941438] usbcore: registered new device driver usb
Oct 28 00:03:41 debian kernel: [    0.943583] ehci_hcd: USB 2.0 'Enhanced' Host Controller (EHCI) Driver
Oct 28 00:03:41 debian kernel: [    0.943639] e1000: Intel(R) PRO/1000 Network Driver - version 7.3.21-k8-NAPI
Oct 28 00:03:41 debian kernel: [    0.943640] e1000: Copyright (c) 1999-2006 Intel Corporation.
Oct 28 00:03:41 debian kernel: [    0.944240] piix4_smbus 0000:00:07.0: SMBus Host Controller at 0x4100, revision 0
Oct 28 00:03:41 debian kernel: [    0.946960] AVX2 version of gcm_enc/dec engaged.
Oct 28 00:03:41 debian kernel: [    0.946960] AES CTR mode by8 optimization enabled
Oct 28 00:03:41 debian kernel: [    0.953005] ohci_hcd: USB 1.1 'Open' Host Controller (OHCI) Driver
Oct 28 00:03:41 debian kernel: [    0.953498] ehci-pci: EHCI PCI platform driver
Oct 28 00:03:41 debian kernel: [    0.955464] ohci-pci: OHCI PCI platform driver
Oct 28 00:03:41 debian kernel: [    0.955806] ohci-pci 0000:00:06.0: OHCI PCI host controller
Oct 28 00:03:41 debian kernel: [    0.955812] ohci-pci 0000:00:06.0: new USB bus registered, assigned bus number 1
Oct 28 00:03:41 debian kernel: [    0.955880] ohci-pci 0000:00:06.0: irq 22, io mem 0xf0804000
Oct 28 00:03:41 debian kernel: [    0.957961] libata version 3.00 loaded.
Oct 28 00:03:41 debian kernel: [    0.958865] ata_piix 0000:00:01.1: version 2.13
Oct 28 00:03:41 debian kernel: [    0.961301] ahci 0000:00:0d.0: version 3.0
Oct 28 00:03:41 debian kernel: [    0.961674] ahci 0000:00:0d.0: SSS flag set, parallel bus scan disabled
Oct 28 00:03:41 debian kernel: [    0.961841] ahci 0000:00:0d.0: AHCI 0001.0100 32 slots 2 ports 3 Gbps 0x3 impl SATA mode
Oct 28 00:03:41 debian kernel: [    0.961842] ahci 0000:00:0d.0: flags: 64bit ncq stag only ccc 
Oct 28 00:03:41 debian kernel: [    0.962174] scsi host0: ata_piix
Oct 28 00:03:41 debian kernel: [    0.962253] scsi host1: ahci
Oct 28 00:03:41 debian kernel: [    0.963605] scsi host3: ahci
Oct 28 00:03:41 debian kernel: [    0.963648] ata3: SATA max UDMA/133 abar m8192@0xf0840000 port 0xf0840100 irq 21
Oct 28 00:03:41 debian kernel: [    0.963652] ata4: SATA max UDMA/133 abar m8192@0xf0840000 port 0xf0840180 irq 21
Oct 28 00:03:41 debian kernel: [    0.964661] scsi host2: ata_piix
Oct 28 00:03:41 debian kernel: [    0.964690] ata1: PATA max UDMA/33 cmd 0x1f0 ctl 0x3f6 bmdma 0xd000 irq 14
Oct 28 00:03:41 debian kernel: [    0.964690] ata2: PATA max UDMA/33 cmd 0x170 ctl 0x376 bmdma 0xd008 irq 15
Oct 28 00:03:41 debian kernel: [    1.016244] usb usb1: New USB device found, idVendor=1d6b, idProduct=0001, bcdDevice= 4.19
Oct 28 00:03:41 debian kernel: [    1.016246] usb usb1: New USB device strings: Mfr=3, Product=2, SerialNumber=1
Oct 28 00:03:41 debian kernel: [    1.016247] usb usb1: Product: OHCI PCI host controller
Oct 28 00:03:41 debian kernel: [    1.016247] usb usb1: Manufacturer: Linux 4.19.0-9-amd64 ohci_hcd
Oct 28 00:03:41 debian kernel: [    1.016248] usb usb1: SerialNumber: 0000:00:06.0
Oct 28 00:03:41 debian kernel: [    1.016447] hub 1-0:1.0: USB hub found
Oct 28 00:03:41 debian kernel: [    1.016491] hub 1-0:1.0: 12 ports detected
Oct 28 00:03:41 debian kernel: [    1.162220] input: ImExPS/2 Generic Explorer Mouse as /devices/platform/i8042/serio1/input/input2
Oct 28 00:03:41 debian kernel: [    1.277570] ata3: SATA link up 3.0 Gbps (SStatus 123 SControl 300)
Oct 28 00:03:41 debian kernel: [    1.277733] ata3.00: ATA-6: VBOX HARDDISK, 1.0, max UDMA/133
Oct 28 00:03:41 debian kernel: [    1.277734] ata3.00: 20971520 sectors, multi 128: LBA48 NCQ (depth 32)
Oct 28 00:03:41 debian kernel: [    1.277833] ata3.00: configured for UDMA/133
Oct 28 00:03:41 debian kernel: [    1.277994] scsi 1:0:0:0: Direct-Access     ATA      VBOX HARDDISK    1.0  PQ: 0 ANSI: 5
Oct 28 00:03:41 debian kernel: [    1.294810] e1000 0000:00:03.0 eth0: (PCI:33MHz:32-bit) 08:00:27:ec:98:dc
Oct 28 00:03:41 debian kernel: [    1.294816] e1000 0000:00:03.0 eth0: Intel(R) PRO/1000 Network Connection
Oct 28 00:03:41 debian kernel: [    1.552852] usb 1-1: new full-speed USB device number 2 using ohci-pci
Oct 28 00:03:41 debian kernel: [    1.606875] ata4: SATA link up 3.0 Gbps (SStatus 123 SControl 300)
Oct 28 00:03:41 debian kernel: [    1.606986] ata4.00: ATA-6: VBOX HARDDISK, 1.0, max UDMA/133
Oct 28 00:03:41 debian kernel: [    1.606987] ata4.00: 16777216 sectors, multi 128: LBA48 NCQ (depth 32)
Oct 28 00:03:41 debian kernel: [    1.607117] ata4.00: configured for UDMA/133
Oct 28 00:03:41 debian kernel: [    1.607278] scsi 3:0:0:0: Direct-Access     ATA      VBOX HARDDISK    1.0  PQ: 0 ANSI: 5
Oct 28 00:03:41 debian kernel: [    1.611961] sd 1:0:0:0: [sda] 20971520 512-byte logical blocks: (10.7 GB/10.0 GiB)
Oct 28 00:03:41 debian kernel: [    1.611965] sd 1:0:0:0: [sda] Write Protect is off
Oct 28 00:03:41 debian kernel: [    1.611965] sd 1:0:0:0: [sda] Mode Sense: 00 3a 00 00
Oct 28 00:03:41 debian kernel: [    1.611969] sd 1:0:0:0: [sda] Write cache: enabled, read cache: enabled, doesn't support DPO or FUA
Oct 28 00:03:41 debian kernel: [    1.612015] sd 3:0:0:0: [sdb] 16777216 512-byte logical blocks: (8.59 GB/8.00 GiB)
Oct 28 00:03:41 debian kernel: [    1.612017] sd 3:0:0:0: [sdb] Write Protect is off
Oct 28 00:03:41 debian kernel: [    1.612018] sd 3:0:0:0: [sdb] Mode Sense: 00 3a 00 00
Oct 28 00:03:41 debian kernel: [    1.612022] sd 3:0:0:0: [sdb] Write cache: enabled, read cache: enabled, doesn't support DPO or FUA
Oct 28 00:03:41 debian kernel: [    1.612979]  sdb: sdb1
Oct 28 00:03:41 debian kernel: [    1.613095] sd 3:0:0:0: [sdb] Attached SCSI disk
Oct 28 00:03:41 debian kernel: [    1.613210]  sda: sda1 sda2 < sda5 >
Oct 28 00:03:41 debian kernel: [    1.613485] sd 1:0:0:0: [sda] Attached SCSI disk
Oct 28 00:03:41 debian kernel: [    1.654828] e1000 0000:00:08.0 eth1: (PCI:33MHz:32-bit) 08:00:27:7f:d9:ec
Oct 28 00:03:41 debian kernel: [    1.654831] e1000 0000:00:08.0 eth1: Intel(R) PRO/1000 Network Connection
Oct 28 00:03:41 debian kernel: [    1.655599] e1000 0000:00:08.0 enp0s8: renamed from eth1
Oct 28 00:03:41 debian kernel: [    1.668142] e1000 0000:00:03.0 enp0s3: renamed from eth0
Oct 28 00:03:41 debian kernel: [    1.825338] PM: Image not found (code -22)
Oct 28 00:03:41 debian kernel: [    1.891302] usb 1-1: New USB device found, idVendor=80ee, idProduct=0021, bcdDevice= 1.00
Oct 28 00:03:41 debian kernel: [    1.891304] usb 1-1: New USB device strings: Mfr=1, Product=3, SerialNumber=0
Oct 28 00:03:41 debian kernel: [    1.891305] usb 1-1: Product: USB Tablet
Oct 28 00:03:41 debian kernel: [    1.891306] usb 1-1: Manufacturer: VirtualBox
Oct 28 00:03:41 debian kernel: [    1.901483] hidraw: raw HID events driver (C) Jiri Kosina
Oct 28 00:03:41 debian kernel: [    1.917771] usbcore: registered new interface driver usbhid
Oct 28 00:03:41 debian kernel: [    1.917772] usbhid: USB HID core driver
Oct 28 00:03:41 debian kernel: [    1.919022] input: VirtualBox USB Tablet as /devices/pci0000:00/0000:00:06.0/usb1/1-1/1-1:1.0/0003:80EE:0021.0001/input/input3
Oct 28 00:03:41 debian kernel: [    1.919155] hid-generic 0003:80EE:0021.0001: input,hidraw0: USB HID v1.10 Mouse [VirtualBox USB Tablet] on usb-0000:00:06.0-1/input0
Oct 28 00:03:41 debian kernel: [    1.990969] EXT4-fs (sda1): mounted filesystem with ordered data mode. Opts: (null)
Oct 28 00:03:41 debian kernel: [    2.307439] EXT4-fs (sda1): re-mounted. Opts: errors=remount-ro
Oct 28 00:03:41 debian kernel: [    2.430185] ACPI: AC Adapter [AC] (on-line)
Oct 28 00:03:41 debian kernel: [    2.431631] input: Power Button as /devices/LNXSYSTM:00/LNXPWRBN:00/input/input4
Oct 28 00:03:41 debian kernel: [    2.431644] ACPI: Power Button [PWRF]
Oct 28 00:03:41 debian kernel: [    2.431705] input: Sleep Button as /devices/LNXSYSTM:00/LNXSLPBN:00/input/input5
Oct 28 00:03:41 debian kernel: [    2.431709] ACPI: Sleep Button [SLPF]
Oct 28 00:03:41 debian kernel: [    2.434293] vboxguest: host-version: 6.1.26r145957 0x8000000f
Oct 28 00:03:41 debian kernel: [    2.434683] ACPI: Video Device [GFX0] (multi-head: yes  rom: no  post: no)
Oct 28 00:03:41 debian kernel: [    2.434715] input: Video Bus as /devices/LNXSYSTM:00/LNXSYBUS:00/PNP0A03:00/LNXVIDEO:00/input/input6
Oct 28 00:03:41 debian kernel: [    2.435049] vbg_heartbeat_init: Setting up heartbeat to trigger every 2000 milliseconds
Oct 28 00:03:41 debian kernel: [    2.435169] input: VirtualBox mouse integration as /devices/pci0000:00/0000:00:04.0/input/input7
Oct 28 00:03:41 debian kernel: [    2.436591] vboxguest: misc device minor 58, IRQ 20, I/O port d040, MMIO at 0x00000000f0400000 (size 0x0000000000400000)
Oct 28 00:03:41 debian kernel: [    2.459338] sd 1:0:0:0: Attached scsi generic sg0 type 0
Oct 28 00:03:41 debian kernel: [    2.459365] sd 3:0:0:0: Attached scsi generic sg1 type 0
Oct 28 00:03:41 debian kernel: [    2.462800] input: PC Speaker as /devices/platform/pcspkr/input/input8
Oct 28 00:03:41 debian kernel: [    2.553902] Decoding supported only on Scalable MCA processors.
Oct 28 00:03:41 debian kernel: [    2.567615] [drm] DMA map mode: Using physical TTM page addresses.
Oct 28 00:03:41 debian kernel: [    2.567644] [drm] Capabilities:
Oct 28 00:03:41 debian kernel: [    2.567644] [drm]   Cursor.
Oct 28 00:03:41 debian kernel: [    2.567645] [drm]   Cursor bypass 2.
Oct 28 00:03:41 debian kernel: [    2.567645] [drm]   Alpha cursor.
Oct 28 00:03:41 debian kernel: [    2.567645] [drm]   3D.
Oct 28 00:03:41 debian kernel: [    2.567645] [drm]   Extended Fifo.
Oct 28 00:03:41 debian kernel: [    2.567646] [drm]   Pitchlock.
Oct 28 00:03:41 debian kernel: [    2.567646] [drm]   Irq mask.
Oct 28 00:03:41 debian kernel: [    2.567646] [drm]   GMR.
Oct 28 00:03:41 debian kernel: [    2.567646] [drm]   Traces.
Oct 28 00:03:41 debian kernel: [    2.567646] [drm]   GMR2.
Oct 28 00:03:41 debian kernel: [    2.567647] [drm]   Screen Object 2.
Oct 28 00:03:41 debian kernel: [    2.567653] [drm] Max GMR ids is 8192
Oct 28 00:03:41 debian kernel: [    2.567674] [drm] Max number of GMR pages is 1048576
Oct 28 00:03:41 debian kernel: [    2.567674] [drm] Max dedicated hypervisor surface memory is 507904 kiB
Oct 28 00:03:41 debian kernel: [    2.567674] [drm] Maximum display memory size is 16384 kiB
Oct 28 00:03:41 debian kernel: [    2.567675] [drm] VRAM at 0xe0000000 size is 16384 kiB
Oct 28 00:03:41 debian kernel: [    2.567675] [drm] MMIO at 0xf0000000 size is 2048 kiB
Oct 28 00:03:41 debian kernel: [    2.567684] [drm] global init.
Oct 28 00:03:41 debian kernel: [    2.567764] [TTM] Zone  kernel: Available graphics memory: 2020764 kiB
Oct 28 00:03:41 debian kernel: [    2.567765] [TTM] Initializing pool allocator
Oct 28 00:03:41 debian kernel: [    2.567767] [TTM] Initializing DMA pool allocator
Oct 28 00:03:41 debian kernel: [    2.567881] [drm] Supports vblank timestamp caching Rev 2 (21.10.2013).
Oct 28 00:03:41 debian kernel: [    2.567881] [drm] No driver support for vblank timestamp query.
Oct 28 00:03:41 debian kernel: [    2.568067] [drm] Screen Objects Display Unit initialized
Oct 28 00:03:41 debian kernel: [    2.568097] [drm] width 720
Oct 28 00:03:41 debian kernel: [    2.568104] [drm] height 400
Oct 28 00:03:41 debian kernel: [    2.568110] [drm] bpp 32
Oct 28 00:03:41 debian kernel: [    2.568245] [drm] Fifo max 0x00200000 min 0x00001000 cap 0x00000355
Oct 28 00:03:41 debian kernel: [    2.568253] [drm] DX: no.
Oct 28 00:03:41 debian kernel: [    2.568253] [drm] Atomic: yes.
Oct 28 00:03:41 debian kernel: [    2.568253] [drm] SM4_1: no.
Oct 28 00:03:41 debian kernel: [    2.568266] [drm:vmw_host_log [vmwgfx]] *ERROR* Failed to send host log message.
Oct 28 00:03:41 debian kernel: [    2.568969] [drm:vmw_host_log [vmwgfx]] *ERROR* Failed to send host log message.
Oct 28 00:03:41 debian kernel: [    2.573609] Decoding supported only on Scalable MCA processors.
Oct 28 00:03:41 debian kernel: [    2.573715] fbcon: svgadrmfb (fb0) is primary device
Oct 28 00:03:41 debian kernel: [    2.577338] Console: switching to colour frame buffer device 100x37
Oct 28 00:03:41 debian kernel: [    2.578062] [drm] Initialized vmwgfx 2.15.0 20180704 for 0000:00:02.0 on minor 0
Oct 28 00:03:41 debian kernel: [    2.609385] Adding 2095100k swap on /dev/sda5.  Priority:-2 extents:1 across:2095100k FS
Oct 28 00:03:41 debian kernel: [    2.615013] EXT4-fs (sdb1): recovery complete
Oct 28 00:03:41 debian kernel: [    2.615016] EXT4-fs (sdb1): mounted filesystem with ordered data mode. Opts: (null)
Oct 28 00:03:41 debian kernel: [    2.654363] audit: type=1400 audit(1635390221.288:2): apparmor="STATUS" operation="profile_load" profile="unconfined" name="nvidia_modprobe" pid=390 comm="apparmor_parser"
Oct 28 00:03:41 debian kernel: [    2.654365] audit: type=1400 audit(1635390221.288:3): apparmor="STATUS" operation="profile_load" profile="unconfined" name="nvidia_modprobe//kmod" pid=390 comm="apparmor_parser"
Oct 28 00:03:41 debian kernel: [    2.654901] audit: type=1400 audit(1635390221.288:4): apparmor="STATUS" operation="profile_load" profile="unconfined" name="/usr/bin/man" pid=391 comm="apparmor_parser"
Oct 28 00:03:41 debian kernel: [    2.654903] audit: type=1400 audit(1635390221.288:5): apparmor="STATUS" operation="profile_load" profile="unconfined" name="man_filter" pid=391 comm="apparmor_parser"
Oct 28 00:03:41 debian kernel: [    2.654904] audit: type=1400 audit(1635390221.288:6): apparmor="STATUS" operation="profile_load" profile="unconfined" name="man_groff" pid=391 comm="apparmor_parser"
Oct 28 00:03:41 debian kernel: [    2.713790] IPv6: ADDRCONF(NETDEV_UP): enp0s3: link is not ready
Oct 28 00:03:41 debian kernel: [    2.715073] IPv6: ADDRCONF(NETDEV_UP): enp0s8: link is not ready
Oct 28 00:03:41 debian systemd[1]: Starting Flush Journal to Persistent Storage...
Oct 28 00:03:41 debian systemd[1]: Started Create Static Device Nodes in /dev.
Oct 28 00:03:41 debian systemd[1]: Starting udev Kernel Device Manager...
Oct 28 00:03:41 debian systemd[1]: Reached target Local File Systems (Pre).
Oct 28 00:03:41 debian systemd[1]: Started Flush Journal to Persistent Storage.
Oct 28 00:03:41 debian systemd[1]: Started udev Kernel Device Manager.
Oct 28 00:03:41 debian systemd-udevd[272]: Using default interface naming scheme 'v240'.
Oct 28 00:03:41 debian systemd-udevd[272]: link_config: autonegotiation is unset or enabled, the speed and duplex are not writable.
Oct 28 00:03:41 debian systemd-udevd[267]: Using default interface naming scheme 'v240'.
Oct 28 00:03:41 debian systemd-udevd[267]: link_config: autonegotiation is unset or enabled, the speed and duplex are not writable.
Oct 28 00:03:41 debian systemd-udevd[281]: link_config: autonegotiation is unset or enabled, the speed and duplex are not writable.
Oct 28 00:03:41 debian systemd[1]: Found device 82540EM Gigabit Ethernet Controller (PRO/1000 MT Desktop Adapter).
Oct 28 00:03:41 debian systemd[1]: Found device 82540EM Gigabit Ethernet Controller (PRO/1000 MT Desktop Adapter).
Oct 28 00:03:41 debian systemd[1]: Found device VBOX_HARDDISK 1.
Oct 28 00:03:41 debian systemd[1]: Found device VBOX_HARDDISK 5.
Oct 28 00:03:41 debian systemd[1]: Activating swap /dev/disk/by-uuid/e550cf9e-dc94-442c-b9c4-9c12f05024b3...
Oct 28 00:03:41 debian systemd[1]: Mounting /home...
Oct 28 00:03:41 debian systemd[1]: Activated swap /dev/disk/by-uuid/e550cf9e-dc94-442c-b9c4-9c12f05024b3.
Oct 28 00:03:41 debian systemd[1]: Reached target Swap.
Oct 28 00:03:41 debian systemd[1]: Mounted /home.
Oct 28 00:03:41 debian systemd[1]: Reached target Local File Systems.
Oct 28 00:03:41 debian systemd[1]: Condition check resulted in Commit a transient machine-id on disk being skipped.
Oct 28 00:03:41 debian systemd[1]: Starting Load AppArmor profiles...
Oct 28 00:03:41 debian systemd[1]: Starting Create Volatile Files and Directories...
Oct 28 00:03:41 debian systemd[1]: Starting Set console font and keymap...
Oct 28 00:03:41 debian systemd[1]: Started Set console font and keymap.
Oct 28 00:03:41 debian systemd[1]: Started Create Volatile Files and Directories.
Oct 28 00:03:41 debian apparmor.systemd[379]: Restarting AppArmor
Oct 28 00:03:41 debian apparmor.systemd[379]: Reloading AppArmor profiles
Oct 28 00:03:41 debian systemd[1]: Starting Network Time Synchronization...
Oct 28 00:03:41 debian systemd[1]: Starting Update UTMP about System Boot/Shutdown...
Oct 28 00:03:41 debian systemd[1]: Started Update UTMP about System Boot/Shutdown.
Oct 28 00:03:41 debian systemd[1]: Started Load AppArmor profiles.
Oct 28 00:03:41 debian systemd[1]: Started ifup for enp0s8.
Oct 28 00:03:41 debian systemd[1]: Starting Raise network interfaces...
Oct 28 00:03:41 debian systemd[1]: Started ifup for enp0s3.
Oct 28 00:03:41 debian systemd[1]: Started Raise network interfaces.
Oct 28 00:03:41 debian dhclient[439]: Internet Systems Consortium DHCP Client 4.4.1
Oct 28 00:03:41 debian sh[392]: Internet Systems Consortium DHCP Client 4.4.1
Oct 28 00:03:41 debian sh[392]: Copyright 2004-2018 Internet Systems Consortium.
Oct 28 00:03:41 debian sh[392]: All rights reserved.
Oct 28 00:03:41 debian sh[392]: For info, please visit https://www.isc.org/software/dhcp/
Oct 28 00:03:41 debian sh[395]: Internet Systems Consortium DHCP Client 4.4.1
Oct 28 00:03:41 debian sh[395]: Copyright 2004-2018 Internet Systems Consortium.
Oct 28 00:03:41 debian sh[395]: All rights reserved.
Oct 28 00:03:41 debian sh[395]: For info, please visit https://www.isc.org/software/dhcp/
Oct 28 00:03:41 debian dhclient[438]: Internet Systems Consortium DHCP Client 4.4.1
Oct 28 00:03:41 debian dhclient[439]: Copyright 2004-2018 Internet Systems Consortium.
Oct 28 00:03:41 debian dhclient[438]: Copyright 2004-2018 Internet Systems Consortium.
Oct 28 00:03:41 debian dhclient[439]: All rights reserved.
Oct 28 00:03:41 debian dhclient[438]: All rights reserved.
Oct 28 00:03:41 debian dhclient[439]: For info, please visit https://www.isc.org/software/dhcp/
Oct 28 00:03:41 debian dhclient[438]: For info, please visit https://www.isc.org/software/dhcp/
Oct 28 00:03:41 debian dhclient[439]: 
Oct 28 00:03:41 debian dhclient[438]: 
Oct 28 00:03:41 debian dhclient[438]: Listening on LPF/enp0s8/08:00:27:7f:d9:ec
Oct 28 00:03:41 debian sh[395]: Listening on LPF/enp0s3/08:00:27:ec:98:dc
Oct 28 00:03:41 debian sh[395]: Sending on   LPF/enp0s3/08:00:27:ec:98:dc
Oct 28 00:03:41 debian sh[395]: Sending on   Socket/fallback
Oct 28 00:03:41 debian sh[395]: DHCPREQUEST for 10.0.2.15 on enp0s3 to 255.255.255.255 port 67
Oct 28 00:03:41 debian sh[392]: Listening on LPF/enp0s8/08:00:27:7f:d9:ec
Oct 28 00:03:41 debian sh[392]: Sending on   LPF/enp0s8/08:00:27:7f:d9:ec
Oct 28 00:03:41 debian sh[392]: Sending on   Socket/fallback
Oct 28 00:03:41 debian sh[392]: DHCPREQUEST for 192.168.56.101 on enp0s8 to 255.255.255.255 port 67
Oct 28 00:03:41 debian dhclient[438]: Sending on   LPF/enp0s8/08:00:27:7f:d9:ec
Oct 28 00:03:41 debian systemd[1]: Started Network Time Synchronization.
Oct 28 00:03:41 debian dhclient[439]: Listening on LPF/enp0s3/08:00:27:ec:98:dc
Oct 28 00:03:41 debian systemd[1]: Reached target System Initialization.
Oct 28 00:03:41 debian dhclient[439]: Sending on   LPF/enp0s3/08:00:27:ec:98:dc
Oct 28 00:03:41 debian systemd[1]: Started Daily Cleanup of Temporary Directories.
Oct 28 00:03:41 debian dhclient[438]: Sending on   Socket/fallback
Oct 28 00:03:41 debian systemd[1]: Listening on D-Bus System Message Bus Socket.
Oct 28 00:03:41 debian dhclient[439]: Sending on   Socket/fallback
Oct 28 00:03:41 debian systemd[1]: Reached target Sockets.
Oct 28 00:03:41 debian dhclient[438]: DHCPREQUEST for 192.168.56.101 on enp0s8 to 255.255.255.255 port 67
Oct 28 00:03:41 debian systemd[1]: Reached target Basic System.
Oct 28 00:03:41 debian dhclient[439]: DHCPREQUEST for 10.0.2.15 on enp0s3 to 255.255.255.255 port 67
Oct 28 00:03:41 debian systemd[1]: Condition check resulted in getty on tty2-tty6 if dbus and logind are not available being skipped.
Oct 28 00:03:41 debian systemd[1]: Starting System Logging Service...
Oct 28 00:03:41 debian systemd[1]: Started Regular background program processing daemon.
Oct 28 00:03:41 debian systemd[1]: Started D-Bus System Message Bus.
Oct 28 00:03:41 debian systemd[1]: Starting Login Service...
Oct 28 00:03:41 debian systemd[1]: Starting WPA supplicant...
Oct 28 00:03:41 debian systemd[1]: Reached target System Time Synchronized.
Oct 28 00:03:41 debian systemd[1]: Started Daily rotation of log files.
Oct 28 00:03:41 debian systemd[1]: Started Daily man-db regeneration.
Oct 28 00:03:41 debian systemd[1]: Started Trigger anacron every hour.
Oct 28 00:03:41 debian cron[461]: (CRON) INFO (pidfile fd = 3)
Oct 28 00:03:41 debian systemd[1]: Started Run anacron jobs.
Oct 28 00:03:41 debian systemd[1]: Started Daily apt download activities.
Oct 28 00:03:41 debian systemd[1]: Started Daily apt upgrade and clean activities.
Oct 28 00:03:41 debian systemd[1]: Reached target Timers.
Oct 28 00:03:41 debian anacron[466]: Anacron 2.3 started on 2021-10-28
Oct 28 00:03:41 debian cron[461]: (CRON) INFO (Running @reboot jobs)
Oct 28 00:03:41 debian anacron[466]: Will run job `cron.daily' in 5 min.
Oct 28 00:03:41 debian anacron[466]: Jobs will be executed sequentially
Oct 28 00:03:41 debian rsyslogd: imuxsock: Acquired UNIX socket '/run/systemd/journal/syslog' (fd 3) from systemd.  [v8.1901.0]
Oct 28 00:03:41 debian rsyslogd:  [origin software="rsyslogd" swVersion="8.1901.0" x-pid="460" x-info="https://www.rsyslog.com"] start
Oct 28 00:03:41 debian kernel: [    2.776932] snd_intel8x0 0000:00:05.0: white list rate for 1028:0177 is 48000
Oct 28 00:03:41 debian systemd[1]: Started System Logging Service.
Oct 28 00:03:41 debian CRON[471]: (root) CMD (/usr/sbin/iptables-restore /root/myfw.txt)
Oct 28 00:03:41 debian wpa_supplicant[465]: Successfully initialized wpa_supplicant
Oct 28 00:03:41 debian systemd[1]: Started WPA supplicant.
Oct 28 00:03:41 debian systemd[1]: Reached target Network.
Oct 28 00:03:41 debian systemd[1]: Starting Permit User Sessions...
Oct 28 00:03:41 debian systemd[1]: Reached target Sound Card.
Oct 28 00:03:41 debian systemd[1]: Started Permit User Sessions.
Oct 28 00:03:41 debian systemd[1]: Started Getty on tty1.
Oct 28 00:03:41 debian systemd[1]: Reached target Login Prompts.
Oct 28 00:03:41 debian CRON[467]: (CRON) info (No MTA installed, discarding output)
Oct 28 00:03:41 debian systemd[1]: Started Login Service.
Oct 28 00:03:41 debian systemd[1]: Reached target Multi-User System.
Oct 28 00:03:41 debian systemd[1]: Reached target Graphical Interface.
Oct 28 00:03:41 debian systemd[1]: Starting Update UTMP about System Runlevel Changes...
Oct 28 00:03:41 debian systemd[1]: systemd-update-utmp-runlevel.service: Succeeded.
Oct 28 00:03:41 debian systemd[1]: Started Update UTMP about System Runlevel Changes.
Oct 28 00:03:41 debian systemd[1]: Startup finished in 2.104s (kernel) + 697ms (userspace) = 2.802s.
Oct 28 00:03:43 debian kernel: [    4.732566] e1000: enp0s3 NIC Link is Up 1000 Mbps Full Duplex, Flow Control: RX
Oct 28 00:03:43 debian kernel: [    4.733199] e1000: enp0s8 NIC Link is Up 1000 Mbps Full Duplex, Flow Control: RX
Oct 28 00:03:43 debian kernel: [    4.733438] IPv6: ADDRCONF(NETDEV_CHANGE): enp0s3: link becomes ready
Oct 28 00:03:43 debian kernel: [    4.733472] IPv6: ADDRCONF(NETDEV_CHANGE): enp0s8: link becomes ready
Oct 28 00:03:44 debian dhclient[438]: DHCPREQUEST for 192.168.56.101 on enp0s8 to 255.255.255.255 port 67
Oct 28 00:03:44 debian sh[392]: DHCPREQUEST for 192.168.56.101 on enp0s8 to 255.255.255.255 port 67
Oct 28 00:03:44 debian dhclient[438]: DHCPACK of 192.168.56.101 from 192.168.56.100
Oct 28 00:03:44 debian sh[392]: DHCPACK of 192.168.56.101 from 192.168.56.100
Oct 28 00:03:44 debian dhclient[438]: bound to 192.168.56.101 -- renewal in 291 seconds.
Oct 28 00:03:44 debian sh[392]: bound to 192.168.56.101 -- renewal in 291 seconds.
Oct 28 00:03:44 debian sh[392]: enp0s8=enp0s8
Oct 28 00:03:44 debian systemd[1]: Created slice User Slice of UID 0.
Oct 28 00:03:44 debian systemd[1]: Starting User Runtime Directory /run/user/0...
Oct 28 00:03:44 debian systemd[1]: Started User Runtime Directory /run/user/0.
Oct 28 00:03:44 debian systemd[1]: Starting User Manager for UID 0...
Oct 28 00:03:44 debian systemd[496]: Reached target Paths.
Oct 28 00:03:44 debian systemd[496]: Reached target Timers.
Oct 28 00:03:44 debian systemd[496]: Reached target Sockets.
Oct 28 00:03:44 debian systemd[496]: Reached target Basic System.
Oct 28 00:03:44 debian systemd[496]: Reached target Default.
Oct 28 00:03:44 debian systemd[496]: Startup finished in 17ms.
Oct 28 00:03:44 debian systemd[1]: Started User Manager for UID 0.
Oct 28 00:03:44 debian systemd[1]: Started Session 2 of user root.
Oct 28 00:03:47 debian dhclient[439]: DHCPREQUEST for 10.0.2.15 on enp0s3 to 255.255.255.255 port 67
Oct 28 00:03:47 debian sh[395]: DHCPREQUEST for 10.0.2.15 on enp0s3 to 255.255.255.255 port 67
Oct 28 00:03:47 debian sh[395]: DHCPACK of 10.0.2.15 from 10.0.2.2
Oct 28 00:03:47 debian dhclient[439]: DHCPACK of 10.0.2.15 from 10.0.2.2
Oct 28 00:03:47 debian dhclient[439]: bound to 10.0.2.15 -- renewal in 35342 seconds.
Oct 28 00:03:47 debian sh[395]: bound to 10.0.2.15 -- renewal in 35342 seconds.
Oct 28 00:03:47 debian sh[395]: enp0s3=enp0s3
Oct 28 00:04:33 debian systemd-timesyncd[386]: Synchronized to time server for the first time 188.165.3.28:123 (2.debian.pool.ntp.org).
Oct 28 00:08:56 debian dhclient[438]: DHCPREQUEST for 192.168.56.101 on enp0s8 to 192.168.56.100 port 67
Oct 28 00:08:56 debian dhclient[438]: DHCPACK of 192.168.56.101 from 192.168.56.100
Oct 28 00:08:56 debian dhclient[438]: bound to 192.168.56.101 -- renewal in 259 seconds.
Oct 28 00:09:02 debian anacron[466]: Job `cron.daily' started
Oct 28 00:09:02 debian anacron[649]: Updated timestamp for job `cron.daily' to 2021-10-28
Oct 28 00:09:02 debian anacron[466]: Job `cron.daily' terminated
Oct 28 00:09:02 debian anacron[466]: Normal exit (1 job run)
Oct 28 00:09:02 debian systemd[1]: anacron.service: Succeeded.
Oct 28 00:09:50 debian systemd[1]: Reloading.
Oct 28 00:09:50 debian systemd[1]: getty@tty1.service: Current command vanished from the unit file, execution of the command list won't be resumed.
Oct 28 00:09:51 debian systemd[1]: Reloading.
Oct 28 00:09:51 debian systemd[1]: Reloading.
Oct 28 00:09:51 debian systemd[1]: Reloading.
Oct 28 00:09:51 debian systemd[1]: Starting OpenBSD Secure Shell server...
Oct 28 00:09:51 debian systemd[1]: Started OpenBSD Secure Shell server.
Oct 28 00:09:51 debian systemd[1]: Reloading.
Oct 28 00:13:15 debian dhclient[438]: DHCPREQUEST for 192.168.56.101 on enp0s8 to 192.168.56.100 port 67
Oct 28 00:13:15 debian dhclient[438]: DHCPACK of 192.168.56.101 from 192.168.56.100
Oct 28 00:13:15 debian dhclient[438]: bound to 192.168.56.101 -- renewal in 229 seconds.
Oct 28 00:13:56 debian systemd[1]: getty@tty1.service: Succeeded.
Oct 28 00:13:56 debian systemd[1]: session-2.scope: Succeeded.
Oct 28 00:13:56 debian systemd[1]: getty@tty1.service: Service has no hold-off time (RestartSec=0), scheduling restart.
Oct 28 00:13:56 debian systemd[1]: getty@tty1.service: Scheduled restart job, restart counter is at 1.
Oct 28 00:13:56 debian systemd[1]: Stopped Getty on tty1.
Oct 28 00:13:56 debian systemd[1]: Started Getty on tty1.
Oct 28 00:14:07 debian systemd[1]: Stopping User Manager for UID 0...
Oct 28 00:14:07 debian systemd[496]: Stopped target Default.
Oct 28 00:14:07 debian systemd[496]: Stopped target Basic System.
Oct 28 00:14:07 debian systemd[496]: Stopped target Paths.
Oct 28 00:14:07 debian systemd[496]: Stopped target Timers.
Oct 28 00:14:07 debian systemd[496]: Stopped target Sockets.
Oct 28 00:14:07 debian systemd[496]: Reached target Shutdown.
Oct 28 00:14:07 debian systemd[496]: systemd-exit.service: Succeeded.
Oct 28 00:14:07 debian systemd[496]: Started Exit the Session.
Oct 28 00:14:07 debian systemd[496]: Reached target Exit the Session.
Oct 28 00:14:07 debian systemd[1]: user@0.service: Succeeded.
Oct 28 00:14:07 debian systemd[1]: Stopped User Manager for UID 0.
Oct 28 00:14:07 debian systemd[1]: Stopping User Runtime Directory /run/user/0...
Oct 28 00:14:07 debian systemd[1]: run-user-0.mount: Succeeded.
Oct 28 00:14:07 debian systemd[1]: user-runtime-dir@0.service: Succeeded.
Oct 28 00:14:07 debian systemd[1]: Stopped User Runtime Directory /run/user/0.
Oct 28 00:14:07 debian systemd[1]: Removed slice User Slice of UID 0.
Oct 28 00:14:33 debian systemd[1]: Created slice User Slice of UID 0.
Oct 28 00:14:33 debian systemd[1]: Starting User Runtime Directory /run/user/0...
Oct 28 00:14:33 debian systemd[1]: Started User Runtime Directory /run/user/0.
Oct 28 00:14:33 debian systemd[1]: Starting User Manager for UID 0...
Oct 28 00:14:33 debian systemd[1159]: Reached target Sockets.
Oct 28 00:14:33 debian systemd[1159]: Reached target Timers.
Oct 28 00:14:33 debian systemd[1159]: Reached target Paths.
Oct 28 00:14:33 debian systemd[1159]: Reached target Basic System.
Oct 28 00:14:33 debian systemd[1159]: Reached target Default.
Oct 28 00:14:33 debian systemd[1159]: Startup finished in 12ms.
Oct 28 00:14:33 debian systemd[1]: Started User Manager for UID 0.
Oct 28 00:14:33 debian systemd[1]: Started Session 4 of user root.
Oct 28 00:15:48 debian systemd[1]: getty@tty1.service: Succeeded.
Oct 28 00:15:48 debian systemd[1]: session-4.scope: Succeeded.
Oct 28 00:15:48 debian systemd[1]: getty@tty1.service: Service has no hold-off time (RestartSec=0), scheduling restart.
Oct 28 00:15:48 debian systemd[1]: getty@tty1.service: Scheduled restart job, restart counter is at 2.
Oct 28 00:15:48 debian systemd[1]: Stopped Getty on tty1.
Oct 28 00:15:48 debian systemd[1]: Started Getty on tty1.
Oct 28 00:15:52 debian systemd[1]: Created slice User Slice of UID 1000.
Oct 28 00:15:52 debian systemd[1]: Starting User Runtime Directory /run/user/1000...
Oct 28 00:15:52 debian systemd[1]: Started User Runtime Directory /run/user/1000.
Oct 28 00:15:52 debian systemd[1]: Starting User Manager for UID 1000...
Oct 28 00:15:52 debian systemd[1186]: Reached target Sockets.
Oct 28 00:15:52 debian systemd[1186]: Reached target Paths.
Oct 28 00:15:52 debian systemd[1186]: Reached target Timers.
Oct 28 00:15:52 debian systemd[1186]: Reached target Basic System.
Oct 28 00:15:52 debian systemd[1]: Started User Manager for UID 1000.
Oct 28 00:15:52 debian systemd[1]: Started Session 6 of user gus.
Oct 28 00:15:52 debian systemd[1186]: Reached target Default.
Oct 28 00:15:52 debian systemd[1186]: Startup finished in 13ms.
Oct 28 00:15:59 debian systemd[1]: Stopping User Manager for UID 0...
Oct 28 00:15:59 debian systemd[1159]: Stopped target Default.
Oct 28 00:15:59 debian systemd[1159]: Stopped target Basic System.
Oct 28 00:15:59 debian systemd[1159]: Stopped target Timers.
Oct 28 00:15:59 debian systemd[1159]: Stopped target Paths.
Oct 28 00:15:59 debian systemd[1159]: Stopped target Sockets.
Oct 28 00:15:59 debian systemd[1159]: Reached target Shutdown.
Oct 28 00:15:59 debian systemd[1159]: systemd-exit.service: Succeeded.
Oct 28 00:15:59 debian systemd[1159]: Started Exit the Session.
Oct 28 00:15:59 debian systemd[1159]: Reached target Exit the Session.
Oct 28 00:15:59 debian systemd[1]: user@0.service: Succeeded.
Oct 28 00:15:59 debian systemd[1]: Stopped User Manager for UID 0.
Oct 28 00:15:59 debian systemd[1]: Stopping User Runtime Directory /run/user/0...
Oct 28 00:15:59 debian systemd[1186]: run-user-0.mount: Succeeded.
Oct 28 00:15:59 debian systemd[1]: run-user-0.mount: Succeeded.
Oct 28 00:15:59 debian systemd[1]: user-runtime-dir@0.service: Succeeded.
Oct 28 00:15:59 debian systemd[1]: Stopped User Runtime Directory /run/user/0.
Oct 28 00:15:59 debian systemd[1]: Removed slice User Slice of UID 0.
Oct 28 00:16:35 debian systemd[1]: getty@tty1.service: Succeeded.
Oct 28 00:16:35 debian systemd[1]: session-6.scope: Succeeded.
Oct 28 00:16:35 debian systemd[1]: getty@tty1.service: Service has no hold-off time (RestartSec=0), scheduling restart.
Oct 28 00:16:35 debian systemd[1]: getty@tty1.service: Scheduled restart job, restart counter is at 3.
Oct 28 00:16:35 debian systemd[1]: Stopped Getty on tty1.
Oct 28 00:16:35 debian systemd[1]: Started Getty on tty1.
Oct 28 00:16:43 debian systemd[1]: Created slice User Slice of UID 0.
Oct 28 00:16:43 debian systemd[1]: Starting User Runtime Directory /run/user/0...
Oct 28 00:16:43 debian systemd[1]: Started User Runtime Directory /run/user/0.
Oct 28 00:16:43 debian systemd[1]: Starting User Manager for UID 0...
Oct 28 00:16:43 debian systemd[1202]: Reached target Paths.
Oct 28 00:16:43 debian systemd[1202]: Reached target Timers.
Oct 28 00:16:43 debian systemd[1202]: Reached target Sockets.
Oct 28 00:16:43 debian systemd[1202]: Reached target Basic System.
Oct 28 00:16:43 debian systemd[1202]: Reached target Default.
Oct 28 00:16:43 debian systemd[1202]: Startup finished in 12ms.
Oct 28 00:16:43 debian systemd[1]: Started User Manager for UID 0.
Oct 28 00:16:43 debian systemd[1]: Started Session 8 of user root.
Oct 28 00:16:45 debian systemd[1]: Stopping User Manager for UID 1000...
Oct 28 00:16:45 debian systemd[1186]: Stopped target Default.
Oct 28 00:16:45 debian systemd[1186]: Stopped target Basic System.
Oct 28 00:16:45 debian systemd[1186]: Stopped target Sockets.
Oct 28 00:16:45 debian systemd[1186]: Stopped target Timers.
Oct 28 00:16:45 debian systemd[1186]: Stopped target Paths.
Oct 28 00:16:45 debian systemd[1186]: Reached target Shutdown.
Oct 28 00:16:45 debian systemd[1186]: systemd-exit.service: Succeeded.
Oct 28 00:16:45 debian systemd[1186]: Started Exit the Session.
Oct 28 00:16:45 debian systemd[1186]: Reached target Exit the Session.
Oct 28 00:16:45 debian systemd[1]: user@1000.service: Succeeded.
Oct 28 00:16:45 debian systemd[1]: Stopped User Manager for UID 1000.
Oct 28 00:16:45 debian systemd[1]: Stopping User Runtime Directory /run/user/1000...
Oct 28 00:16:45 debian systemd[1202]: run-user-1000.mount: Succeeded.
Oct 28 00:16:45 debian systemd[1]: run-user-1000.mount: Succeeded.
Oct 28 00:16:45 debian systemd[1]: user-runtime-dir@1000.service: Succeeded.
Oct 28 00:16:45 debian systemd[1]: Stopped User Runtime Directory /run/user/1000.
Oct 28 00:16:45 debian systemd[1]: Removed slice User Slice of UID 1000.
Oct 28 00:17:01 debian CRON[1214]: (root) CMD (   cd / && run-parts --report /etc/cron.hourly)
Oct 28 00:17:04 debian dhclient[438]: DHCPREQUEST for 192.168.56.101 on enp0s8 to 192.168.56.100 port 67
Oct 28 00:17:04 debian dhclient[438]: DHCPACK of 192.168.56.101 from 192.168.56.100
Oct 28 00:17:04 debian dhclient[438]: bound to 192.168.56.101 -- renewal in 287 seconds.
Oct 28 00:19:02 debian systemd[1]: Starting Cleanup of Temporary Directories...
Oct 28 00:19:02 debian systemd[1]: systemd-tmpfiles-clean.service: Succeeded.
Oct 28 00:19:02 debian systemd[1]: Started Cleanup of Temporary Directories.
Oct 28 00:19:17 debian systemd[1]: Created slice User Slice of UID 1000.
Oct 28 00:19:17 debian systemd[1]: Starting User Runtime Directory /run/user/1000...
Oct 28 00:19:17 debian systemd[1]: Started User Runtime Directory /run/user/1000.
Oct 28 00:19:17 debian systemd[1]: Starting User Manager for UID 1000...
Oct 28 00:19:17 debian systemd[1225]: Reached target Paths.
Oct 28 00:19:17 debian systemd[1225]: Reached target Sockets.
Oct 28 00:19:17 debian systemd[1225]: Reached target Timers.
Oct 28 00:19:17 debian systemd[1225]: Reached target Basic System.
Oct 28 00:19:17 debian systemd[1]: Started User Manager for UID 1000.
Oct 28 00:19:17 debian systemd[1]: Started Session 11 of user gus.
Oct 28 00:19:17 debian systemd[1225]: Reached target Default.
Oct 28 00:19:17 debian systemd[1225]: Startup finished in 12ms.
Oct 28 00:20:28 debian systemd[1]: session-11.scope: Succeeded.
Oct 28 00:20:40 debian systemd[1]: Stopping User Manager for UID 1000...
Oct 28 00:20:40 debian systemd[1225]: Stopped target Default.
Oct 28 00:20:40 debian systemd[1225]: Stopped target Basic System.
Oct 28 00:20:40 debian systemd[1225]: Stopped target Paths.
Oct 28 00:20:40 debian systemd[1225]: Stopped target Sockets.
Oct 28 00:20:40 debian systemd[1225]: Reached target Shutdown.
Oct 28 00:20:40 debian systemd[1225]: systemd-exit.service: Succeeded.
Oct 28 00:20:40 debian systemd[1225]: Started Exit the Session.
Oct 28 00:20:40 debian systemd[1225]: Reached target Exit the Session.
Oct 28 00:20:40 debian systemd[1225]: Stopped target Timers.
Oct 28 00:20:40 debian systemd[1]: user@1000.service: Succeeded.
Oct 28 00:20:40 debian systemd[1]: Stopped User Manager for UID 1000.
Oct 28 00:20:40 debian systemd[1]: Stopping User Runtime Directory /run/user/1000...
Oct 28 00:20:40 debian systemd[1202]: run-user-1000.mount: Succeeded.
Oct 28 00:20:40 debian systemd[1]: run-user-1000.mount: Succeeded.
Oct 28 00:20:40 debian systemd[1]: user-runtime-dir@1000.service: Succeeded.
Oct 28 00:20:40 debian systemd[1]: Stopped User Runtime Directory /run/user/1000.
Oct 28 00:20:40 debian systemd[1]: Removed slice User Slice of UID 1000.
Oct 28 00:21:52 debian dhclient[438]: DHCPREQUEST for 192.168.56.101 on enp0s8 to 192.168.56.100 port 67
Oct 28 00:21:52 debian dhclient[438]: DHCPACK of 192.168.56.101 from 192.168.56.100
Oct 28 00:21:52 debian dhclient[438]: bound to 192.168.56.101 -- renewal in 301 seconds.
Oct 28 00:26:31 debian systemd[1]: Created slice User Slice of UID 1000.
Oct 28 00:26:31 debian systemd[1]: Starting User Runtime Directory /run/user/1000...
Oct 28 00:26:31 debian systemd[1]: Started User Runtime Directory /run/user/1000.
Oct 28 00:26:31 debian systemd[1]: Starting User Manager for UID 1000...
Oct 28 00:26:31 debian systemd[1254]: Reached target Paths.
Oct 28 00:26:31 debian systemd[1254]: Reached target Timers.
Oct 28 00:26:31 debian systemd[1254]: Reached target Sockets.
Oct 28 00:26:31 debian systemd[1254]: Reached target Basic System.
Oct 28 00:26:31 debian systemd[1]: Started User Manager for UID 1000.
Oct 28 00:26:31 debian systemd[1]: Started Session 13 of user gus.
Oct 28 00:26:31 debian systemd[1254]: Reached target Default.
Oct 28 00:26:31 debian systemd[1254]: Startup finished in 12ms.
Oct 28 00:26:56 debian dhclient[438]: DHCPREQUEST for 192.168.56.101 on enp0s8 to 192.168.56.100 port 67
Oct 28 00:26:56 debian dhclient[438]: DHCPACK of 192.168.56.101 from 192.168.56.100
Oct 28 00:26:56 debian dhclient[438]: bound to 192.168.56.101 -- renewal in 248 seconds.
Oct 28 00:27:16 debian systemd-timesyncd[386]: Timed out waiting for reply from 188.165.3.28:123 (2.debian.pool.ntp.org).
Oct 28 00:27:16 debian systemd-timesyncd[386]: Synchronized to time server for the first time 185.19.184.35:123 (2.debian.pool.ntp.org).
Oct 28 00:28:31 debian systemd[1]: session-13.scope: Succeeded.
Oct 28 00:28:42 debian systemd[1]: Stopping User Manager for UID 1000...
Oct 28 00:28:42 debian systemd[1254]: Stopped target Default.
Oct 28 00:28:42 debian systemd[1254]: Stopped target Basic System.
Oct 28 00:28:42 debian systemd[1254]: Stopped target Paths.
Oct 28 00:28:42 debian systemd[1254]: Stopped target Timers.
Oct 28 00:28:42 debian systemd[1254]: Stopped target Sockets.
Oct 28 00:28:42 debian systemd[1254]: Reached target Shutdown.
Oct 28 00:28:42 debian systemd[1254]: systemd-exit.service: Succeeded.
Oct 28 00:28:42 debian systemd[1254]: Started Exit the Session.
Oct 28 00:28:42 debian systemd[1254]: Reached target Exit the Session.
Oct 28 00:28:42 debian systemd[1]: user@1000.service: Succeeded.
Oct 28 00:28:42 debian systemd[1]: Stopped User Manager for UID 1000.
Oct 28 00:28:42 debian systemd[1]: Stopping User Runtime Directory /run/user/1000...
Oct 28 00:28:42 debian systemd[1202]: run-user-1000.mount: Succeeded.
Oct 28 00:28:42 debian systemd[1]: run-user-1000.mount: Succeeded.
Oct 28 00:28:42 debian systemd[1]: user-runtime-dir@1000.service: Succeeded.
Oct 28 00:28:42 debian systemd[1]: Stopped User Runtime Directory /run/user/1000.
Oct 28 00:28:42 debian systemd[1]: Removed slice User Slice of UID 1000.
Oct 28 00:31:04 debian dhclient[438]: DHCPREQUEST for 192.168.56.101 on enp0s8 to 192.168.56.100 port 67
Oct 28 00:31:04 debian dhclient[438]: DHCPACK of 192.168.56.101 from 192.168.56.100
Oct 28 00:31:04 debian dhclient[438]: bound to 192.168.56.101 -- renewal in 257 seconds.
Oct 28 00:32:50 debian systemd[1]: Created slice User Slice of UID 1000.
Oct 28 00:32:50 debian systemd[1]: Starting User Runtime Directory /run/user/1000...
Oct 28 00:32:50 debian systemd[1]: Started User Runtime Directory /run/user/1000.
Oct 28 00:32:50 debian systemd[1]: Starting User Manager for UID 1000...
Oct 28 00:32:50 debian systemd[1302]: Reached target Timers.
Oct 28 00:32:50 debian systemd[1302]: Reached target Sockets.
Oct 28 00:32:50 debian systemd[1302]: Reached target Paths.
Oct 28 00:32:50 debian systemd[1302]: Reached target Basic System.
Oct 28 00:32:50 debian systemd[1]: Started User Manager for UID 1000.
Oct 28 00:32:50 debian systemd[1]: Started Session 15 of user gus.
Oct 28 00:32:50 debian systemd[1302]: Reached target Default.
Oct 28 00:32:50 debian systemd[1302]: Startup finished in 12ms.
Oct 28 00:35:21 debian dhclient[438]: DHCPREQUEST for 192.168.56.101 on enp0s8 to 192.168.56.100 port 67
Oct 28 00:35:21 debian dhclient[438]: DHCPACK of 192.168.56.101 from 192.168.56.100
Oct 28 00:35:21 debian dhclient[438]: bound to 192.168.56.101 -- renewal in 246 seconds.
Oct 28 00:36:37 debian systemd[1]: session-15.scope: Succeeded.
Oct 28 00:36:49 debian systemd[1]: Stopping User Manager for UID 1000...
Oct 28 00:36:49 debian systemd[1302]: Stopped target Default.
Oct 28 00:36:49 debian systemd[1302]: Stopped target Basic System.
Oct 28 00:36:49 debian systemd[1302]: Stopped target Timers.
Oct 28 00:36:49 debian systemd[1302]: Stopped target Sockets.
Oct 28 00:36:49 debian systemd[1302]: Stopped target Paths.
Oct 28 00:36:49 debian systemd[1302]: Reached target Shutdown.
Oct 28 00:36:49 debian systemd[1302]: systemd-exit.service: Succeeded.
Oct 28 00:36:49 debian systemd[1302]: Started Exit the Session.
Oct 28 00:36:49 debian systemd[1302]: Reached target Exit the Session.
Oct 28 00:36:49 debian systemd[1]: user@1000.service: Succeeded.
Oct 28 00:36:49 debian systemd[1]: Stopped User Manager for UID 1000.
Oct 28 00:36:49 debian systemd[1]: Stopping User Runtime Directory /run/user/1000...
Oct 28 00:36:49 debian systemd[1]: run-user-1000.mount: Succeeded.
Oct 28 00:36:49 debian systemd[1202]: run-user-1000.mount: Succeeded.
Oct 28 00:36:49 debian systemd[1]: user-runtime-dir@1000.service: Succeeded.
Oct 28 00:36:49 debian systemd[1]: Stopped User Runtime Directory /run/user/1000.
Oct 28 00:36:49 debian systemd[1]: Removed slice User Slice of UID 1000.
Oct 28 00:38:54 debian kernel: [    0.000000] Linux version 4.19.0-9-amd64 (debian-kernel@lists.debian.org) (gcc version 8.3.0 (Debian 8.3.0-6)) #1 SMP Debian 4.19.118-2 (2020-04-29)
Oct 28 00:38:54 debian kernel: [    0.000000] Command line: BOOT_IMAGE=/boot/vmlinuz-4.19.0-9-amd64 root=UUID=cd2cb4ca-39bd-4522-919c-e4ceb81b5ae8 ro quiet
Oct 28 00:38:54 debian kernel: [    0.000000] [Firmware Bug]: TSC doesn't count with P0 frequency!
Oct 28 00:38:54 debian kernel: [    0.000000] x86/fpu: Supporting XSAVE feature 0x001: 'x87 floating point registers'
Oct 28 00:38:54 debian kernel: [    0.000000] x86/fpu: Supporting XSAVE feature 0x002: 'SSE registers'
Oct 28 00:38:54 debian kernel: [    0.000000] x86/fpu: Supporting XSAVE feature 0x004: 'AVX registers'
Oct 28 00:38:54 debian kernel: [    0.000000] x86/fpu: xstate_offset[2]:  576, xstate_sizes[2]:  256
Oct 28 00:38:54 debian kernel: [    0.000000] x86/fpu: Enabled xstate features 0x7, context size is 832 bytes, using 'standard' format.
Oct 28 00:38:54 debian kernel: [    0.000000] BIOS-provided physical RAM map:
Oct 28 00:38:54 debian kernel: [    0.000000] BIOS-e820: [mem 0x0000000000000000-0x000000000009fbff] usable
Oct 28 00:38:54 debian kernel: [    0.000000] BIOS-e820: [mem 0x000000000009fc00-0x000000000009ffff] reserved
Oct 28 00:38:54 debian kernel: [    0.000000] BIOS-e820: [mem 0x00000000000f0000-0x00000000000fffff] reserved
Oct 28 00:38:54 debian kernel: [    0.000000] BIOS-e820: [mem 0x0000000000100000-0x00000000dffeffff] usable
Oct 28 00:38:54 debian kernel: [    0.000000] BIOS-e820: [mem 0x00000000dfff0000-0x00000000dfffffff] ACPI data
Oct 28 00:38:54 debian kernel: [    0.000000] BIOS-e820: [mem 0x00000000fec00000-0x00000000fec00fff] reserved
Oct 28 00:38:54 debian kernel: [    0.000000] BIOS-e820: [mem 0x00000000fee00000-0x00000000fee00fff] reserved
Oct 28 00:38:54 debian kernel: [    0.000000] BIOS-e820: [mem 0x00000000fffc0000-0x00000000ffffffff] reserved
Oct 28 00:38:54 debian kernel: [    0.000000] BIOS-e820: [mem 0x0000000100000000-0x000000011fffffff] usable
Oct 28 00:38:54 debian kernel: [    0.000000] NX (Execute Disable) protection: active
Oct 28 00:38:54 debian kernel: [    0.000000] SMBIOS 2.5 present.
Oct 28 00:38:54 debian kernel: [    0.000000] DMI: innotek GmbH VirtualBox/VirtualBox, BIOS VirtualBox 12/01/2006
Oct 28 00:38:54 debian kernel: [    0.000000] Hypervisor detected: KVM
Oct 28 00:38:54 debian kernel: [    0.000000] kvm-clock: Using msrs 4b564d01 and 4b564d00
Oct 28 00:38:54 debian kernel: [    0.000000] kvm-clock: cpu 0, msr 3afe8001, primary cpu clock
Oct 28 00:38:54 debian kernel: [    0.000000] kvm-clock: using sched offset of 8550885761 cycles
Oct 28 00:38:54 debian kernel: [    0.000001] clocksource: kvm-clock: mask: 0xffffffffffffffff max_cycles: 0x1cd42e4dffb, max_idle_ns: 881590591483 ns
Oct 28 00:38:54 debian kernel: [    0.000002] tsc: Detected 3600.000 MHz processor
Oct 28 00:38:54 debian kernel: [    0.001629] e820: update [mem 0x00000000-0x00000fff] usable ==> reserved
Oct 28 00:38:54 debian kernel: [    0.001631] e820: remove [mem 0x000a0000-0x000fffff] usable
Oct 28 00:38:54 debian kernel: [    0.001634] last_pfn = 0x120000 max_arch_pfn = 0x400000000
Oct 28 00:38:54 debian kernel: [    0.001644] MTRR default type: uncachable
Oct 28 00:38:54 debian kernel: [    0.001644] MTRR variable ranges disabled:
Oct 28 00:38:54 debian kernel: [    0.001645] Disabled
Oct 28 00:38:54 debian kernel: [    0.001645] x86/PAT: MTRRs disabled, skipping PAT initialization too.
Oct 28 00:38:54 debian kernel: [    0.001647] CPU MTRRs all blank - virtualized system.
Oct 28 00:38:54 debian kernel: [    0.001649] x86/PAT: Configuration [0-7]: WB  WT  UC- UC  WB  WT  UC- UC  
Oct 28 00:38:54 debian kernel: [    0.001652] last_pfn = 0xdfff0 max_arch_pfn = 0x400000000
Oct 28 00:38:54 debian kernel: [    0.001675] found SMP MP-table at [mem 0x0009fff0-0x0009ffff]
Oct 28 00:38:54 debian kernel: [    0.063742] BRK [0x3b201000, 0x3b201fff] PGTABLE
Oct 28 00:38:54 debian kernel: [    0.063745] BRK [0x3b202000, 0x3b202fff] PGTABLE
Oct 28 00:38:54 debian kernel: [    0.063746] BRK [0x3b203000, 0x3b203fff] PGTABLE
Oct 28 00:38:54 debian kernel: [    0.063766] BRK [0x3b204000, 0x3b204fff] PGTABLE
Oct 28 00:38:54 debian kernel: [    0.063767] BRK [0x3b205000, 0x3b205fff] PGTABLE
Oct 28 00:38:54 debian kernel: [    0.064673] RAMDISK: [mem 0x34e8b000-0x3673cfff]
Oct 28 00:38:54 debian kernel: [    0.064680] ACPI: Early table checksum verification disabled
Oct 28 00:38:54 debian kernel: [    0.064689] ACPI: RSDP 0x00000000000E0000 000024 (v02 VBOX  )
Oct 28 00:38:54 debian kernel: [    0.064692] ACPI: XSDT 0x00000000DFFF0030 00003C (v01 VBOX   VBOXXSDT 00000001 ASL  00000061)
Oct 28 00:38:54 debian kernel: [    0.064696] ACPI: FACP 0x00000000DFFF00F0 0000F4 (v04 VBOX   VBOXFACP 00000001 ASL  00000061)
Oct 28 00:38:54 debian kernel: [    0.064699] ACPI: DSDT 0x00000000DFFF0470 002325 (v02 VBOX   VBOXBIOS 00000002 INTL 20100528)
Oct 28 00:38:54 debian kernel: [    0.064701] ACPI: FACS 0x00000000DFFF0200 000040
Oct 28 00:38:54 debian kernel: [    0.064702] ACPI: FACS 0x00000000DFFF0200 000040
Oct 28 00:38:54 debian kernel: [    0.064703] ACPI: APIC 0x00000000DFFF0240 00005C (v02 VBOX   VBOXAPIC 00000001 ASL  00000061)
Oct 28 00:38:54 debian kernel: [    0.064705] ACPI: SSDT 0x00000000DFFF02A0 0001CC (v01 VBOX   VBOXCPUT 00000002 INTL 20100528)
Oct 28 00:38:54 debian kernel: [    0.064710] ACPI: Local APIC address 0xfee00000
Oct 28 00:38:54 debian kernel: [    0.064912] No NUMA configuration found
Oct 28 00:38:54 debian kernel: [    0.064913] Faking a node at [mem 0x0000000000000000-0x000000011fffffff]
Oct 28 00:38:54 debian kernel: [    0.064916] NODE_DATA(0) allocated [mem 0x11fff7000-0x11fffbfff]
Oct 28 00:38:54 debian kernel: [    0.065643] Zone ranges:
Oct 28 00:38:54 debian kernel: [    0.065644]   DMA      [mem 0x0000000000001000-0x0000000000ffffff]
Oct 28 00:38:54 debian kernel: [    0.065644]   DMA32    [mem 0x0000000001000000-0x00000000ffffffff]
Oct 28 00:38:54 debian kernel: [    0.065645]   Normal   [mem 0x0000000100000000-0x000000011fffffff]
Oct 28 00:38:54 debian kernel: [    0.065646]   Device   empty
Oct 28 00:38:54 debian kernel: [    0.065646] Movable zone start for each node
Oct 28 00:38:54 debian kernel: [    0.065646] Early memory node ranges
Oct 28 00:38:54 debian kernel: [    0.065647]   node   0: [mem 0x0000000000001000-0x000000000009efff]
Oct 28 00:38:54 debian kernel: [    0.065647]   node   0: [mem 0x0000000000100000-0x00000000dffeffff]
Oct 28 00:38:54 debian kernel: [    0.065648]   node   0: [mem 0x0000000100000000-0x000000011fffffff]
Oct 28 00:38:54 debian kernel: [    0.067200] Zeroed struct page in unavailable ranges: 114 pages
Oct 28 00:38:54 debian kernel: [    0.067201] Initmem setup node 0 [mem 0x0000000000001000-0x000000011fffffff]
Oct 28 00:38:54 debian kernel: [    0.067203] On node 0 totalpages: 1048462
Oct 28 00:38:54 debian kernel: [    0.067204]   DMA zone: 64 pages used for memmap
Oct 28 00:38:54 debian kernel: [    0.067204]   DMA zone: 21 pages reserved
Oct 28 00:38:54 debian kernel: [    0.067205]   DMA zone: 3998 pages, LIFO batch:0
Oct 28 00:38:54 debian kernel: [    0.067263]   DMA32 zone: 14272 pages used for memmap
Oct 28 00:38:54 debian kernel: [    0.067264]   DMA32 zone: 913392 pages, LIFO batch:63
Oct 28 00:38:54 debian kernel: [    0.101514]   Normal zone: 2048 pages used for memmap
Oct 28 00:38:54 debian kernel: [    0.101517]   Normal zone: 131072 pages, LIFO batch:31
Oct 28 00:38:54 debian kernel: [    0.107005] ACPI: PM-Timer IO Port: 0x4008
Oct 28 00:38:54 debian kernel: [    0.107008] ACPI: Local APIC address 0xfee00000
Oct 28 00:38:54 debian kernel: [    0.107057] IOAPIC[0]: apic_id 2, version 32, address 0xfec00000, GSI 0-23
Oct 28 00:38:54 debian kernel: [    0.107059] ACPI: INT_SRC_OVR (bus 0 bus_irq 0 global_irq 2 dfl dfl)
Oct 28 00:38:54 debian kernel: [    0.107060] ACPI: INT_SRC_OVR (bus 0 bus_irq 9 global_irq 9 low level)
Oct 28 00:38:54 debian kernel: [    0.107061] ACPI: IRQ0 used by override.
Oct 28 00:38:54 debian kernel: [    0.107062] ACPI: IRQ9 used by override.
Oct 28 00:38:54 debian kernel: [    0.107063] Using ACPI (MADT) for SMP configuration information
Oct 28 00:38:54 debian kernel: [    0.107068] smpboot: Allowing 2 CPUs, 0 hotplug CPUs
Oct 28 00:38:54 debian kernel: [    0.107088] PM: Registered nosave memory: [mem 0x00000000-0x00000fff]
Oct 28 00:38:54 debian kernel: [    0.107089] PM: Registered nosave memory: [mem 0x0009f000-0x0009ffff]
Oct 28 00:38:54 debian kernel: [    0.107089] PM: Registered nosave memory: [mem 0x000a0000-0x000effff]
Oct 28 00:38:54 debian kernel: [    0.107089] PM: Registered nosave memory: [mem 0x000f0000-0x000fffff]
Oct 28 00:38:54 debian kernel: [    0.107090] PM: Registered nosave memory: [mem 0xdfff0000-0xdfffffff]
Oct 28 00:38:54 debian kernel: [    0.107090] PM: Registered nosave memory: [mem 0xe0000000-0xfebfffff]
Oct 28 00:38:54 debian kernel: [    0.107091] PM: Registered nosave memory: [mem 0xfec00000-0xfec00fff]
Oct 28 00:38:54 debian systemd[1]: Starting Flush Journal to Persistent Storage...
Oct 28 00:38:54 debian kernel: [    0.107091] PM: Registered nosave memory: [mem 0xfec01000-0xfedfffff]
Oct 28 00:38:54 debian kernel: [    0.107091] PM: Registered nosave memory: [mem 0xfee00000-0xfee00fff]
Oct 28 00:38:54 debian kernel: [    0.107091] PM: Registered nosave memory: [mem 0xfee01000-0xfffbffff]
Oct 28 00:38:54 debian kernel: [    0.107092] PM: Registered nosave memory: [mem 0xfffc0000-0xffffffff]
Oct 28 00:38:54 debian kernel: [    0.107093] [mem 0xe0000000-0xfebfffff] available for PCI devices
Oct 28 00:38:54 debian kernel: [    0.107094] Booting paravirtualized kernel on KVM
Oct 28 00:38:54 debian kernel: [    0.107096] clocksource: refined-jiffies: mask: 0xffffffff max_cycles: 0xffffffff, max_idle_ns: 7645519600211568 ns
Oct 28 00:38:54 debian kernel: [    0.169702] random: get_random_bytes called from start_kernel+0x93/0x52c with crng_init=0
Oct 28 00:38:54 debian kernel: [    0.169712] setup_percpu: NR_CPUS:512 nr_cpumask_bits:512 nr_cpu_ids:2 nr_node_ids:1
Oct 28 00:38:54 debian kernel: [    0.170701] percpu: Embedded 45 pages/cpu s144408 r8192 d31720 u1048576
Oct 28 00:38:54 debian kernel: [    0.170705] pcpu-alloc: s144408 r8192 d31720 u1048576 alloc=1*2097152
Oct 28 00:38:54 debian kernel: [    0.170706] pcpu-alloc: [0] 0 1 
Oct 28 00:38:54 debian kernel: [    0.170727] PV qspinlock hash table entries: 256 (order: 0, 4096 bytes)
Oct 28 00:38:54 debian kernel: [    0.170732] Built 1 zonelists, mobility grouping on.  Total pages: 1032057
Oct 28 00:38:54 debian kernel: [    0.170733] Policy zone: Normal
Oct 28 00:38:54 debian kernel: [    0.170735] Kernel command line: BOOT_IMAGE=/boot/vmlinuz-4.19.0-9-amd64 root=UUID=cd2cb4ca-39bd-4522-919c-e4ceb81b5ae8 ro quiet
Oct 28 00:38:54 debian kernel: [    0.208409] Calgary: detecting Calgary via BIOS EBDA area
Oct 28 00:38:54 debian kernel: [    0.208412] Calgary: Unable to locate Rio Grande table in EBDA - bailing!
Oct 28 00:38:54 debian kernel: [    0.215730] Memory: 4011820K/4193848K available (10252K kernel code, 1241K rwdata, 3316K rodata, 1588K init, 2276K bss, 182028K reserved, 0K cma-reserved)
Oct 28 00:38:54 debian kernel: [    0.216795] SLUB: HWalign=64, Order=0-3, MinObjects=0, CPUs=2, Nodes=1
Oct 28 00:38:54 debian kernel: [    0.216802] ftrace: allocating 31879 entries in 125 pages
Oct 28 00:38:54 debian kernel: [    0.226182] rcu: Hierarchical RCU implementation.
Oct 28 00:38:54 debian kernel: [    0.226183] rcu: 	RCU restricting CPUs from NR_CPUS=512 to nr_cpu_ids=2.
Oct 28 00:38:54 debian kernel: [    0.226185] rcu: Adjusting geometry for rcu_fanout_leaf=16, nr_cpu_ids=2
Oct 28 00:38:54 debian kernel: [    0.227957] NR_IRQS: 33024, nr_irqs: 440, preallocated irqs: 16
Oct 28 00:38:54 debian kernel: [    0.234556] Console: colour VGA+ 80x25
Oct 28 00:38:54 debian kernel: [    0.234559] console [tty0] enabled
Oct 28 00:38:54 debian kernel: [    0.234573] ACPI: Core revision 20180810
Oct 28 00:38:54 debian kernel: [    0.234685] APIC: Switch to symmetric I/O mode setup
Oct 28 00:38:54 debian kernel: [    0.234860] x2apic enabled
Oct 28 00:38:54 debian kernel: [    0.235027] Switched APIC routing to physical x2apic.
Oct 28 00:38:54 debian kernel: [    0.235858] ..TIMER: vector=0x30 apic1=0 pin1=2 apic2=-1 pin2=-1
Oct 28 00:38:54 debian kernel: [    0.235874] clocksource: tsc-early: mask: 0xffffffffffffffff max_cycles: 0x33e452fbb2f, max_idle_ns: 440795236593 ns
Oct 28 00:38:54 debian kernel: [    0.235883] Calibrating delay loop (skipped) preset value.. 7200.00 BogoMIPS (lpj=14400000)
Oct 28 00:38:54 debian kernel: [    0.235885] pid_max: default: 32768 minimum: 301
Oct 28 00:38:54 debian kernel: [    0.235906] Security Framework initialized
Oct 28 00:38:54 debian kernel: [    0.235907] Yama: disabled by default; enable with sysctl kernel.yama.*
Oct 28 00:38:54 debian kernel: [    0.235921] AppArmor: AppArmor initialized
Oct 28 00:38:54 debian kernel: [    0.237672] Dentry cache hash table entries: 524288 (order: 10, 4194304 bytes)
Oct 28 00:38:54 debian kernel: [    0.238494] Inode-cache hash table entries: 262144 (order: 9, 2097152 bytes)
Oct 28 00:38:54 debian kernel: [    0.238503] Mount-cache hash table entries: 8192 (order: 4, 65536 bytes)
Oct 28 00:38:54 debian kernel: [    0.238507] Mountpoint-cache hash table entries: 8192 (order: 4, 65536 bytes)
Oct 28 00:38:54 debian kernel: [    0.238724] Last level iTLB entries: 4KB 1024, 2MB 1024, 4MB 512
Oct 28 00:38:54 debian kernel: [    0.238725] Last level dTLB entries: 4KB 2048, 2MB 2048, 4MB 1024, 1GB 0
Oct 28 00:38:54 debian kernel: [    0.238726] Spectre V1 : Mitigation: usercopy/swapgs barriers and __user pointer sanitization
Oct 28 00:38:54 debian kernel: [    0.238726] Spectre V2 : Spectre mitigation: LFENCE not serializing, switching to generic retpoline
Oct 28 00:38:54 debian kernel: [    0.238946] Spectre V2 : Mitigation: Full generic retpoline
Oct 28 00:38:54 debian kernel: [    0.238947] Spectre V2 : Spectre v2 / SpectreRSB mitigation: Filling RSB on context switch
Oct 28 00:38:54 debian kernel: [    0.238948] Speculative Store Bypass: Mitigation: Speculative Store Bypass disabled via prctl and seccomp
Oct 28 00:38:54 debian kernel: [    0.239078] Freeing SMP alternatives memory: 24K
Oct 28 00:38:54 debian kernel: [    0.348504] smpboot: CPU0: AMD Ryzen 5 3600 6-Core Processor (family: 0x17, model: 0x71, stepping: 0x0)
Oct 28 00:38:54 debian kernel: [    0.348608] Performance Events: PMU not available due to virtualization, using software events only.
Oct 28 00:38:54 debian kernel: [    0.348648] rcu: Hierarchical SRCU implementation.
Oct 28 00:38:54 debian kernel: [    0.349001] random: crng done (trusting CPU's manufacturer)
Oct 28 00:38:54 debian kernel: [    0.349012] NMI watchdog: Perf NMI watchdog permanently disabled
Oct 28 00:38:54 debian kernel: [    0.349055] smp: Bringing up secondary CPUs ...
Oct 28 00:38:54 debian kernel: [    0.349877] x86: Booting SMP configuration:
Oct 28 00:38:54 debian kernel: [    0.349878] .... node  #0, CPUs:      #1
Oct 28 00:38:54 debian kernel: [    0.011698] kvm-clock: cpu 1, msr 3afe8041, secondary cpu clock
Oct 28 00:38:54 debian kernel: [    0.351900] smp: Brought up 1 node, 2 CPUs
Oct 28 00:38:54 debian kernel: [    0.351900] smpboot: Max logical packages: 1
Oct 28 00:38:54 debian kernel: [    0.351900] smpboot: Total of 2 processors activated (14400.00 BogoMIPS)
Oct 28 00:38:54 debian kernel: [    0.352041] devtmpfs: initialized
Oct 28 00:38:54 debian kernel: [    0.352041] x86/mm: Memory block size: 128MB
Oct 28 00:38:54 debian kernel: [    0.352195] clocksource: jiffies: mask: 0xffffffff max_cycles: 0xffffffff, max_idle_ns: 7645041785100000 ns
Oct 28 00:38:54 debian kernel: [    0.352195] futex hash table entries: 512 (order: 3, 32768 bytes)
Oct 28 00:38:54 debian kernel: [    0.352195] pinctrl core: initialized pinctrl subsystem
Oct 28 00:38:54 debian kernel: [    0.352195] NET: Registered protocol family 16
Oct 28 00:38:54 debian kernel: [    0.352195] audit: initializing netlink subsys (disabled)
Oct 28 00:38:54 debian kernel: [    0.352195] audit: type=2000 audit(1635392342.059:1): state=initialized audit_enabled=0 res=1
Oct 28 00:38:54 debian kernel: [    0.352195] cpuidle: using governor ladder
Oct 28 00:38:54 debian kernel: [    0.352195] cpuidle: using governor menu
Oct 28 00:38:54 debian kernel: [    0.352195] ACPI: bus type PCI registered
Oct 28 00:38:54 debian kernel: [    0.352195] acpiphp: ACPI Hot Plug PCI Controller Driver version: 0.5
Oct 28 00:38:54 debian kernel: [    0.352195] PCI: Using configuration type 1 for base access
Oct 28 00:38:54 debian kernel: [    0.352195] PCI: Using configuration type 1 for extended access
Oct 28 00:38:54 debian kernel: [    0.352298] HugeTLB registered 2.00 MiB page size, pre-allocated 0 pages
Oct 28 00:38:54 debian kernel: [    0.352298] ACPI: Added _OSI(Module Device)
Oct 28 00:38:54 debian kernel: [    0.352298] ACPI: Added _OSI(Processor Device)
Oct 28 00:38:54 debian kernel: [    0.352298] ACPI: Added _OSI(3.0 _SCP Extensions)
Oct 28 00:38:54 debian kernel: [    0.352298] ACPI: Added _OSI(Processor Aggregator Device)
Oct 28 00:38:54 debian kernel: [    0.352298] ACPI: Added _OSI(Linux-Dell-Video)
Oct 28 00:38:54 debian kernel: [    0.352298] ACPI: Added _OSI(Linux-Lenovo-NV-HDMI-Audio)
Oct 28 00:38:54 debian kernel: [    0.352745] ACPI: 2 ACPI AML tables successfully acquired and loaded
Oct 28 00:38:54 debian kernel: [    0.355947] ACPI: Interpreter enabled
Oct 28 00:38:54 debian kernel: [    0.355954] ACPI: (supports S0 S5)
Oct 28 00:38:54 debian kernel: [    0.355955] ACPI: Using IOAPIC for interrupt routing
Oct 28 00:38:54 debian kernel: [    0.356045] PCI: Using host bridge windows from ACPI; if necessary, use "pci=nocrs" and report a bug
Oct 28 00:38:54 debian kernel: [    0.356106] ACPI: Enabled 2 GPEs in block 00 to 07
Oct 28 00:38:54 debian kernel: [    0.358397] ACPI: PCI Root Bridge [PCI0] (domain 0000 [bus 00-ff])
Oct 28 00:38:54 debian kernel: [    0.358400] acpi PNP0A03:00: _OSC: OS supports [ExtendedConfig ASPM ClockPM Segments MSI]
Oct 28 00:38:54 debian kernel: [    0.358757] acpi PNP0A03:00: _OSC: platform does not support [PCIeCapability LTR]
Oct 28 00:38:54 debian kernel: [    0.358932] acpi PNP0A03:00: _OSC: not requesting control; platform does not support [PCIeCapability]
Oct 28 00:38:54 debian kernel: [    0.358933] acpi PNP0A03:00: _OSC: OS requested [PCIeHotplug SHPCHotplug PME AER PCIeCapability LTR]
Oct 28 00:38:54 debian kernel: [    0.358934] acpi PNP0A03:00: _OSC: platform willing to grant [PCIeHotplug SHPCHotplug PME AER]
Oct 28 00:38:54 debian kernel: [    0.358935] acpi PNP0A03:00: _OSC failed (AE_SUPPORT); disabling ASPM
Oct 28 00:38:54 debian kernel: [    0.359153] PCI host bridge to bus 0000:00
Oct 28 00:38:54 debian kernel: [    0.359154] pci_bus 0000:00: root bus resource [io  0x0000-0x0cf7 window]
Oct 28 00:38:54 debian kernel: [    0.359155] pci_bus 0000:00: root bus resource [io  0x0d00-0xffff window]
Oct 28 00:38:54 debian kernel: [    0.359156] pci_bus 0000:00: root bus resource [mem 0x000a0000-0x000bffff window]
Oct 28 00:38:54 debian kernel: [    0.359156] pci_bus 0000:00: root bus resource [mem 0xe0000000-0xfdffffff window]
Oct 28 00:38:54 debian kernel: [    0.359157] pci_bus 0000:00: root bus resource [bus 00-ff]
Oct 28 00:38:54 debian kernel: [    0.359185] pci 0000:00:00.0: [8086:1237] type 00 class 0x060000
Oct 28 00:38:54 debian kernel: [    0.359718] pci 0000:00:01.0: [8086:7000] type 00 class 0x060100
Oct 28 00:38:54 debian kernel: [    0.359876] pci 0000:00:01.1: [8086:7111] type 00 class 0x01018a
Oct 28 00:38:54 debian kernel: [    0.360042] pci 0000:00:01.1: reg 0x20: [io  0xd000-0xd00f]
Oct 28 00:38:54 debian kernel: [    0.360143] pci 0000:00:01.1: legacy IDE quirk: reg 0x10: [io  0x01f0-0x01f7]
Oct 28 00:38:54 debian kernel: [    0.360144] pci 0000:00:01.1: legacy IDE quirk: reg 0x14: [io  0x03f6]
Oct 28 00:38:54 debian kernel: [    0.360145] pci 0000:00:01.1: legacy IDE quirk: reg 0x18: [io  0x0170-0x0177]
Oct 28 00:38:54 debian kernel: [    0.360145] pci 0000:00:01.1: legacy IDE quirk: reg 0x1c: [io  0x0376]
Oct 28 00:38:54 debian kernel: [    0.360308] pci 0000:00:02.0: [15ad:0405] type 00 class 0x030000
Oct 28 00:38:54 debian kernel: [    0.361857] pci 0000:00:02.0: reg 0x10: [io  0xd010-0xd01f]
Oct 28 00:38:54 debian kernel: [    0.363424] pci 0000:00:02.0: reg 0x14: [mem 0xe0000000-0xe0ffffff pref]
Oct 28 00:38:54 debian kernel: [    0.364059] pci 0000:00:02.0: reg 0x18: [mem 0xf0000000-0xf01fffff]
Oct 28 00:38:54 debian kernel: [    0.369888] pci 0000:00:03.0: [8086:100e] type 00 class 0x020000
Oct 28 00:38:54 debian kernel: [    0.370730] pci 0000:00:03.0: reg 0x10: [mem 0xf0200000-0xf021ffff]
Oct 28 00:38:54 debian kernel: [    0.373387] pci 0000:00:03.0: reg 0x18: [io  0xd020-0xd027]
