Oct 29 00:00:52 debian rsyslogd:  [origin software="rsyslogd" swVersion="8.1901.0" x-pid="483" x-info="https://www.rsyslog.com"] rsyslogd was HUPed
Oct 29 00:00:52 debian systemd[1]: logrotate.service: Succeeded.
Oct 29 00:00:52 debian systemd[1]: Started Rotate log files.
Oct 29 00:00:53 debian systemd[1]: man-db.service: Succeeded.
Oct 29 00:00:53 debian systemd[1]: Started Daily man-db regeneration.
Oct 29 00:01:09 debian dhclient[460]: DHCPREQUEST for 192.168.56.101 on enp0s8 to 192.168.56.100 port 67
Oct 29 00:01:09 debian dhclient[460]: DHCPACK of 192.168.56.101 from 192.168.56.100
Oct 29 00:01:09 debian dhclient[460]: bound to 192.168.56.101 -- renewal in 291 seconds.
Oct 29 00:06:00 debian dhclient[460]: DHCPREQUEST for 192.168.56.101 on enp0s8 to 192.168.56.100 port 67
Oct 29 00:06:00 debian dhclient[460]: DHCPACK of 192.168.56.101 from 192.168.56.100
Oct 29 00:06:00 debian dhclient[460]: bound to 192.168.56.101 -- renewal in 299 seconds.
Oct 29 00:09:01 debian CRON[1694]: (root) CMD (  [ -x /usr/lib/php/sessionclean ] && if [ ! -d /run/systemd/system ]; then /usr/lib/php/sessionclean; fi)
Oct 29 00:09:01 debian systemd[1]: Starting Clean php session files...
Oct 29 00:09:01 debian systemd[1]: phpsessionclean.service: Succeeded.
Oct 29 00:09:01 debian systemd[1]: Started Clean php session files.
Oct 29 00:10:59 debian dhclient[460]: DHCPREQUEST for 192.168.56.101 on enp0s8 to 192.168.56.100 port 67
Oct 29 00:10:59 debian dhclient[460]: DHCPACK of 192.168.56.101 from 192.168.56.100
Oct 29 00:10:59 debian dhclient[460]: bound to 192.168.56.101 -- renewal in 278 seconds.
Oct 29 00:15:37 debian dhclient[460]: DHCPREQUEST for 192.168.56.101 on enp0s8 to 192.168.56.100 port 67
Oct 29 00:15:37 debian dhclient[460]: DHCPACK of 192.168.56.101 from 192.168.56.100
Oct 29 00:15:37 debian dhclient[460]: bound to 192.168.56.101 -- renewal in 276 seconds.
Oct 29 00:17:01 debian CRON[1754]: (root) CMD (   cd / && run-parts --report /etc/cron.hourly)
Oct 29 00:20:13 debian dhclient[460]: DHCPREQUEST for 192.168.56.101 on enp0s8 to 192.168.56.100 port 67
Oct 29 00:20:13 debian dhclient[460]: DHCPACK of 192.168.56.101 from 192.168.56.100
Oct 29 00:20:13 debian dhclient[460]: bound to 192.168.56.101 -- renewal in 257 seconds.
Oct 29 00:24:30 debian dhclient[460]: DHCPREQUEST for 192.168.56.101 on enp0s8 to 192.168.56.100 port 67
Oct 29 00:24:30 debian dhclient[460]: DHCPACK of 192.168.56.101 from 192.168.56.100
Oct 29 00:24:30 debian dhclient[460]: bound to 192.168.56.101 -- renewal in 266 seconds.
Oct 29 00:28:56 debian dhclient[460]: DHCPREQUEST for 192.168.56.101 on enp0s8 to 192.168.56.100 port 67
Oct 29 00:28:56 debian dhclient[460]: DHCPACK of 192.168.56.101 from 192.168.56.100
Oct 29 00:28:56 debian dhclient[460]: bound to 192.168.56.101 -- renewal in 244 seconds.
Oct 29 00:33:00 debian dhclient[460]: DHCPREQUEST for 192.168.56.101 on enp0s8 to 192.168.56.100 port 67
Oct 29 00:33:00 debian dhclient[460]: DHCPACK of 192.168.56.101 from 192.168.56.100
Oct 29 00:33:00 debian dhclient[460]: bound to 192.168.56.101 -- renewal in 269 seconds.
Oct 29 00:37:29 debian dhclient[460]: DHCPREQUEST for 192.168.56.101 on enp0s8 to 192.168.56.100 port 67
Oct 29 00:37:29 debian dhclient[460]: DHCPACK of 192.168.56.101 from 192.168.56.100
Oct 29 00:37:29 debian dhclient[460]: bound to 192.168.56.101 -- renewal in 258 seconds.
Oct 29 00:37:30 debian kernel: [21750.831646]  sdc:
Oct 29 00:37:46 debian kernel: [21767.159558]  sdc:
Oct 29 00:39:01 debian CRON[1797]: (root) CMD (  [ -x /usr/lib/php/sessionclean ] && if [ ! -d /run/systemd/system ]; then /usr/lib/php/sessionclean; fi)
Oct 29 00:39:01 debian systemd[1]: Starting Clean php session files...
Oct 29 00:39:01 debian systemd[1]: phpsessionclean.service: Succeeded.
Oct 29 00:39:01 debian systemd[1]: Started Clean php session files.
Oct 29 00:40:34 debian systemd[1]: Starting Flush Journal to Persistent Storage...
Oct 29 00:40:34 debian systemd[1]: Started Create Static Device Nodes in /dev.
Oct 29 00:40:34 debian systemd[1]: Started Helper to synchronize boot up for ifupdown.
Oct 29 00:40:34 debian systemd[1]: Starting udev Kernel Device Manager...
Oct 29 00:40:34 debian systemd[1]: Started Flush Journal to Persistent Storage.
Oct 29 00:40:34 debian systemd[1]: Started udev Kernel Device Manager.
Oct 29 00:40:34 debian systemd[1]: Started Set the console keyboard layout.
Oct 29 00:40:34 debian systemd[1]: Reached target Local File Systems (Pre).
Oct 29 00:40:34 debian systemd-udevd[275]: Using default interface naming scheme 'v240'.
Oct 29 00:40:34 debian systemd-udevd[285]: Using default interface naming scheme 'v240'.
Oct 29 00:40:34 debian systemd-udevd[275]: link_config: autonegotiation is unset or enabled, the speed and duplex are not writable.
Oct 29 00:40:34 debian systemd-udevd[285]: link_config: autonegotiation is unset or enabled, the speed and duplex are not writable.
Oct 29 00:40:34 debian systemd-udevd[292]: link_config: autonegotiation is unset or enabled, the speed and duplex are not writable.
Oct 29 00:40:34 debian systemd[1]: Found device 82540EM Gigabit Ethernet Controller (PRO/1000 MT Desktop Adapter).
Oct 29 00:40:34 debian systemd[1]: Found device 82540EM Gigabit Ethernet Controller (PRO/1000 MT Desktop Adapter).
Oct 29 00:40:34 debian systemd[1]: Found device VBOX_HARDDISK 5.
Oct 29 00:40:34 debian systemd[1]: Activating swap /dev/disk/by-uuid/e550cf9e-dc94-442c-b9c4-9c12f05024b3...
Oct 29 00:40:34 debian systemd[1]: Found device VBOX_HARDDISK 1.
Oct 29 00:40:34 debian systemd[1]: Mounting /home...
Oct 29 00:40:34 debian systemd[1]: Activated swap /dev/disk/by-uuid/e550cf9e-dc94-442c-b9c4-9c12f05024b3.
Oct 29 00:40:34 debian systemd[1]: Reached target Swap.
Oct 29 00:40:34 debian systemd[1]: Mounted /home.
Oct 29 00:40:34 debian systemd[1]: Reached target Local File Systems.
Oct 29 00:40:34 debian systemd[1]: Starting Create Volatile Files and Directories...
Oct 29 00:40:34 debian systemd[1]: Starting Set console font and keymap...
Oct 29 00:40:34 debian systemd[1]: Starting Load AppArmor profiles...
Oct 29 00:40:34 debian systemd[1]: Condition check resulted in Commit a transient machine-id on disk being skipped.
Oct 29 00:40:34 debian systemd[1]: Started Set console font and keymap.
Oct 29 00:40:34 debian apparmor.systemd[420]: Restarting AppArmor
Oct 29 00:40:34 debian apparmor.systemd[420]: Reloading AppArmor profiles
Oct 29 00:40:34 debian systemd[1]: Started Create Volatile Files and Directories.
Oct 29 00:40:34 debian systemd[1]: Starting Update UTMP about System Boot/Shutdown...
Oct 29 00:40:34 debian systemd[1]: Starting Network Time Synchronization...
Oct 29 00:40:34 debian systemd[1]: Started Update UTMP about System Boot/Shutdown.
Oct 29 00:40:34 debian systemd[1]: Started Load AppArmor profiles.
Oct 29 00:40:34 debian systemd[1]: Started ifup for enp0s8.
Oct 29 00:40:34 debian systemd[1]: Started ifup for enp0s3.
Oct 29 00:40:34 debian systemd[1]: Starting Raise network interfaces...
Oct 29 00:40:34 debian systemd[1]: Started Raise network interfaces.
Oct 29 00:40:34 debian dhclient[479]: Internet Systems Consortium DHCP Client 4.4.1
Oct 29 00:40:34 debian sh[432]: Internet Systems Consortium DHCP Client 4.4.1
Oct 29 00:40:34 debian sh[432]: Copyright 2004-2018 Internet Systems Consortium.
Oct 29 00:40:34 debian sh[432]: All rights reserved.
Oct 29 00:40:34 debian sh[432]: For info, please visit https://www.isc.org/software/dhcp/
Oct 29 00:40:34 debian sh[433]: Internet Systems Consortium DHCP Client 4.4.1
Oct 29 00:40:34 debian sh[433]: Copyright 2004-2018 Internet Systems Consortium.
Oct 29 00:40:34 debian sh[433]: All rights reserved.
Oct 29 00:40:34 debian sh[433]: For info, please visit https://www.isc.org/software/dhcp/
Oct 29 00:40:34 debian dhclient[479]: Copyright 2004-2018 Internet Systems Consortium.
Oct 29 00:40:34 debian dhclient[478]: Internet Systems Consortium DHCP Client 4.4.1
Oct 29 00:40:34 debian dhclient[479]: All rights reserved.
Oct 29 00:40:34 debian dhclient[479]: For info, please visit https://www.isc.org/software/dhcp/
Oct 29 00:40:34 debian dhclient[478]: Copyright 2004-2018 Internet Systems Consortium.
Oct 29 00:40:34 debian dhclient[479]: 
Oct 29 00:40:34 debian dhclient[478]: All rights reserved.
Oct 29 00:40:34 debian dhclient[478]: For info, please visit https://www.isc.org/software/dhcp/
Oct 29 00:40:34 debian dhclient[478]: 
Oct 29 00:40:34 debian dhclient[479]: Listening on LPF/enp0s3/08:00:27:ec:98:dc
Oct 29 00:40:34 debian sh[433]: Listening on LPF/enp0s3/08:00:27:ec:98:dc
Oct 29 00:40:34 debian sh[433]: Sending on   LPF/enp0s3/08:00:27:ec:98:dc
Oct 29 00:40:34 debian sh[433]: Sending on   Socket/fallback
Oct 29 00:40:34 debian sh[433]: DHCPREQUEST for 10.0.2.15 on enp0s3 to 255.255.255.255 port 67
Oct 29 00:40:34 debian dhclient[479]: Sending on   LPF/enp0s3/08:00:27:ec:98:dc
Oct 29 00:40:34 debian dhclient[479]: Sending on   Socket/fallback
Oct 29 00:40:34 debian dhclient[479]: DHCPREQUEST for 10.0.2.15 on enp0s3 to 255.255.255.255 port 67
Oct 29 00:40:34 debian dhclient[478]: Listening on LPF/enp0s8/08:00:27:7f:d9:ec
Oct 29 00:40:34 debian sh[432]: Listening on LPF/enp0s8/08:00:27:7f:d9:ec
Oct 29 00:40:34 debian sh[432]: Sending on   LPF/enp0s8/08:00:27:7f:d9:ec
Oct 29 00:40:34 debian sh[432]: Sending on   Socket/fallback
Oct 29 00:40:34 debian sh[432]: DHCPREQUEST for 192.168.56.101 on enp0s8 to 255.255.255.255 port 67
Oct 29 00:40:34 debian dhclient[478]: Sending on   LPF/enp0s8/08:00:27:7f:d9:ec
Oct 29 00:40:34 debian dhclient[478]: Sending on   Socket/fallback
Oct 29 00:40:34 debian dhclient[478]: DHCPREQUEST for 192.168.56.101 on enp0s8 to 255.255.255.255 port 67
Oct 29 00:40:34 debian systemd[1]: Started Network Time Synchronization.
Oct 29 00:40:34 debian systemd[1]: Reached target System Time Synchronized.
Oct 29 00:40:34 debian systemd[1]: Reached target System Initialization.
Oct 29 00:40:34 debian systemd[1]: Listening on D-Bus System Message Bus Socket.
Oct 29 00:40:34 debian systemd[1]: Reached target Sockets.
Oct 29 00:40:34 debian systemd[1]: Started Trigger anacron every hour.
Oct 29 00:40:34 debian systemd[1]: Started Daily man-db regeneration.
Oct 29 00:40:34 debian systemd[1]: Reached target Basic System.
Oct 29 00:40:34 debian systemd[1]: Started D-Bus System Message Bus.
Oct 29 00:40:34 debian systemd[1]: Starting WPA supplicant...
Oct 29 00:40:34 debian systemd[1]: Starting Login Service...
Oct 29 00:40:34 debian systemd[1]: Condition check resulted in getty on tty2-tty6 if dbus and logind are not available being skipped.
Oct 29 00:40:34 debian systemd[1]: Starting System Logging Service...
Oct 29 00:40:34 debian systemd[1]: Started Run anacron jobs.
Oct 29 00:40:34 debian systemd[1]: Started Daily rotation of log files.
Oct 29 00:40:34 debian systemd[1]: Started Daily apt download activities.
Oct 29 00:40:34 debian systemd[1]: Started Daily apt upgrade and clean activities.
Oct 29 00:40:34 debian systemd[1]: Started Regular background program processing daemon.
Oct 29 00:40:34 debian systemd[1]: Started Clean PHP session files every 30 mins.
Oct 29 00:40:34 debian systemd[1]: Started Daily Cleanup of Temporary Directories.
Oct 29 00:40:34 debian systemd[1]: Reached target Timers.
Oct 29 00:40:34 debian systemd[1]: Reached target Sound Card.
Oct 29 00:40:34 debian cron[506]: (CRON) INFO (pidfile fd = 3)
Oct 29 00:40:34 debian anacron[505]: Anacron 2.3 started on 2021-10-29
Oct 29 00:40:34 debian anacron[505]: Will run job `cron.daily' in 5 min.
Oct 29 00:40:34 debian anacron[505]: Jobs will be executed sequentially
Oct 29 00:40:34 debian cron[506]: (CRON) INFO (Running @reboot jobs)
Oct 29 00:40:34 debian rsyslogd: imuxsock: Acquired UNIX socket '/run/systemd/journal/syslog' (fd 3) from systemd.  [v8.1901.0]
Oct 29 00:40:34 debian rsyslogd:  [origin software="rsyslogd" swVersion="8.1901.0" x-pid="504" x-info="https://www.rsyslog.com"] start
Oct 29 00:40:34 debian kernel: [    0.000000] Linux version 4.19.0-9-amd64 (debian-kernel@lists.debian.org) (gcc version 8.3.0 (Debian 8.3.0-6)) #1 SMP Debian 4.19.118-2 (2020-04-29)
Oct 29 00:40:34 debian kernel: [    0.000000] Command line: BOOT_IMAGE=/boot/vmlinuz-4.19.0-9-amd64 root=UUID=cd2cb4ca-39bd-4522-919c-e4ceb81b5ae8 ro quiet
Oct 29 00:40:34 debian kernel: [    0.000000] [Firmware Bug]: TSC doesn't count with P0 frequency!
Oct 29 00:40:34 debian kernel: [    0.000000] x86/fpu: Supporting XSAVE feature 0x001: 'x87 floating point registers'
Oct 29 00:40:34 debian kernel: [    0.000000] x86/fpu: Supporting XSAVE feature 0x002: 'SSE registers'
Oct 29 00:40:34 debian kernel: [    0.000000] x86/fpu: Supporting XSAVE feature 0x004: 'AVX registers'
Oct 29 00:40:34 debian kernel: [    0.000000] x86/fpu: xstate_offset[2]:  576, xstate_sizes[2]:  256
Oct 29 00:40:34 debian kernel: [    0.000000] x86/fpu: Enabled xstate features 0x7, context size is 832 bytes, using 'standard' format.
Oct 29 00:40:34 debian kernel: [    0.000000] BIOS-provided physical RAM map:
Oct 29 00:40:34 debian kernel: [    0.000000] BIOS-e820: [mem 0x0000000000000000-0x000000000009fbff] usable
Oct 29 00:40:34 debian kernel: [    0.000000] BIOS-e820: [mem 0x000000000009fc00-0x000000000009ffff] reserved
Oct 29 00:40:34 debian kernel: [    0.000000] BIOS-e820: [mem 0x00000000000f0000-0x00000000000fffff] reserved
Oct 29 00:40:34 debian kernel: [    0.000000] BIOS-e820: [mem 0x0000000000100000-0x00000000dffeffff] usable
Oct 29 00:40:34 debian kernel: [    0.000000] BIOS-e820: [mem 0x00000000dfff0000-0x00000000dfffffff] ACPI data
Oct 29 00:40:34 debian kernel: [    0.000000] BIOS-e820: [mem 0x00000000fec00000-0x00000000fec00fff] reserved
Oct 29 00:40:34 debian kernel: [    0.000000] BIOS-e820: [mem 0x00000000fee00000-0x00000000fee00fff] reserved
Oct 29 00:40:34 debian kernel: [    0.000000] BIOS-e820: [mem 0x00000000fffc0000-0x00000000ffffffff] reserved
Oct 29 00:40:34 debian kernel: [    0.000000] BIOS-e820: [mem 0x0000000100000000-0x000000011fffffff] usable
Oct 29 00:40:34 debian kernel: [    0.000000] NX (Execute Disable) protection: active
Oct 29 00:40:34 debian kernel: [    0.000000] SMBIOS 2.5 present.
Oct 29 00:40:34 debian kernel: [    0.000000] DMI: innotek GmbH VirtualBox/VirtualBox, BIOS VirtualBox 12/01/2006
Oct 29 00:40:34 debian kernel: [    0.000000] Hypervisor detected: KVM
Oct 29 00:40:34 debian kernel: [    0.000000] kvm-clock: Using msrs 4b564d01 and 4b564d00
Oct 29 00:40:34 debian kernel: [    0.000000] kvm-clock: cpu 0, msr 5afe8001, primary cpu clock
Oct 29 00:40:34 debian kernel: [    0.000000] kvm-clock: using sched offset of 8533413217 cycles
Oct 29 00:40:34 debian kernel: [    0.000001] clocksource: kvm-clock: mask: 0xffffffffffffffff max_cycles: 0x1cd42e4dffb, max_idle_ns: 881590591483 ns
Oct 29 00:40:34 debian kernel: [    0.000002] tsc: Detected 3600.000 MHz processor
Oct 29 00:40:34 debian kernel: [    0.001566] e820: update [mem 0x00000000-0x00000fff] usable ==> reserved
Oct 29 00:40:34 debian kernel: [    0.001567] e820: remove [mem 0x000a0000-0x000fffff] usable
Oct 29 00:40:34 debian kernel: [    0.001569] last_pfn = 0x120000 max_arch_pfn = 0x400000000
Oct 29 00:40:34 debian kernel: [    0.001578] MTRR default type: uncachable
Oct 29 00:40:34 debian kernel: [    0.001579] MTRR variable ranges disabled:
Oct 29 00:40:34 debian kernel: [    0.001579] Disabled
Oct 29 00:40:34 debian kernel: [    0.001580] x86/PAT: MTRRs disabled, skipping PAT initialization too.
Oct 29 00:40:34 debian kernel: [    0.001582] CPU MTRRs all blank - virtualized system.
Oct 29 00:40:34 debian kernel: [    0.001584] x86/PAT: Configuration [0-7]: WB  WT  UC- UC  WB  WT  UC- UC  
Oct 29 00:40:34 debian kernel: [    0.001587] last_pfn = 0xdfff0 max_arch_pfn = 0x400000000
Oct 29 00:40:34 debian kernel: [    0.001608] found SMP MP-table at [mem 0x0009fff0-0x0009ffff]
Oct 29 00:40:34 debian kernel: [    0.062333] BRK [0x5b201000, 0x5b201fff] PGTABLE
Oct 29 00:40:34 debian kernel: [    0.062337] BRK [0x5b202000, 0x5b202fff] PGTABLE
Oct 29 00:40:34 debian kernel: [    0.062337] BRK [0x5b203000, 0x5b203fff] PGTABLE
Oct 29 00:40:34 debian kernel: [    0.062353] BRK [0x5b204000, 0x5b204fff] PGTABLE
Oct 29 00:40:34 debian kernel: [    0.062354] BRK [0x5b205000, 0x5b205fff] PGTABLE
Oct 29 00:40:34 debian kernel: [    0.063231] RAMDISK: [mem 0x34e8b000-0x3673cfff]
Oct 29 00:40:34 debian kernel: [    0.063239] ACPI: Early table checksum verification disabled
Oct 29 00:40:34 debian kernel: [    0.063248] ACPI: RSDP 0x00000000000E0000 000024 (v02 VBOX  )
Oct 29 00:40:34 debian kernel: [    0.063250] ACPI: XSDT 0x00000000DFFF0030 00003C (v01 VBOX   VBOXXSDT 00000001 ASL  00000061)
Oct 29 00:40:34 debian kernel: [    0.063254] ACPI: FACP 0x00000000DFFF00F0 0000F4 (v04 VBOX   VBOXFACP 00000001 ASL  00000061)
Oct 29 00:40:34 debian kernel: [    0.063257] ACPI: DSDT 0x00000000DFFF0470 002325 (v02 VBOX   VBOXBIOS 00000002 INTL 20100528)
Oct 29 00:40:34 debian kernel: [    0.063259] ACPI: FACS 0x00000000DFFF0200 000040
Oct 29 00:40:34 debian kernel: [    0.063260] ACPI: FACS 0x00000000DFFF0200 000040
Oct 29 00:40:34 debian kernel: [    0.063261] ACPI: APIC 0x00000000DFFF0240 00005C (v02 VBOX   VBOXAPIC 00000001 ASL  00000061)
Oct 29 00:40:34 debian kernel: [    0.063263] ACPI: SSDT 0x00000000DFFF02A0 0001CC (v01 VBOX   VBOXCPUT 00000002 INTL 20100528)
Oct 29 00:40:34 debian kernel: [    0.063269] ACPI: Local APIC address 0xfee00000
Oct 29 00:40:34 debian kernel: [    0.063471] No NUMA configuration found
Oct 29 00:40:34 debian kernel: [    0.063472] Faking a node at [mem 0x0000000000000000-0x000000011fffffff]
Oct 29 00:40:34 debian kernel: [    0.063474] NODE_DATA(0) allocated [mem 0x11fff7000-0x11fffbfff]
Oct 29 00:40:34 debian kernel: [    0.064191] Zone ranges:
Oct 29 00:40:34 debian kernel: [    0.064192]   DMA      [mem 0x0000000000001000-0x0000000000ffffff]
Oct 29 00:40:34 debian kernel: [    0.064193]   DMA32    [mem 0x0000000001000000-0x00000000ffffffff]
Oct 29 00:40:34 debian kernel: [    0.064193]   Normal   [mem 0x0000000100000000-0x000000011fffffff]
Oct 29 00:40:34 debian kernel: [    0.064194]   Device   empty
Oct 29 00:40:34 debian kernel: [    0.064194] Movable zone start for each node
Oct 29 00:40:34 debian kernel: [    0.064195] Early memory node ranges
Oct 29 00:40:34 debian kernel: [    0.064195]   node   0: [mem 0x0000000000001000-0x000000000009efff]
Oct 29 00:40:34 debian kernel: [    0.064196]   node   0: [mem 0x0000000000100000-0x00000000dffeffff]
Oct 29 00:40:34 debian kernel: [    0.064196]   node   0: [mem 0x0000000100000000-0x000000011fffffff]
Oct 29 00:40:34 debian kernel: [    0.065647] Zeroed struct page in unavailable ranges: 114 pages
Oct 29 00:40:34 debian kernel: [    0.065648] Initmem setup node 0 [mem 0x0000000000001000-0x000000011fffffff]
Oct 29 00:40:34 debian kernel: [    0.065649] On node 0 totalpages: 1048462
Oct 29 00:40:34 debian kernel: [    0.065650]   DMA zone: 64 pages used for memmap
Oct 29 00:40:34 debian kernel: [    0.065650]   DMA zone: 21 pages reserved
Oct 29 00:40:34 debian kernel: [    0.065650]   DMA zone: 3998 pages, LIFO batch:0
Oct 29 00:40:34 debian kernel: [    0.065709]   DMA32 zone: 14272 pages used for memmap
Oct 29 00:40:34 debian kernel: [    0.065709]   DMA32 zone: 913392 pages, LIFO batch:63
Oct 29 00:40:34 debian kernel: [    0.100032]   Normal zone: 2048 pages used for memmap
Oct 29 00:40:34 debian kernel: [    0.100035]   Normal zone: 131072 pages, LIFO batch:31
Oct 29 00:40:34 debian kernel: [    0.105495] ACPI: PM-Timer IO Port: 0x4008
Oct 29 00:40:34 debian kernel: [    0.105498] ACPI: Local APIC address 0xfee00000
Oct 29 00:40:34 debian kernel: [    0.105550] IOAPIC[0]: apic_id 2, version 32, address 0xfec00000, GSI 0-23
Oct 29 00:40:34 debian kernel: [    0.105552] ACPI: INT_SRC_OVR (bus 0 bus_irq 0 global_irq 2 dfl dfl)
Oct 29 00:40:34 debian kernel: [    0.105553] ACPI: INT_SRC_OVR (bus 0 bus_irq 9 global_irq 9 low level)
Oct 29 00:40:34 debian kernel: [    0.105554] ACPI: IRQ0 used by override.
Oct 29 00:40:34 debian kernel: [    0.105555] ACPI: IRQ9 used by override.
Oct 29 00:40:34 debian kernel: [    0.105556] Using ACPI (MADT) for SMP configuration information
Oct 29 00:40:34 debian kernel: [    0.105561] smpboot: Allowing 2 CPUs, 0 hotplug CPUs
Oct 29 00:40:34 debian kernel: [    0.105581] PM: Registered nosave memory: [mem 0x00000000-0x00000fff]
Oct 29 00:40:34 debian kernel: [    0.105582] PM: Registered nosave memory: [mem 0x0009f000-0x0009ffff]
Oct 29 00:40:34 debian kernel: [    0.105582] PM: Registered nosave memory: [mem 0x000a0000-0x000effff]
Oct 29 00:40:34 debian kernel: [    0.105582] PM: Registered nosave memory: [mem 0x000f0000-0x000fffff]
Oct 29 00:40:34 debian kernel: [    0.105583] PM: Registered nosave memory: [mem 0xdfff0000-0xdfffffff]
Oct 29 00:40:34 debian kernel: [    0.105583] PM: Registered nosave memory: [mem 0xe0000000-0xfebfffff]
Oct 29 00:40:34 debian kernel: [    0.105584] PM: Registered nosave memory: [mem 0xfec00000-0xfec00fff]
Oct 29 00:40:34 debian kernel: [    0.105584] PM: Registered nosave memory: [mem 0xfec01000-0xfedfffff]
Oct 29 00:40:34 debian kernel: [    0.105584] PM: Registered nosave memory: [mem 0xfee00000-0xfee00fff]
Oct 29 00:40:34 debian kernel: [    0.105585] PM: Registered nosave memory: [mem 0xfee01000-0xfffbffff]
Oct 29 00:40:34 debian kernel: [    0.105585] PM: Registered nosave memory: [mem 0xfffc0000-0xffffffff]
Oct 29 00:40:34 debian kernel: [    0.105586] [mem 0xe0000000-0xfebfffff] available for PCI devices
Oct 29 00:40:34 debian kernel: [    0.105587] Booting paravirtualized kernel on KVM
Oct 29 00:40:34 debian kernel: [    0.105589] clocksource: refined-jiffies: mask: 0xffffffff max_cycles: 0xffffffff, max_idle_ns: 7645519600211568 ns
Oct 29 00:40:34 debian kernel: [    0.167918] random: get_random_bytes called from start_kernel+0x93/0x52c with crng_init=0
Oct 29 00:40:34 debian kernel: [    0.167927] setup_percpu: NR_CPUS:512 nr_cpumask_bits:512 nr_cpu_ids:2 nr_node_ids:1
Oct 29 00:40:34 debian kernel: [    0.168773] percpu: Embedded 45 pages/cpu s144408 r8192 d31720 u1048576
Oct 29 00:40:34 debian kernel: [    0.168776] pcpu-alloc: s144408 r8192 d31720 u1048576 alloc=1*2097152
Oct 29 00:40:34 debian kernel: [    0.168777] pcpu-alloc: [0] 0 1 
Oct 29 00:40:34 debian kernel: [    0.168796] PV qspinlock hash table entries: 256 (order: 0, 4096 bytes)
Oct 29 00:40:34 debian kernel: [    0.168801] Built 1 zonelists, mobility grouping on.  Total pages: 1032057
Oct 29 00:40:34 debian kernel: [    0.168802] Policy zone: Normal
Oct 29 00:40:34 debian kernel: [    0.168803] Kernel command line: BOOT_IMAGE=/boot/vmlinuz-4.19.0-9-amd64 root=UUID=cd2cb4ca-39bd-4522-919c-e4ceb81b5ae8 ro quiet
Oct 29 00:40:34 debian kernel: [    0.187058] Calgary: detecting Calgary via BIOS EBDA area
Oct 29 00:40:34 debian kernel: [    0.187060] Calgary: Unable to locate Rio Grande table in EBDA - bailing!
Oct 29 00:40:34 debian kernel: [    0.194669] Memory: 4011820K/4193848K available (10252K kernel code, 1241K rwdata, 3316K rodata, 1588K init, 2276K bss, 182028K reserved, 0K cma-reserved)
Oct 29 00:40:34 debian kernel: [    0.195694] SLUB: HWalign=64, Order=0-3, MinObjects=0, CPUs=2, Nodes=1
Oct 29 00:40:34 debian kernel: [    0.195699] ftrace: allocating 31879 entries in 125 pages
Oct 29 00:40:34 debian kernel: [    0.204868] rcu: Hierarchical RCU implementation.
Oct 29 00:40:34 debian kernel: [    0.204869] rcu: 	RCU restricting CPUs from NR_CPUS=512 to nr_cpu_ids=2.
Oct 29 00:40:34 debian kernel: [    0.204870] rcu: Adjusting geometry for rcu_fanout_leaf=16, nr_cpu_ids=2
Oct 29 00:40:34 debian kernel: [    0.206643] NR_IRQS: 33024, nr_irqs: 440, preallocated irqs: 16
Oct 29 00:40:34 debian kernel: [    0.213140] Console: colour VGA+ 80x25
Oct 29 00:40:34 debian kernel: [    0.213143] console [tty0] enabled
Oct 29 00:40:34 debian kernel: [    0.213153] ACPI: Core revision 20180810
Oct 29 00:40:34 debian kernel: [    0.213251] APIC: Switch to symmetric I/O mode setup
Oct 29 00:40:34 debian kernel: [    0.213425] x2apic enabled
Oct 29 00:40:34 debian kernel: [    0.213590] Switched APIC routing to physical x2apic.
Oct 29 00:40:34 debian kernel: [    0.214409] ..TIMER: vector=0x30 apic1=0 pin1=2 apic2=-1 pin2=-1
Oct 29 00:40:34 debian kernel: [    0.214425] clocksource: tsc-early: mask: 0xffffffffffffffff max_cycles: 0x33e452fbb2f, max_idle_ns: 440795236593 ns
Oct 29 00:40:34 debian kernel: [    0.214434] Calibrating delay loop (skipped) preset value.. 7200.00 BogoMIPS (lpj=14400000)
Oct 29 00:40:34 debian kernel: [    0.214435] pid_max: default: 32768 minimum: 301
Oct 29 00:40:34 debian kernel: [    0.214455] Security Framework initialized
Oct 29 00:40:34 debian kernel: [    0.214456] Yama: disabled by default; enable with sysctl kernel.yama.*
Oct 29 00:40:34 debian kernel: [    0.214468] AppArmor: AppArmor initialized
Oct 29 00:40:34 debian kernel: [    0.216438] Dentry cache hash table entries: 524288 (order: 10, 4194304 bytes)
Oct 29 00:40:34 debian kernel: [    0.217228] Inode-cache hash table entries: 262144 (order: 9, 2097152 bytes)
Oct 29 00:40:34 debian kernel: [    0.217237] Mount-cache hash table entries: 8192 (order: 4, 65536 bytes)
Oct 29 00:40:34 debian kernel: [    0.217240] Mountpoint-cache hash table entries: 8192 (order: 4, 65536 bytes)
Oct 29 00:40:34 debian kernel: [    0.217439] Last level iTLB entries: 4KB 1024, 2MB 1024, 4MB 512
Oct 29 00:40:34 debian kernel: [    0.217439] Last level dTLB entries: 4KB 2048, 2MB 2048, 4MB 1024, 1GB 0
Oct 29 00:40:34 debian kernel: [    0.217440] Spectre V1 : Mitigation: usercopy/swapgs barriers and __user pointer sanitization
Oct 29 00:40:34 debian kernel: [    0.217441] Spectre V2 : Spectre mitigation: LFENCE not serializing, switching to generic retpoline
Oct 29 00:40:34 debian kernel: [    0.217661] Spectre V2 : Mitigation: Full generic retpoline
Oct 29 00:40:34 debian kernel: [    0.217661] Spectre V2 : Spectre v2 / SpectreRSB mitigation: Filling RSB on context switch
Oct 29 00:40:34 debian kernel: [    0.217662] Speculative Store Bypass: Mitigation: Speculative Store Bypass disabled via prctl and seccomp
Oct 29 00:40:34 debian kernel: [    0.217791] Freeing SMP alternatives memory: 24K
Oct 29 00:40:34 debian kernel: [    0.327157] smpboot: CPU0: AMD Ryzen 5 3600 6-Core Processor (family: 0x17, model: 0x71, stepping: 0x0)
Oct 29 00:40:34 debian kernel: [    0.327231] Performance Events: PMU not available due to virtualization, using software events only.
Oct 29 00:40:34 debian kernel: [    0.327267] rcu: Hierarchical SRCU implementation.
Oct 29 00:40:34 debian kernel: [    0.327608] random: crng done (trusting CPU's manufacturer)
Oct 29 00:40:34 debian kernel: [    0.327617] NMI watchdog: Perf NMI watchdog permanently disabled
Oct 29 00:40:34 debian kernel: [    0.327658] smp: Bringing up secondary CPUs ...
Oct 29 00:40:34 debian kernel: [    0.328466] x86: Booting SMP configuration:
Oct 29 00:40:34 debian kernel: [    0.328466] .... node  #0, CPUs:      #1
Oct 29 00:40:34 debian kernel: [    0.011549] kvm-clock: cpu 1, msr 5afe8041, secondary cpu clock
Oct 29 00:40:34 debian kernel: [    0.330450] smp: Brought up 1 node, 2 CPUs
Oct 29 00:40:34 debian kernel: [    0.330450] smpboot: Max logical packages: 1
Oct 29 00:40:34 debian kernel: [    0.330450] smpboot: Total of 2 processors activated (14400.00 BogoMIPS)
Oct 29 00:40:34 debian kernel: [    0.330587] devtmpfs: initialized
Oct 29 00:40:34 debian kernel: [    0.330587] x86/mm: Memory block size: 128MB
Oct 29 00:40:34 debian kernel: [    0.330693] clocksource: jiffies: mask: 0xffffffff max_cycles: 0xffffffff, max_idle_ns: 7645041785100000 ns
Oct 29 00:40:34 debian kernel: [    0.330693] futex hash table entries: 512 (order: 3, 32768 bytes)
Oct 29 00:40:34 debian kernel: [    0.330693] pinctrl core: initialized pinctrl subsystem
Oct 29 00:40:34 debian kernel: [    0.330693] NET: Registered protocol family 16
Oct 29 00:40:34 debian kernel: [    0.330693] audit: initializing netlink subsys (disabled)
Oct 29 00:40:34 debian kernel: [    0.330693] audit: type=2000 audit(1635478841.456:1): state=initialized audit_enabled=0 res=1
Oct 29 00:40:34 debian kernel: [    0.330693] cpuidle: using governor ladder
Oct 29 00:40:34 debian kernel: [    0.330693] cpuidle: using governor menu
Oct 29 00:40:34 debian kernel: [    0.330693] ACPI: bus type PCI registered
Oct 29 00:40:34 debian kernel: [    0.330693] acpiphp: ACPI Hot Plug PCI Controller Driver version: 0.5
Oct 29 00:40:34 debian kernel: [    0.330693] PCI: Using configuration type 1 for base access
Oct 29 00:40:34 debian kernel: [    0.330693] PCI: Using configuration type 1 for extended access
Oct 29 00:40:34 debian kernel: [    0.330808] HugeTLB registered 2.00 MiB page size, pre-allocated 0 pages
Oct 29 00:40:34 debian kernel: [    0.330808] ACPI: Added _OSI(Module Device)
Oct 29 00:40:34 debian kernel: [    0.330808] ACPI: Added _OSI(Processor Device)
Oct 29 00:40:34 debian kernel: [    0.330808] ACPI: Added _OSI(3.0 _SCP Extensions)
Oct 29 00:40:34 debian kernel: [    0.330808] ACPI: Added _OSI(Processor Aggregator Device)
Oct 29 00:40:34 debian kernel: [    0.330808] ACPI: Added _OSI(Linux-Dell-Video)
Oct 29 00:40:34 debian kernel: [    0.330808] ACPI: Added _OSI(Linux-Lenovo-NV-HDMI-Audio)
Oct 29 00:40:34 debian kernel: [    0.331298] ACPI: 2 ACPI AML tables successfully acquired and loaded
Oct 29 00:40:34 debian kernel: [    0.332074] ACPI: Interpreter enabled
Oct 29 00:40:34 debian kernel: [    0.332080] ACPI: (supports S0 S5)
Oct 29 00:40:34 debian kernel: [    0.332081] ACPI: Using IOAPIC for interrupt routing
Oct 29 00:40:34 debian kernel: [    0.332170] PCI: Using host bridge windows from ACPI; if necessary, use "pci=nocrs" and report a bug
Oct 29 00:40:34 debian kernel: [    0.332234] ACPI: Enabled 2 GPEs in block 00 to 07
Oct 29 00:40:34 debian kernel: [    0.332751] ACPI: PCI Root Bridge [PCI0] (domain 0000 [bus 00-ff])
Oct 29 00:40:34 debian kernel: [    0.332755] acpi PNP0A03:00: _OSC: OS supports [ExtendedConfig ASPM ClockPM Segments MSI]
Oct 29 00:40:34 debian kernel: [    0.333133] acpi PNP0A03:00: _OSC: platform does not support [PCIeCapability LTR]
Oct 29 00:40:34 debian kernel: [    0.333305] acpi PNP0A03:00: _OSC: not requesting control; platform does not support [PCIeCapability]
Oct 29 00:40:34 debian kernel: [    0.333306] acpi PNP0A03:00: _OSC: OS requested [PCIeHotplug SHPCHotplug PME AER PCIeCapability LTR]
Oct 29 00:40:34 debian kernel: [    0.333307] acpi PNP0A03:00: _OSC: platform willing to grant [PCIeHotplug SHPCHotplug PME AER]
Oct 29 00:40:34 debian kernel: [    0.333308] acpi PNP0A03:00: _OSC failed (AE_SUPPORT); disabling ASPM
Oct 29 00:40:34 debian kernel: [    0.333540] PCI host bridge to bus 0000:00
Oct 29 00:40:34 debian kernel: [    0.333542] pci_bus 0000:00: root bus resource [io  0x0000-0x0cf7 window]
Oct 29 00:40:34 debian kernel: [    0.333543] pci_bus 0000:00: root bus resource [io  0x0d00-0xffff window]
Oct 29 00:40:34 debian kernel: [    0.333544] pci_bus 0000:00: root bus resource [mem 0x000a0000-0x000bffff window]
Oct 29 00:40:34 debian kernel: [    0.333545] pci_bus 0000:00: root bus resource [mem 0xe0000000-0xfdffffff window]
Oct 29 00:40:34 debian kernel: [    0.333546] pci_bus 0000:00: root bus resource [bus 00-ff]
Oct 29 00:40:34 debian kernel: [    0.333576] pci 0000:00:00.0: [8086:1237] type 00 class 0x060000
Oct 29 00:40:34 debian kernel: [    0.334172] pci 0000:00:01.0: [8086:7000] type 00 class 0x060100
Oct 29 00:40:34 debian kernel: [    0.334863] pci 0000:00:01.1: [8086:7111] type 00 class 0x01018a
Oct 29 00:40:34 debian kernel: [    0.335134] pci 0000:00:01.1: reg 0x20: [io  0xd000-0xd00f]
Oct 29 00:40:34 debian kernel: [    0.335238] pci 0000:00:01.1: legacy IDE quirk: reg 0x10: [io  0x01f0-0x01f7]
Oct 29 00:40:34 debian kernel: [    0.335238] pci 0000:00:01.1: legacy IDE quirk: reg 0x14: [io  0x03f6]
Oct 29 00:40:34 debian kernel: [    0.335239] pci 0000:00:01.1: legacy IDE quirk: reg 0x18: [io  0x0170-0x0177]
Oct 29 00:40:34 debian kernel: [    0.335240] pci 0000:00:01.1: legacy IDE quirk: reg 0x1c: [io  0x0376]
Oct 29 00:40:34 debian kernel: [    0.335414] pci 0000:00:02.0: [15ad:0405] type 00 class 0x030000
Oct 29 00:40:34 debian kernel: [    0.336939] pci 0000:00:02.0: reg 0x10: [io  0xd010-0xd01f]
Oct 29 00:40:34 debian kernel: [    0.338361] pci 0000:00:02.0: reg 0x14: [mem 0xe0000000-0xe0ffffff pref]
Oct 29 00:40:34 debian kernel: [    0.338671] pci 0000:00:02.0: reg 0x18: [mem 0xf0000000-0xf01fffff]
Oct 29 00:40:34 debian kernel: [    0.344085] pci 0000:00:03.0: [8086:100e] type 00 class 0x020000
Oct 29 00:40:34 debian kernel: [    0.345256] pci 0000:00:03.0: reg 0x10: [mem 0xf0200000-0xf021ffff]
Oct 29 00:40:34 debian kernel: [    0.348039] pci 0000:00:03.0: reg 0x18: [io  0xd020-0xd027]
Oct 29 00:40:34 debian kernel: [    0.353667] pci 0000:00:04.0: [80ee:cafe] type 00 class 0x088000
Oct 29 00:40:34 debian kernel: [    0.354512] pci 0000:00:04.0: reg 0x10: [io  0xd040-0xd05f]
Oct 29 00:40:34 debian kernel: [    0.355522] pci 0000:00:04.0: reg 0x14: [mem 0xf0400000-0xf07fffff]
Oct 29 00:40:34 debian kernel: [    0.356577] pci 0000:00:04.0: reg 0x18: [mem 0xf0800000-0xf0803fff pref]
Oct 29 00:40:34 debian kernel: [    0.361776] pci 0000:00:05.0: [8086:2415] type 00 class 0x040100
Oct 29 00:40:34 debian kernel: [    0.361902] pci 0000:00:05.0: reg 0x10: [io  0xd100-0xd1ff]
Oct 29 00:40:34 debian kernel: [    0.361949] pci 0000:00:05.0: reg 0x14: [io  0xd200-0xd23f]
Oct 29 00:40:34 debian kernel: [    0.362842] pci 0000:00:06.0: [106b:003f] type 00 class 0x0c0310
Oct 29 00:40:34 debian kernel: [    0.363609] pci 0000:00:06.0: reg 0x10: [mem 0xf0804000-0xf0804fff]
Oct 29 00:40:34 debian kernel: [    0.370891] pci 0000:00:07.0: [8086:7113] type 00 class 0x068000
Oct 29 00:40:34 debian kernel: [    0.371264] pci 0000:00:07.0: quirk: [io  0x4000-0x403f] claimed by PIIX4 ACPI
Oct 29 00:40:34 debian kernel: [    0.371272] pci 0000:00:07.0: quirk: [io  0x4100-0x410f] claimed by PIIX4 SMB
Oct 29 00:40:34 debian kernel: [    0.371644] pci 0000:00:08.0: [8086:100e] type 00 class 0x020000
Oct 29 00:40:34 debian kernel: [    0.372580] pci 0000:00:08.0: reg 0x10: [mem 0xf0820000-0xf083ffff]
Oct 29 00:40:34 debian kernel: [    0.374505] pci 0000:00:08.0: reg 0x18: [io  0xd240-0xd247]
Oct 29 00:40:34 debian kernel: [    0.380504] pci 0000:00:0d.0: [8086:2829] type 00 class 0x010601
Oct 29 00:40:34 debian kernel: [    0.381850] pci 0000:00:0d.0: reg 0x10: [io  0xd248-0xd24f]
Oct 29 00:40:34 debian kernel: [    0.382506] pci 0000:00:0d.0: reg 0x14: [io  0xd250-0xd253]
Oct 29 00:40:34 debian kernel: [    0.383625] pci 0000:00:0d.0: reg 0x18: [io  0xd258-0xd25f]
Oct 29 00:40:34 debian kernel: [    0.384765] pci 0000:00:0d.0: reg 0x1c: [io  0xd260-0xd263]
Oct 29 00:40:34 debian kernel: [    0.386519] pci 0000:00:0d.0: reg 0x20: [io  0xd270-0xd27f]
Oct 29 00:40:34 debian kernel: [    0.387888] pci 0000:00:0d.0: reg 0x24: [mem 0xf0840000-0xf0841fff]
Oct 29 00:40:34 debian kernel: [    0.391013] ACPI: PCI Interrupt Link [LNKA] (IRQs 5 9 10 *11)
Oct 29 00:40:34 debian kernel: [    0.391153] ACPI: PCI Interrupt Link [LNKB] (IRQs 5 9 *10 11)
Oct 29 00:40:34 debian kernel: [    0.391207] ACPI: PCI Interrupt Link [LNKC] (IRQs 5 *9 10 11)
Oct 29 00:40:34 debian kernel: [    0.391260] ACPI: PCI Interrupt Link [LNKD] (IRQs 5 9 10 *11)
Oct 29 00:40:34 debian kernel: [    0.394469] pci 0000:00:02.0: vgaarb: setting as boot VGA device
Oct 29 00:40:34 debian kernel: [    0.394469] pci 0000:00:02.0: vgaarb: VGA device added: decodes=io+mem,owns=io+mem,locks=none
Oct 29 00:40:34 debian kernel: [    0.394469] pci 0000:00:02.0: vgaarb: bridge control possible
Oct 29 00:40:34 debian kernel: [    0.394469] vgaarb: loaded
Oct 29 00:40:34 debian kernel: [    0.394508] pps_core: LinuxPPS API ver. 1 registered
Oct 29 00:40:34 debian kernel: [    0.394508] pps_core: Software ver. 5.3.6 - Copyright 2005-2007 Rodolfo Giometti <giometti@linux.it>
Oct 29 00:40:34 debian kernel: [    0.394511] PTP clock support registered
Oct 29 00:40:34 debian kernel: [    0.394517] EDAC MC: Ver: 3.0.0
Oct 29 00:40:34 debian kernel: [    0.394725] PCI: Using ACPI for IRQ routing
Oct 29 00:40:34 debian kernel: [    0.394725] PCI: pci_cache_line_size set to 64 bytes
Oct 29 00:40:34 debian kernel: [    0.394725] e820: reserve RAM buffer [mem 0x0009fc00-0x0009ffff]
Oct 29 00:40:34 debian kernel: [    0.394725] e820: reserve RAM buffer [mem 0xdfff0000-0xdfffffff]
Oct 29 00:40:34 debian kernel: [    0.394725] clocksource: Switched to clocksource kvm-clock
Oct 29 00:40:34 debian kernel: [    0.403346] VFS: Disk quotas dquot_6.6.0
Oct 29 00:40:34 debian kernel: [    0.403355] VFS: Dquot-cache hash table entries: 512 (order 0, 4096 bytes)
Oct 29 00:40:34 debian kernel: [    0.403451] AppArmor: AppArmor Filesystem Enabled
Oct 29 00:40:34 debian kernel: [    0.403468] pnp: PnP ACPI init
Oct 29 00:40:34 debian kernel: [    0.403517] pnp 00:00: Plug and Play ACPI device, IDs PNP0303 (active)
Oct 29 00:40:34 debian kernel: [    0.403556] pnp 00:01: Plug and Play ACPI device, IDs PNP0f03 (active)
Oct 29 00:40:34 debian kernel: [    0.403944] pnp: PnP ACPI: found 2 devices
Oct 29 00:40:34 debian kernel: [    0.412530] clocksource: acpi_pm: mask: 0xffffff max_cycles: 0xffffff, max_idle_ns: 2085701024 ns
Oct 29 00:40:34 debian kernel: [    0.412539] pci_bus 0000:00: resource 4 [io  0x0000-0x0cf7 window]
Oct 29 00:40:34 debian kernel: [    0.412540] pci_bus 0000:00: resource 5 [io  0x0d00-0xffff window]
Oct 29 00:40:34 debian kernel: [    0.412541] pci_bus 0000:00: resource 6 [mem 0x000a0000-0x000bffff window]
Oct 29 00:40:34 debian kernel: [    0.412542] pci_bus 0000:00: resource 7 [mem 0xe0000000-0xfdffffff window]
Oct 29 00:40:34 debian kernel: [    0.412578] NET: Registered protocol family 2
Oct 29 00:40:34 debian kernel: [    0.412677] tcp_listen_portaddr_hash hash table entries: 2048 (order: 3, 32768 bytes)
Oct 29 00:40:34 debian kernel: [    0.412686] TCP established hash table entries: 32768 (order: 6, 262144 bytes)
Oct 29 00:40:34 debian kernel: [    0.412725] TCP bind hash table entries: 32768 (order: 7, 524288 bytes)
Oct 29 00:40:34 debian kernel: [    0.412771] TCP: Hash tables configured (established 32768 bind 32768)
Oct 29 00:40:34 debian kernel: [    0.412795] UDP hash table entries: 2048 (order: 4, 65536 bytes)
Oct 29 00:40:34 debian kernel: [    0.412813] UDP-Lite hash table entries: 2048 (order: 4, 65536 bytes)
Oct 29 00:40:34 debian kernel: [    0.412843] NET: Registered protocol family 1
Oct 29 00:40:34 debian kernel: [    0.412846] NET: Registered protocol family 44
Oct 29 00:40:34 debian kernel: [    0.412881] pci 0000:00:00.0: Limiting direct PCI/PCI transfers
Oct 29 00:40:34 debian kernel: [    0.412891] pci 0000:00:01.0: Activating ISA DMA hang workarounds
Oct 29 00:40:34 debian kernel: [    0.412930] pci 0000:00:02.0: Video device with shadowed ROM at [mem 0x000c0000-0x000dffff]
Oct 29 00:40:34 debian kernel: [    0.413611] PCI: CLS 0 bytes, default 64
Oct 29 00:40:34 debian kernel: [    0.413633] Unpacking initramfs...
Oct 29 00:40:34 debian kernel: [    0.716051] Freeing initrd memory: 25288K
Oct 29 00:40:34 debian kernel: [    0.716071] PCI-DMA: Using software bounce buffering for IO (SWIOTLB)
Oct 29 00:40:34 debian kernel: [    0.716072] software IO TLB: mapped [mem 0xdbff0000-0xdfff0000] (64MB)
Oct 29 00:40:34 debian kernel: [    0.716107] clocksource: tsc: mask: 0xffffffffffffffff max_cycles: 0x33e452fbb2f, max_idle_ns: 440795236593 ns
Oct 29 00:40:34 debian kernel: [    0.716144] platform rtc_cmos: registered platform RTC device (no PNP device found)
Oct 29 00:40:34 debian kernel: [    0.716593] Initialise system trusted keyrings
Oct 29 00:40:34 debian kernel: [    0.716605] Key type blacklist registered
Oct 29 00:40:34 debian kernel: [    0.716696] workingset: timestamp_bits=40 max_order=20 bucket_order=0
Oct 29 00:40:34 debian kernel: [    0.717412] zbud: loaded
Oct 29 00:40:34 debian kernel: [    0.794708] Key type asymmetric registered
Oct 29 00:40:34 debian kernel: [    0.794709] Asymmetric key parser 'x509' registered
Oct 29 00:40:34 debian kernel: [    0.794726] Block layer SCSI generic (bsg) driver version 0.4 loaded (major 247)
Oct 29 00:40:34 debian kernel: [    0.794778] io scheduler noop registered
Oct 29 00:40:34 debian kernel: [    0.794779] io scheduler deadline registered
Oct 29 00:40:34 debian kernel: [    0.794815] io scheduler cfq registered (default)
Oct 29 00:40:34 debian kernel: [    0.794816] io scheduler mq-deadline registered
Oct 29 00:40:34 debian kernel: [    0.794931] shpchp: Standard Hot Plug PCI Controller Driver version: 0.4
Oct 29 00:40:34 debian kernel: [    0.795083] Serial: 8250/16550 driver, 4 ports, IRQ sharing enabled
Oct 29 00:40:34 debian kernel: [    0.795413] Linux agpgart interface v0.103
Oct 29 00:40:34 debian kernel: [    0.795462] AMD IOMMUv2 driver by Joerg Roedel <jroedel@suse.de>
Oct 29 00:40:34 debian kernel: [    0.795463] AMD IOMMUv2 functionality not available on this system
Oct 29 00:40:34 debian kernel: [    0.795609] i8042: PNP: PS/2 Controller [PNP0303:PS2K,PNP0f03:PS2M] at 0x60,0x64 irq 1,12
Oct 29 00:40:34 debian kernel: [    0.795983] serio: i8042 KBD port at 0x60,0x64 irq 1
Oct 29 00:40:34 debian kernel: [    0.796001] serio: i8042 AUX port at 0x60,0x64 irq 12
Oct 29 00:40:34 debian kernel: [    0.796092] mousedev: PS/2 mouse device common for all mice
Oct 29 00:40:34 debian kernel: [    0.796465] input: AT Translated Set 2 keyboard as /devices/platform/i8042/serio0/input/input0
Oct 29 00:40:34 debian kernel: [    0.796579] rtc_cmos rtc_cmos: registered as rtc0
Oct 29 00:40:34 debian kernel: [    0.796588] rtc_cmos rtc_cmos: alarms up to one day, 114 bytes nvram
Oct 29 00:40:34 debian kernel: [    0.796625] ledtrig-cpu: registered to indicate activity on CPUs
Oct 29 00:40:34 debian kernel: [    0.796781] NET: Registered protocol family 10
Oct 29 00:40:34 debian kernel: [    0.801849] Segment Routing with IPv6
Oct 29 00:40:34 debian kernel: [    0.801863] mip6: Mobile IPv6
Oct 29 00:40:34 debian kernel: [    0.801865] NET: Registered protocol family 17
Oct 29 00:40:34 debian kernel: [    0.801887] mpls_gso: MPLS GSO support
Oct 29 00:40:34 debian kernel: [    0.801996] mce: Using 0 MCE banks
Oct 29 00:40:34 debian kernel: [    0.802011] sched_clock: Marking stable (794433429, 7549736)->(807206752, -5223587)
Oct 29 00:40:34 debian kernel: [    0.802335] registered taskstats version 1
Oct 29 00:40:34 debian kernel: [    0.802336] Loading compiled-in X.509 certificates
Oct 29 00:40:34 debian kernel: [    0.820329] Loaded X.509 cert 'Debian Secure Boot CA: 6ccece7e4c6c0d1f6149f3dd27dfcc5cbb419ea1'
Oct 29 00:40:34 debian kernel: [    0.820346] Loaded X.509 cert 'Debian Secure Boot Signer: 00a7468def'
Oct 29 00:40:34 debian kernel: [    0.820360] zswap: loaded using pool lzo/zbud
Oct 29 00:40:34 debian kernel: [    0.820495] AppArmor: AppArmor sha1 policy hashing enabled
Oct 29 00:40:34 debian kernel: [    0.820757] rtc_cmos rtc_cmos: setting system clock to 2021-10-29 03:40:31 UTC (1635478831)
Oct 29 00:40:34 debian kernel: [    0.821928] Freeing unused kernel image memory: 1588K
Oct 29 00:40:34 debian kernel: [    0.834454] Write protecting the kernel read-only data: 16384k
Oct 29 00:40:34 debian kernel: [    0.834882] Freeing unused kernel image memory: 2028K
Oct 29 00:40:34 debian kernel: [    0.835006] Freeing unused kernel image memory: 780K
Oct 29 00:40:34 debian kernel: [    0.840076] x86/mm: Checked W+X mappings: passed, no W+X pages found.
Oct 29 00:40:34 debian kernel: [    0.840078] Run /init as init process
Oct 29 00:40:34 debian kernel: [    0.876689] e1000: Intel(R) PRO/1000 Network Driver - version 7.3.21-k8-NAPI
Oct 29 00:40:34 debian kernel: [    0.876690] e1000: Copyright (c) 1999-2006 Intel Corporation.
Oct 29 00:40:34 debian kernel: [    0.880923] piix4_smbus 0000:00:07.0: SMBus Host Controller at 0x4100, revision 0
Oct 29 00:40:34 debian kernel: [    0.883708] cryptd: max_cpu_qlen set to 1000
Oct 29 00:40:34 debian kernel: [    0.889438] SCSI subsystem initialized
Oct 29 00:40:34 debian kernel: [    0.897930] AVX2 version of gcm_enc/dec engaged.
Oct 29 00:40:34 debian kernel: [    0.897930] AES CTR mode by8 optimization enabled
Oct 29 00:40:34 debian kernel: [    0.907384] ACPI: bus type USB registered
Oct 29 00:40:34 debian kernel: [    0.907397] usbcore: registered new interface driver usbfs
Oct 29 00:40:34 debian kernel: [    0.907400] usbcore: registered new interface driver hub
Oct 29 00:40:34 debian kernel: [    0.907410] usbcore: registered new device driver usb
Oct 29 00:40:34 debian kernel: [    0.909527] libata version 3.00 loaded.
Oct 29 00:40:34 debian kernel: [    0.910535] ata_piix 0000:00:01.1: version 2.13
Oct 29 00:40:34 debian kernel: [    0.910799] scsi host0: ata_piix
Oct 29 00:40:34 debian kernel: [    0.910851] scsi host1: ata_piix
Oct 29 00:40:34 debian kernel: [    0.910867] ata1: PATA max UDMA/33 cmd 0x1f0 ctl 0x3f6 bmdma 0xd000 irq 14
Oct 29 00:40:34 debian kernel: [    0.910867] ata2: PATA max UDMA/33 cmd 0x170 ctl 0x376 bmdma 0xd008 irq 15
Oct 29 00:40:34 debian kernel: [    0.912713] ehci_hcd: USB 2.0 'Enhanced' Host Controller (EHCI) Driver
Oct 29 00:40:34 debian kernel: [    0.914166] ohci_hcd: USB 1.1 'Open' Host Controller (OHCI) Driver
Oct 29 00:40:34 debian kernel: [    0.914741] ehci-pci: EHCI PCI platform driver
Oct 29 00:40:34 debian kernel: [    0.915332] ohci-pci: OHCI PCI platform driver
Oct 29 00:40:34 debian kernel: [    0.915667] ohci-pci 0000:00:06.0: OHCI PCI host controller
Oct 29 00:40:34 debian kernel: [    0.915671] ohci-pci 0000:00:06.0: new USB bus registered, assigned bus number 1
Oct 29 00:40:34 debian kernel: [    0.915719] ohci-pci 0000:00:06.0: irq 22, io mem 0xf0804000
Oct 29 00:40:34 debian kernel: [    0.918268] ahci 0000:00:0d.0: version 3.0
Oct 29 00:40:34 debian kernel: [    0.918626] ahci 0000:00:0d.0: SSS flag set, parallel bus scan disabled
Oct 29 00:40:34 debian kernel: [    0.918802] ahci 0000:00:0d.0: AHCI 0001.0100 32 slots 5 ports 3 Gbps 0x1f impl SATA mode
Oct 29 00:40:34 debian kernel: [    0.918804] ahci 0000:00:0d.0: flags: 64bit ncq stag only ccc 
Oct 29 00:40:34 debian kernel: [    0.920603] scsi host2: ahci
Oct 29 00:40:34 debian kernel: [    0.920703] scsi host3: ahci
Oct 29 00:40:34 debian kernel: [    0.920788] scsi host4: ahci
Oct 29 00:40:34 debian kernel: [    0.920869] scsi host5: ahci
Oct 29 00:40:34 debian kernel: [    0.920956] scsi host6: ahci
Oct 29 00:40:34 debian kernel: [    0.920987] ata3: SATA max UDMA/133 abar m8192@0xf0840000 port 0xf0840100 irq 21
Oct 29 00:40:34 debian kernel: [    0.920990] ata4: SATA max UDMA/133 abar m8192@0xf0840000 port 0xf0840180 irq 21
Oct 29 00:40:34 debian kernel: [    0.920992] ata5: SATA max UDMA/133 abar m8192@0xf0840000 port 0xf0840200 irq 21
Oct 29 00:40:34 debian kernel: [    0.920994] ata6: SATA max UDMA/133 abar m8192@0xf0840000 port 0xf0840280 irq 21
Oct 29 00:40:34 debian kernel: [    0.920997] ata7: SATA max UDMA/133 abar m8192@0xf0840000 port 0xf0840300 irq 21
Oct 29 00:40:34 debian kernel: [    0.974964] usb usb1: New USB device found, idVendor=1d6b, idProduct=0001, bcdDevice= 4.19
Oct 29 00:40:34 debian kernel: [    0.974966] usb usb1: New USB device strings: Mfr=3, Product=2, SerialNumber=1
Oct 29 00:40:34 debian kernel: [    0.974967] usb usb1: Product: OHCI PCI host controller
Oct 29 00:40:34 debian kernel: [    0.974967] usb usb1: Manufacturer: Linux 4.19.0-9-amd64 ohci_hcd
Oct 29 00:40:34 debian kernel: [    0.974968] usb usb1: SerialNumber: 0000:00:06.0
Oct 29 00:40:34 debian kernel: [    0.975183] hub 1-0:1.0: USB hub found
Oct 29 00:40:34 debian kernel: [    0.975232] hub 1-0:1.0: 12 ports detected
Oct 29 00:40:34 debian kernel: [    1.102816] input: ImExPS/2 Generic Explorer Mouse as /devices/platform/i8042/serio1/input/input2
Oct 29 00:40:34 debian kernel: [    1.229439] e1000 0000:00:03.0 eth0: (PCI:33MHz:32-bit) 08:00:27:ec:98:dc
Oct 29 00:40:34 debian kernel: [    1.229443] e1000 0000:00:03.0 eth0: Intel(R) PRO/1000 Network Connection
Oct 29 00:40:34 debian kernel: [    1.235301] ata3: SATA link up 3.0 Gbps (SStatus 123 SControl 300)
Oct 29 00:40:34 debian kernel: [    1.235411] ata3.00: ATA-8: VBOX HARDDISK, 1.0, max UDMA/133
Oct 29 00:40:34 debian kernel: [    1.235412] ata3.00: 20971520 sectors, multi 128: LBA48 NCQ (depth 32)
Oct 29 00:40:34 debian kernel: [    1.235501] ata3.00: ATA Identify Device Log not supported
Oct 29 00:40:34 debian kernel: [    1.235502] ata3.00: Security Log not supported
Oct 29 00:40:34 debian kernel: [    1.235668] ata3.00: ATA Identify Device Log not supported
Oct 29 00:40:34 debian kernel: [    1.235669] ata3.00: Security Log not supported
Oct 29 00:40:34 debian kernel: [    1.235671] ata3.00: configured for UDMA/133
Oct 29 00:40:34 debian kernel: [    1.235820] scsi 2:0:0:0: Direct-Access     ATA      VBOX HARDDISK    1.0  PQ: 0 ANSI: 5
Oct 29 00:40:34 debian kernel: [    1.570903] ata4: SATA link up 3.0 Gbps (SStatus 123 SControl 300)
Oct 29 00:40:34 debian kernel: [    1.571005] ata4.00: ATA-6: VBOX HARDDISK, 1.0, max UDMA/133
Oct 29 00:40:34 debian kernel: [    1.571007] ata4.00: 16777216 sectors, multi 128: LBA48 NCQ (depth 32)
Oct 29 00:40:34 debian kernel: [    1.571130] ata4.00: configured for UDMA/133
Oct 29 00:40:34 debian kernel: [    1.572012] scsi 3:0:0:0: Direct-Access     ATA      VBOX HARDDISK    1.0  PQ: 0 ANSI: 5
Oct 29 00:40:34 debian kernel: [    1.609362] usb 1-1: new full-speed USB device number 2 using ohci-pci
Oct 29 00:40:34 debian kernel: [    1.759873] e1000 0000:00:08.0 eth1: (PCI:33MHz:32-bit) 08:00:27:7f:d9:ec
Oct 29 00:40:34 debian kernel: [    1.759876] e1000 0000:00:08.0 eth1: Intel(R) PRO/1000 Network Connection
Oct 29 00:40:34 debian kernel: [    1.760648] e1000 0000:00:03.0 enp0s3: renamed from eth0
Oct 29 00:40:34 debian kernel: [    1.774736] e1000 0000:00:08.0 enp0s8: renamed from eth1
Oct 29 00:40:34 debian kernel: [    1.886963] ata5: SATA link up 3.0 Gbps (SStatus 123 SControl 300)
Oct 29 00:40:34 debian kernel: [    1.887054] ata5.00: ATA-8: VBOX HARDDISK, 1.0, max UDMA/133
Oct 29 00:40:34 debian kernel: [    1.887055] ata5.00: 10485760 sectors, multi 128: LBA48 NCQ (depth 32)
Oct 29 00:40:34 debian kernel: [    1.887143] ata5.00: ATA Identify Device Log not supported
Oct 29 00:40:34 debian kernel: [    1.887144] ata5.00: Security Log not supported
Oct 29 00:40:34 debian kernel: [    1.887455] ata5.00: ATA Identify Device Log not supported
Oct 29 00:40:34 debian kernel: [    1.887457] ata5.00: Security Log not supported
Oct 29 00:40:34 debian kernel: [    1.887460] ata5.00: configured for UDMA/133
Oct 29 00:40:34 debian kernel: [    1.887609] scsi 4:0:0:0: Direct-Access     ATA      VBOX HARDDISK    1.0  PQ: 0 ANSI: 5
Oct 29 00:40:34 debian kernel: [    2.181872] usb 1-1: New USB device found, idVendor=80ee, idProduct=0021, bcdDevice= 1.00
Oct 29 00:40:34 debian kernel: [    2.181874] usb 1-1: New USB device strings: Mfr=1, Product=3, SerialNumber=0
Oct 29 00:40:34 debian kernel: [    2.181875] usb 1-1: Product: USB Tablet
Oct 29 00:40:34 debian kernel: [    2.181875] usb 1-1: Manufacturer: VirtualBox
Oct 29 00:40:34 debian kernel: [    2.190860] hidraw: raw HID events driver (C) Jiri Kosina
Oct 29 00:40:34 debian kernel: [    2.205477] usbcore: registered new interface driver usbhid
Oct 29 00:40:34 debian kernel: [    2.205479] usbhid: USB HID core driver
Oct 29 00:40:34 debian kernel: [    2.206540] input: VirtualBox USB Tablet as /devices/pci0000:00/0000:00:06.0/usb1/1-1/1-1:1.0/0003:80EE:0021.0001/input/input3
Oct 29 00:40:34 debian kernel: [    2.206583] hid-generic 0003:80EE:0021.0001: input,hidraw0: USB HID v1.10 Mouse [VirtualBox USB Tablet] on usb-0000:00:06.0-1/input0
Oct 29 00:40:34 debian kernel: [    2.206713] ata6: SATA link up 3.0 Gbps (SStatus 123 SControl 300)
Oct 29 00:40:34 debian kernel: [    2.206779] ata6.00: ATA-8: VBOX HARDDISK, 1.0, max UDMA/133
Oct 29 00:40:34 debian kernel: [    2.206780] ata6.00: 14680064 sectors, multi 128: LBA48 NCQ (depth 32)
Oct 29 00:40:34 debian kernel: [    2.206828] ata6.00: ATA Identify Device Log not supported
Oct 29 00:40:34 debian kernel: [    2.206828] ata6.00: Security Log not supported
Oct 29 00:40:34 debian kernel: [    2.206973] ata6.00: ATA Identify Device Log not supported
Oct 29 00:40:34 debian kernel: [    2.206974] ata6.00: Security Log not supported
Oct 29 00:40:34 debian kernel: [    2.206976] ata6.00: configured for UDMA/133
Oct 29 00:40:34 debian kernel: [    2.207099] scsi 5:0:0:0: Direct-Access     ATA      VBOX HARDDISK    1.0  PQ: 0 ANSI: 5
Oct 29 00:40:34 debian kernel: [    2.966198] ata7: SATA link up 3.0 Gbps (SStatus 123 SControl 300)
Oct 29 00:40:34 debian kernel: [    2.966280] ata7.00: ATA-8: VBOX HARDDISK, 1.0, max UDMA/133
Oct 29 00:40:34 debian kernel: [    2.966281] ata7.00: 20971520 sectors, multi 128: LBA48 NCQ (depth 32)
Oct 29 00:40:34 debian kernel: [    2.966330] ata7.00: ATA Identify Device Log not supported
Oct 29 00:40:34 debian kernel: [    2.966330] ata7.00: Security Log not supported
Oct 29 00:40:34 debian kernel: [    2.966441] ata7.00: ATA Identify Device Log not supported
Oct 29 00:40:34 debian kernel: [    2.966442] ata7.00: Security Log not supported
Oct 29 00:40:34 debian kernel: [    2.966443] ata7.00: configured for UDMA/133
Oct 29 00:40:34 debian kernel: [    2.966628] scsi 6:0:0:0: Direct-Access     ATA      VBOX HARDDISK    1.0  PQ: 0 ANSI: 5
Oct 29 00:40:34 debian kernel: [    2.971730] sd 2:0:0:0: [sda] 20971520 512-byte logical blocks: (10.7 GB/10.0 GiB)
Oct 29 00:40:34 debian kernel: [    2.971736] sd 2:0:0:0: [sda] Write Protect is off
Oct 29 00:40:34 debian kernel: [    2.971737] sd 2:0:0:0: [sda] Mode Sense: 00 3a 00 00
Oct 29 00:40:34 debian kernel: [    2.971743] sd 2:0:0:0: [sda] Write cache: enabled, read cache: enabled, doesn't support DPO or FUA
Oct 29 00:40:34 debian kernel: [    2.971753] sd 3:0:0:0: [sdb] 16777216 512-byte logical blocks: (8.59 GB/8.00 GiB)
Oct 29 00:40:34 debian kernel: [    2.971756] sd 3:0:0:0: [sdb] Write Protect is off
Oct 29 00:40:34 debian kernel: [    2.971757] sd 3:0:0:0: [sdb] Mode Sense: 00 3a 00 00
Oct 29 00:40:34 debian kernel: [    2.971761] sd 3:0:0:0: [sdb] Write cache: enabled, read cache: enabled, doesn't support DPO or FUA
Oct 29 00:40:34 debian kernel: [    2.971820] sd 4:0:0:0: [sdc] 10485760 512-byte logical blocks: (5.37 GB/5.00 GiB)
Oct 29 00:40:34 debian kernel: [    2.971823] sd 4:0:0:0: [sdc] Write Protect is off
Oct 29 00:40:34 debian kernel: [    2.971823] sd 4:0:0:0: [sdc] Mode Sense: 00 3a 00 00
Oct 29 00:40:34 debian kernel: [    2.971827] sd 4:0:0:0: [sdc] Write cache: enabled, read cache: enabled, doesn't support DPO or FUA
Oct 29 00:40:34 debian kernel: [    2.971892] sd 5:0:0:0: [sdd] 14680064 512-byte logical blocks: (7.52 GB/7.00 GiB)
Oct 29 00:40:34 debian kernel: [    2.971895] sd 5:0:0:0: [sdd] Write Protect is off
Oct 29 00:40:34 debian kernel: [    2.971895] sd 5:0:0:0: [sdd] Mode Sense: 00 3a 00 00
Oct 29 00:40:34 debian kernel: [    2.971899] sd 5:0:0:0: [sdd] Write cache: enabled, read cache: enabled, doesn't support DPO or FUA
Oct 29 00:40:34 debian kernel: [    2.971925] sd 6:0:0:0: [sde] 20971520 512-byte logical blocks: (10.7 GB/10.0 GiB)
Oct 29 00:40:34 debian kernel: [    2.971927] sd 6:0:0:0: [sde] Write Protect is off
Oct 29 00:40:34 debian kernel: [    2.971928] sd 6:0:0:0: [sde] Mode Sense: 00 3a 00 00
Oct 29 00:40:34 debian kernel: [    2.971932] sd 6:0:0:0: [sde] Write cache: enabled, read cache: enabled, doesn't support DPO or FUA
Oct 29 00:40:34 debian kernel: [    2.972473] sd 6:0:0:0: [sde] Attached SCSI disk
Oct 29 00:40:34 debian kernel: [    2.972635]  sdb: sdb1
Oct 29 00:40:34 debian kernel: [    2.972652]  sdc:
Oct 29 00:40:34 debian kernel: [    2.972726] sd 4:0:0:0: [sdc] Attached SCSI disk
Oct 29 00:40:34 debian kernel: [    2.972815] sd 3:0:0:0: [sdb] Attached SCSI disk
Oct 29 00:40:34 debian kernel: [    2.973093]  sda: sda1 sda2 < sda5 >
Oct 29 00:40:34 debian kernel: [    2.973218] sd 2:0:0:0: [sda] Attached SCSI disk
Oct 29 00:40:34 debian kernel: [    2.975260] sd 5:0:0:0: [sdd] Attached SCSI disk
Oct 29 00:40:34 debian kernel: [    3.056198] PM: Image not found (code -22)
Oct 29 00:40:34 debian kernel: [    3.158023] EXT4-fs (sda1): mounted filesystem with ordered data mode. Opts: (null)
Oct 29 00:40:34 debian kernel: [    3.452551] EXT4-fs (sda1): re-mounted. Opts: errors=remount-ro
Oct 29 00:40:34 debian kernel: [    3.564314] input: Power Button as /devices/LNXSYSTM:00/LNXPWRBN:00/input/input4
Oct 29 00:40:34 debian kernel: [    3.564411] ACPI: Power Button [PWRF]
Oct 29 00:40:34 debian kernel: [    3.564473] input: Sleep Button as /devices/LNXSYSTM:00/LNXSLPBN:00/input/input5
Oct 29 00:40:34 debian kernel: [    3.564478] ACPI: Sleep Button [SLPF]
Oct 29 00:40:34 debian kernel: [    3.565390] ACPI: Video Device [GFX0] (multi-head: yes  rom: no  post: no)
Oct 29 00:40:34 debian kernel: [    3.565434] input: Video Bus as /devices/LNXSYSTM:00/LNXSYBUS:00/PNP0A03:00/LNXVIDEO:00/input/input6
Oct 29 00:40:34 debian kernel: [    3.567209] ACPI: AC Adapter [AC] (on-line)
Oct 29 00:40:34 debian kernel: [    3.568579] input: PC Speaker as /devices/platform/pcspkr/input/input7
Oct 29 00:40:34 debian kernel: [    3.573176] vboxguest: host-version: 6.1.26r145957 0x8000000f
Oct 29 00:40:34 debian kernel: [    3.573845] vbg_heartbeat_init: Setting up heartbeat to trigger every 2000 milliseconds
Oct 29 00:40:34 debian kernel: [    3.573920] input: VirtualBox mouse integration as /devices/pci0000:00/0000:00:04.0/input/input8
Oct 29 00:40:34 debian kernel: [    3.577223] vboxguest: misc device minor 58, IRQ 20, I/O port d040, MMIO at 0x00000000f0400000 (size 0x0000000000400000)
Oct 29 00:40:34 debian kernel: [    3.590210] sd 2:0:0:0: Attached scsi generic sg0 type 0
Oct 29 00:40:34 debian kernel: [    3.590916] sd 3:0:0:0: Attached scsi generic sg1 type 0
Oct 29 00:40:34 debian kernel: [    3.592093] sd 4:0:0:0: Attached scsi generic sg2 type 0
Oct 29 00:40:34 debian kernel: [    3.592365] sd 5:0:0:0: Attached scsi generic sg3 type 0
Oct 29 00:40:34 debian kernel: [    3.592413] sd 6:0:0:0: Attached scsi generic sg4 type 0
Oct 29 00:40:34 debian kernel: [    3.701687] [drm] DMA map mode: Using physical TTM page addresses.
Oct 29 00:40:34 debian kernel: [    3.701715] [drm] Capabilities:
Oct 29 00:40:34 debian kernel: [    3.701716] [drm]   Cursor.
Oct 29 00:40:34 debian kernel: [    3.701716] [drm]   Cursor bypass 2.
Oct 29 00:40:34 debian kernel: [    3.701716] [drm]   Alpha cursor.
Oct 29 00:40:34 debian kernel: [    3.701716] [drm]   3D.
Oct 29 00:40:34 debian kernel: [    3.701717] [drm]   Extended Fifo.
Oct 29 00:40:34 debian kernel: [    3.701717] [drm]   Pitchlock.
Oct 29 00:40:34 debian kernel: [    3.701717] [drm]   Irq mask.
Oct 29 00:40:34 debian kernel: [    3.701717] [drm]   GMR.
Oct 29 00:40:34 debian kernel: [    3.701717] [drm]   Traces.
Oct 29 00:40:34 debian kernel: [    3.701718] [drm]   GMR2.
Oct 29 00:40:34 debian kernel: [    3.701718] [drm]   Screen Object 2.
Oct 29 00:40:34 debian kernel: [    3.701719] [drm] Max GMR ids is 8192
Oct 29 00:40:34 debian kernel: [    3.701719] [drm] Max number of GMR pages is 1048576
Oct 29 00:40:34 debian kernel: [    3.701719] [drm] Max dedicated hypervisor surface memory is 507904 kiB
Oct 29 00:40:34 debian kernel: [    3.701720] [drm] Maximum display memory size is 16384 kiB
Oct 29 00:40:34 debian kernel: [    3.701720] [drm] VRAM at 0xe0000000 size is 16384 kiB
Oct 29 00:40:34 debian kernel: [    3.701721] [drm] MMIO at 0xf0000000 size is 2048 kiB
Oct 29 00:40:34 debian kernel: [    3.701722] [drm] global init.
Oct 29 00:40:34 debian kernel: [    3.705676] Decoding supported only on Scalable MCA processors.
Oct 29 00:40:34 debian kernel: [    3.716658] [TTM] Zone  kernel: Available graphics memory: 2020764 kiB
Oct 29 00:40:34 debian kernel: [    3.716659] [TTM] Initializing pool allocator
Oct 29 00:40:34 debian kernel: [    3.716662] [TTM] Initializing DMA pool allocator
Oct 29 00:40:34 debian kernel: [    3.718743] [drm] Supports vblank timestamp caching Rev 2 (21.10.2013).
Oct 29 00:40:34 debian kernel: [    3.718744] [drm] No driver support for vblank timestamp query.
Oct 29 00:40:34 debian kernel: [    3.718912] [drm] Screen Objects Display Unit initialized
Oct 29 00:40:34 debian kernel: [    3.718939] [drm] width 720
Oct 29 00:40:34 debian kernel: [    3.718945] [drm] height 400
Oct 29 00:40:34 debian kernel: [    3.718952] [drm] bpp 32
Oct 29 00:40:34 debian kernel: [    3.719085] [drm] Fifo max 0x00200000 min 0x00001000 cap 0x00000355
Oct 29 00:40:34 debian kernel: [    3.719092] [drm] DX: no.
Oct 29 00:40:34 debian kernel: [    3.719092] [drm] Atomic: yes.
Oct 29 00:40:34 debian kernel: [    3.719093] [drm] SM4_1: no.
Oct 29 00:40:34 debian kernel: [    3.719106] [drm:vmw_host_log [vmwgfx]] *ERROR* Failed to send host log message.
Oct 29 00:40:34 debian kernel: [    3.719674] [drm:vmw_host_log [vmwgfx]] *ERROR* Failed to send host log message.
Oct 29 00:40:34 debian kernel: [    3.722461] fbcon: svgadrmfb (fb0) is primary device
Oct 29 00:40:34 debian kernel: [    3.724619] Console: switching to colour frame buffer device 100x37
Oct 29 00:40:34 debian kernel: [    3.726641] [drm] Initialized vmwgfx 2.15.0 20180704 for 0000:00:02.0 on minor 0
Oct 29 00:40:34 debian kernel: [    3.731833] Decoding supported only on Scalable MCA processors.
Oct 29 00:40:34 debian kernel: [    3.769079] Adding 2095100k swap on /dev/sda5.  Priority:-2 extents:1 across:2095100k SSFS
Oct 29 00:40:34 debian kernel: [    3.780651] EXT4-fs (sdb1): recovery complete
Oct 29 00:40:34 debian kernel: [    3.780654] EXT4-fs (sdb1): mounted filesystem with ordered data mode. Opts: (null)
Oct 29 00:40:34 debian kernel: [    3.817280] audit: type=1400 audit(1635478834.492:2): apparmor="STATUS" operation="profile_load" profile="unconfined" name="nvidia_modprobe" pid=429 comm="apparmor_parser"
Oct 29 00:40:34 debian kernel: [    3.817282] audit: type=1400 audit(1635478834.492:3): apparmor="STATUS" operation="profile_load" profile="unconfined" name="nvidia_modprobe//kmod" pid=429 comm="apparmor_parser"
Oct 29 00:40:34 debian kernel: [    3.818062] audit: type=1400 audit(1635478834.492:4): apparmor="STATUS" operation="profile_load" profile="unconfined" name="/usr/bin/man" pid=431 comm="apparmor_parser"
Oct 29 00:40:34 debian kernel: [    3.818064] audit: type=1400 audit(1635478834.492:5): apparmor="STATUS" operation="profile_load" profile="unconfined" name="man_filter" pid=431 comm="apparmor_parser"
Oct 29 00:40:34 debian kernel: [    3.818066] audit: type=1400 audit(1635478834.492:6): apparmor="STATUS" operation="profile_load" profile="unconfined" name="man_groff" pid=431 comm="apparmor_parser"
Oct 29 00:40:34 debian kernel: [    3.874468] IPv6: ADDRCONF(NETDEV_UP): enp0s3: link is not ready
Oct 29 00:40:34 debian kernel: [    3.875866] IPv6: ADDRCONF(NETDEV_UP): enp0s8: link is not ready
Oct 29 00:40:34 debian kernel: [    3.908078] snd_intel8x0 0000:00:05.0: white list rate for 1028:0177 is 48000
Oct 29 00:40:34 debian systemd[1]: Started System Logging Service.
Oct 29 00:40:34 debian systemd[1]: Started WPA supplicant.
Oct 29 00:40:34 debian wpa_supplicant[502]: Successfully initialized wpa_supplicant
Oct 29 00:40:34 debian systemd[1]: Reached target Network.
Oct 29 00:40:34 debian systemd[1]: Starting MariaDB 10.3.31 database server...
Oct 29 00:40:34 debian systemd[1]: Starting The Apache HTTP Server...
Oct 29 00:40:34 debian systemd[1]: Starting Daily apt download activities...
Oct 29 00:40:34 debian systemd[1]: Condition check resulted in fast remote file copy program daemon being skipped.
Oct 29 00:40:34 debian systemd[1]: Starting Permit User Sessions...
Oct 29 00:40:34 debian CRON[515]: (root) CMD (/usr/sbin/iptables-restore /root/myfw.txt)
Oct 29 00:40:34 debian systemd[1]: Starting OpenBSD Secure Shell server...
Oct 29 00:40:34 debian systemd[1]: Started Permit User Sessions.
Oct 29 00:40:34 debian systemd[1]: Started Getty on tty1.
Oct 29 00:40:34 debian systemd[1]: Reached target Login Prompts.
Oct 29 00:40:34 debian systemd[1]: Started Login Service.
Oct 29 00:40:34 debian CRON[507]: (CRON) info (No MTA installed, discarding output)
Oct 29 00:40:34 debian systemd[1]: Started OpenBSD Secure Shell server.
Oct 29 00:40:34 debian systemd[1]: Started The Apache HTTP Server.
Oct 29 00:40:34 debian mysqld[589]: 2021-10-29  0:40:34 0 [Note] /usr/sbin/mysqld (mysqld 10.3.31-MariaDB-0+deb10u1) starting as process 589 ...
Oct 29 00:40:35 debian systemd[1]: apt-daily.service: Succeeded.
Oct 29 00:40:35 debian systemd[1]: Started Daily apt download activities.
Oct 29 00:40:35 debian systemd[1]: Started MariaDB 10.3.31 database server.
Oct 29 00:40:35 debian systemd[1]: Reached target Multi-User System.
Oct 29 00:40:35 debian systemd[1]: Reached target Graphical Interface.
Oct 29 00:40:35 debian systemd[1]: Starting Update UTMP about System Runlevel Changes...
Oct 29 00:40:35 debian /etc/mysql/debian-start[685]: Upgrading MySQL tables if necessary.
Oct 29 00:40:35 debian systemd[1]: systemd-update-utmp-runlevel.service: Succeeded.
Oct 29 00:40:35 debian systemd[1]: Started Update UTMP about System Runlevel Changes.
Oct 29 00:40:35 debian systemd[1]: Startup finished in 3.262s (kernel) + 1.322s (userspace) = 4.585s.
Oct 29 00:40:35 debian /etc/mysql/debian-start[689]: /usr/bin/mysql_upgrade: the '--basedir' option is always ignored
Oct 29 00:40:35 debian /etc/mysql/debian-start[689]: Looking for 'mysql' as: /usr/bin/mysql
Oct 29 00:40:35 debian /etc/mysql/debian-start[689]: Looking for 'mysqlcheck' as: /usr/bin/mysqlcheck
Oct 29 00:40:35 debian /etc/mysql/debian-start[689]: This installation of MySQL is already upgraded to 10.3.31-MariaDB, use --force if you still need to run mysql_upgrade
Oct 29 00:40:35 debian /etc/mysql/debian-start[697]: Checking for insecure root accounts.
Oct 29 00:40:35 debian /etc/mysql/debian-start[701]: Triggering myisam-recover for all MyISAM tables and aria-recover for all Aria tables
Oct 29 00:40:36 debian kernel: [    5.907309] e1000: enp0s3 NIC Link is Up 1000 Mbps Full Duplex, Flow Control: RX
Oct 29 00:40:36 debian kernel: [    5.907569] IPv6: ADDRCONF(NETDEV_CHANGE): enp0s3: link becomes ready
Oct 29 00:40:36 debian kernel: [    5.907960] e1000: enp0s8 NIC Link is Up 1000 Mbps Full Duplex, Flow Control: RX
Oct 29 00:40:36 debian kernel: [    5.908195] IPv6: ADDRCONF(NETDEV_CHANGE): enp0s8: link becomes ready
Oct 29 00:40:39 debian dhclient[479]: DHCPREQUEST for 10.0.2.15 on enp0s3 to 255.255.255.255 port 67
Oct 29 00:40:39 debian sh[433]: DHCPREQUEST for 10.0.2.15 on enp0s3 to 255.255.255.255 port 67
Oct 29 00:40:39 debian sh[433]: DHCPACK of 10.0.2.15 from 10.0.2.2
Oct 29 00:40:39 debian dhclient[479]: DHCPACK of 10.0.2.15 from 10.0.2.2
Oct 29 00:40:39 debian dhclient[479]: bound to 10.0.2.15 -- renewal in 39598 seconds.
Oct 29 00:40:39 debian sh[433]: bound to 10.0.2.15 -- renewal in 39598 seconds.
Oct 29 00:40:39 debian sh[433]: enp0s3=enp0s3
Oct 29 00:40:40 debian systemd[1]: Created slice User Slice of UID 0.
Oct 29 00:40:40 debian systemd[1]: Starting User Runtime Directory /run/user/0...
Oct 29 00:40:40 debian systemd[1]: Started User Runtime Directory /run/user/0.
Oct 29 00:40:40 debian systemd[1]: Starting User Manager for UID 0...
Oct 29 00:40:40 debian systemd[758]: Reached target Sockets.
Oct 29 00:40:40 debian systemd[758]: Reached target Timers.
Oct 29 00:40:40 debian systemd[758]: Reached target Paths.
Oct 29 00:40:40 debian systemd[758]: Reached target Basic System.
Oct 29 00:40:40 debian systemd[758]: Reached target Default.
Oct 29 00:40:40 debian systemd[758]: Startup finished in 17ms.
Oct 29 00:40:40 debian systemd[1]: Started User Manager for UID 0.
Oct 29 00:40:40 debian systemd[1]: Started Session 2 of user root.
Oct 29 00:40:40 debian dhclient[478]: DHCPREQUEST for 192.168.56.101 on enp0s8 to 255.255.255.255 port 67
Oct 29 00:40:40 debian sh[432]: DHCPREQUEST for 192.168.56.101 on enp0s8 to 255.255.255.255 port 67
Oct 29 00:40:40 debian dhclient[478]: DHCPACK of 192.168.56.101 from 192.168.56.100
Oct 29 00:40:40 debian sh[432]: DHCPACK of 192.168.56.101 from 192.168.56.100
Oct 29 00:40:40 debian dhclient[478]: bound to 192.168.56.101 -- renewal in 266 seconds.
Oct 29 00:40:40 debian sh[432]: bound to 192.168.56.101 -- renewal in 266 seconds.
Oct 29 00:40:40 debian sh[432]: enp0s8=enp0s8
Oct 29 00:41:28 debian systemd-timesyncd[428]: Synchronized to time server for the first time 162.159.200.123:123 (2.debian.pool.ntp.org).
Oct 29 00:42:44 debian kernel: [  110.876821]  sdc:
Oct 29 00:45:29 debian dhclient[478]: DHCPREQUEST for 192.168.56.101 on enp0s8 to 192.168.56.100 port 67
Oct 29 00:45:29 debian dhclient[478]: DHCPACK of 192.168.56.101 from 192.168.56.100
Oct 29 00:45:29 debian dhclient[478]: bound to 192.168.56.101 -- renewal in 250 seconds.
Oct 29 00:45:57 debian anacron[505]: Job `cron.daily' started
Oct 29 00:45:57 debian anacron[796]: Updated timestamp for job `cron.daily' to 2021-10-29
Oct 29 00:45:58 debian anacron[505]: Job `cron.daily' terminated
Oct 29 00:45:58 debian anacron[505]: Normal exit (1 job run)
Oct 29 00:45:58 debian systemd[1]: anacron.service: Succeeded.
Oct 29 00:49:23 debian kernel: [  509.746691]  sdc: sdc2 sdc3
Oct 29 00:49:39 debian dhclient[478]: DHCPREQUEST for 192.168.56.101 on enp0s8 to 192.168.56.100 port 67
Oct 29 00:49:39 debian dhclient[478]: DHCPACK of 192.168.56.101 from 192.168.56.100
Oct 29 00:49:39 debian dhclient[478]: bound to 192.168.56.101 -- renewal in 291 seconds.
Oct 29 00:52:32 debian systemd[1]: Reloading.
Oct 29 00:52:32 debian systemd[1]: getty@tty1.service: Current command vanished from the unit file, execution of the command list won't be resumed.
Oct 29 00:52:32 debian kernel: [  698.456837] device-mapper: uevent: version 1.0.3
Oct 29 00:52:32 debian kernel: [  698.456882] device-mapper: ioctl: 4.39.0-ioctl (2018-04-03) initialised: dm-devel@redhat.com
Oct 29 00:52:33 debian kernel: [  699.178339] SGI XFS with ACLs, security attributes, realtime, no debug enabled
Oct 29 00:52:33 debian kernel: [  699.189536] JFS: nTxBlock = 8192, nTxLock = 65536
Oct 29 00:52:33 debian kernel: [  699.220217] QNX4 filesystem 0.2.3 registered.
Oct 29 00:52:33 debian kernel: [  699.297205] raid6: sse2x1   gen()  8193 MB/s
Oct 29 00:52:33 debian kernel: [  699.366549] raid6: sse2x1   xor()  8368 MB/s
Oct 29 00:52:33 debian kernel: [  699.435039] raid6: sse2x2   gen() 16259 MB/s
Oct 29 00:52:33 debian kernel: [  699.501373] raid6: sse2x2   xor() 11525 MB/s
Oct 29 00:52:33 debian kernel: [  699.569699] raid6: sse2x4   gen() 18408 MB/s
Oct 29 00:52:33 debian kernel: [  699.638461] raid6: sse2x4   xor()  9916 MB/s
Oct 29 00:52:33 debian kernel: [  699.706921] raid6: avx2x1   gen() 20130 MB/s
Oct 29 00:52:33 debian kernel: [  699.774586] raid6: avx2x1   xor() 16428 MB/s
Oct 29 00:52:33 debian kernel: [  699.841916] raid6: avx2x2   gen() 35186 MB/s
Oct 29 00:52:33 debian kernel: [  699.910239] raid6: avx2x2   xor() 22006 MB/s
Oct 29 00:52:33 debian kernel: [  699.977524] raid6: avx2x4   gen() 35950 MB/s
Oct 29 00:52:34 debian kernel: [  700.045993] raid6: avx2x4   xor() 12964 MB/s
Oct 29 00:52:34 debian kernel: [  700.045995] raid6: using algorithm avx2x4 gen() 35950 MB/s
Oct 29 00:52:34 debian kernel: [  700.045996] raid6: .... xor() 12964 MB/s, rmw enabled
Oct 29 00:52:34 debian kernel: [  700.045997] raid6: using avx2x2 recovery algorithm
Oct 29 00:52:34 debian kernel: [  700.047929] xor: automatically using best checksumming function   avx       
Oct 29 00:52:34 debian kernel: [  700.100450] Btrfs loaded, crc32c=crc32c-intel
Oct 29 00:52:34 debian kernel: [  700.108221] fuse init (API version 7.27)
Oct 29 00:52:34 debian systemd[1]: Mounting FUSE Control File System...
Oct 29 00:52:34 debian systemd[1]: Mounted FUSE Control File System.
Oct 29 00:52:34 debian os-prober: debug: running /usr/lib/os-probes/50mounted-tests on /dev/sda2
Oct 29 00:52:34 debian 50mounted-tests: debug: /dev/sda2 type not recognised; skipping
Oct 29 00:52:34 debian os-prober: debug: os detected by /usr/lib/os-probes/50mounted-tests
Oct 29 00:52:34 debian os-prober: debug: /dev/sda5: is active swap
Oct 29 00:52:34 debian os-prober: debug: running /usr/lib/os-probes/mounted/05efi on mounted /dev/sdb1
Oct 29 00:52:34 debian 05efi: debug: Not on UEFI platform
Oct 29 00:52:34 debian os-prober: debug: running /usr/lib/os-probes/mounted/10freedos on mounted /dev/sdb1
Oct 29 00:52:34 debian 10freedos: debug: /dev/sdb1 is not a FAT partition: exiting
Oct 29 00:52:34 debian os-prober: debug: running /usr/lib/os-probes/mounted/10qnx on mounted /dev/sdb1
Oct 29 00:52:34 debian 10qnx: debug: /dev/sdb1 is not a QNX4 partition: exiting
Oct 29 00:52:34 debian os-prober: debug: running /usr/lib/os-probes/mounted/20macosx on mounted /dev/sdb1
Oct 29 00:52:34 debian macosx-prober: debug: /dev/sdb1 is not an HFS+ partition: exiting
Oct 29 00:52:34 debian os-prober: debug: running /usr/lib/os-probes/mounted/20microsoft on mounted /dev/sdb1
Oct 29 00:52:34 debian 20microsoft: debug: /dev/sdb1 is not a MS partition: exiting
Oct 29 00:52:34 debian os-prober: debug: running /usr/lib/os-probes/mounted/30utility on mounted /dev/sdb1
Oct 29 00:52:34 debian 30utility: debug: /dev/sdb1 is not a FAT partition: exiting
Oct 29 00:52:34 debian os-prober: debug: running /usr/lib/os-probes/mounted/40lsb on mounted /dev/sdb1
Oct 29 00:52:34 debian os-prober: debug: running /usr/lib/os-probes/mounted/70hurd on mounted /dev/sdb1
Oct 29 00:52:34 debian os-prober: debug: running /usr/lib/os-probes/mounted/80minix on mounted /dev/sdb1
Oct 29 00:52:34 debian os-prober: debug: running /usr/lib/os-probes/mounted/83haiku on mounted /dev/sdb1
Oct 29 00:52:34 debian 83haiku: debug: /dev/sdb1 is not a BeFS partition: exiting
Oct 29 00:52:34 debian os-prober: debug: running /usr/lib/os-probes/mounted/90linux-distro on mounted /dev/sdb1
Oct 29 00:52:34 debian os-prober: debug: running /usr/lib/os-probes/mounted/90solaris on mounted /dev/sdb1
Oct 29 00:52:34 debian os-prober: debug: running /usr/lib/os-probes/50mounted-tests on /dev/sdc2
Oct 29 00:52:34 debian 50mounted-tests: debug: /dev/sdc2 type not recognised; skipping
Oct 29 00:52:34 debian os-prober: debug: os detected by /usr/lib/os-probes/50mounted-tests
Oct 29 00:52:34 debian os-prober: debug: running /usr/lib/os-probes/50mounted-tests on /dev/sdc3
Oct 29 00:52:34 debian 50mounted-tests: debug: /dev/sdc3 type not recognised; skipping
Oct 29 00:52:34 debian os-prober: debug: os detected by /usr/lib/os-probes/50mounted-tests
Oct 29 00:52:34 debian systemd[1]: Reloading.
Oct 29 00:52:34 debian systemd[1]: Reloading.
Oct 29 00:52:34 debian systemd[1]: Reloading.
Oct 29 00:52:34 debian systemd[1]: Reloading.
Oct 29 00:52:34 debian systemd[1]: Reloading.
Oct 29 00:52:35 debian systemd[1]: Reloading.
Oct 29 00:52:35 debian systemd[1]: Reached target Network is Online.
Oct 29 00:52:35 debian systemd[1]: Starting LSB: exim Mail Transport Agent...
Oct 29 00:52:35 debian exim4[2493]: Starting MTA: exim4.
Oct 29 00:52:35 debian systemd[1]: Started LSB: exim Mail Transport Agent.
Oct 29 00:52:35 debian systemd[1]: Reloading.
Oct 29 00:54:30 debian dhclient[478]: DHCPREQUEST for 192.168.56.101 on enp0s8 to 192.168.56.100 port 67
Oct 29 00:54:30 debian dhclient[478]: DHCPACK of 192.168.56.101 from 192.168.56.100
Oct 29 00:54:30 debian dhclient[478]: bound to 192.168.56.101 -- renewal in 257 seconds.
Oct 29 00:56:17 debian systemd[1]: Starting Cleanup of Temporary Directories...
Oct 29 00:56:17 debian systemd[1]: systemd-tmpfiles-clean.service: Succeeded.
Oct 29 00:56:17 debian systemd[1]: Started Cleanup of Temporary Directories.
Oct 29 00:58:29 debian kernel: [ 1055.955980] md0: WARNING: sdc2 appears to be on the same physical disk as sdc3.
Oct 29 00:58:29 debian kernel: [ 1055.955981] True protection against single-disk failure might be compromised.
Oct 29 00:58:29 debian kernel: [ 1055.956018] md/raid1:md0: not clean -- starting background reconstruction
Oct 29 00:58:29 debian kernel: [ 1055.956019] md/raid1:md0: active with 2 out of 2 mirrors
Oct 29 00:58:29 debian kernel: [ 1055.956027] md0: detected capacity change from 0 to 2679635968
Oct 29 00:58:29 debian kernel: [ 1055.958954] md: resync of RAID array md0
Oct 29 00:58:43 debian kernel: [ 1069.421164] md: md0: resync done.
Oct 29 00:58:48 debian dhclient[478]: DHCPREQUEST for 192.168.56.101 on enp0s8 to 192.168.56.100 port 67
Oct 29 00:58:48 debian dhclient[478]: DHCPACK of 192.168.56.101 from 192.168.56.100
Oct 29 00:58:48 debian dhclient[478]: bound to 192.168.56.101 -- renewal in 237 seconds.
Oct 29 01:02:45 debian dhclient[478]: DHCPREQUEST for 192.168.56.101 on enp0s8 to 192.168.56.100 port 67
Oct 29 01:02:45 debian dhclient[478]: DHCPACK of 192.168.56.101 from 192.168.56.100
Oct 29 01:02:45 debian dhclient[478]: bound to 192.168.56.101 -- renewal in 252 seconds.
Oct 29 01:06:57 debian dhclient[478]: DHCPREQUEST for 192.168.56.101 on enp0s8 to 192.168.56.100 port 67
Oct 29 01:06:57 debian dhclient[478]: DHCPACK of 192.168.56.101 from 192.168.56.100
Oct 29 01:06:57 debian dhclient[478]: bound to 192.168.56.101 -- renewal in 235 seconds.
Oct 29 01:11:25 debian systemd[1]: Starting Flush Journal to Persistent Storage...
Oct 29 01:11:25 debian kernel: [    0.000000] Linux version 4.19.0-9-amd64 (debian-kernel@lists.debian.org) (gcc version 8.3.0 (Debian 8.3.0-6)) #1 SMP Debian 4.19.118-2 (2020-04-29)
Oct 29 01:11:25 debian systemd[1]: Started Helper to synchronize boot up for ifupdown.
Oct 29 01:11:25 debian systemd[1]: Started Flush Journal to Persistent Storage.
Oct 29 01:11:25 debian systemd[1]: Started udev Kernel Device Manager.
Oct 29 01:11:25 debian systemd-udevd[307]: Using default interface naming scheme 'v240'.
Oct 29 01:11:25 debian systemd-udevd[317]: Using default interface naming scheme 'v240'.
Oct 29 01:11:25 debian systemd-udevd[307]: link_config: autonegotiation is unset or enabled, the speed and duplex are not writable.
Oct 29 01:11:25 debian systemd-udevd[317]: link_config: autonegotiation is unset or enabled, the speed and duplex are not writable.
Oct 29 01:11:25 debian systemd-udevd[304]: link_config: autonegotiation is unset or enabled, the speed and duplex are not writable.
Oct 29 01:11:25 debian systemd[1]: Started MD array monitor.
Oct 29 01:11:25 debian systemd[1]: Found device 82540EM Gigabit Ethernet Controller (PRO/1000 MT Desktop Adapter).
Oct 29 01:11:25 debian systemd[1]: Found device 82540EM Gigabit Ethernet Controller (PRO/1000 MT Desktop Adapter).
Oct 29 01:11:25 debian systemd[1]: Found device VBOX_HARDDISK 5.
Oct 29 01:11:25 debian systemd[1]: Found device VBOX_HARDDISK 1.
Oct 29 01:11:25 debian systemd[1]: Mounting /home...
Oct 29 01:11:25 debian systemd[1]: Activating swap /dev/disk/by-uuid/e550cf9e-dc94-442c-b9c4-9c12f05024b3...
Oct 29 01:11:25 debian systemd[1]: Activated swap /dev/disk/by-uuid/e550cf9e-dc94-442c-b9c4-9c12f05024b3.
Oct 29 01:11:25 debian systemd[1]: Reached target Swap.
Oct 29 01:11:25 debian systemd[1]: Mounted /home.
Oct 29 01:11:25 debian systemd[1]: Reached target Local File Systems.
Oct 29 01:11:25 debian systemd[1]: Condition check resulted in Commit a transient machine-id on disk being skipped.
Oct 29 01:11:25 debian systemd[1]: Starting Load AppArmor profiles...
Oct 29 01:11:25 debian systemd[1]: Starting Set console font and keymap...
Oct 29 01:11:25 debian systemd[1]: Starting Create Volatile Files and Directories...
Oct 29 01:11:25 debian systemd[1]: Started Set console font and keymap.
Oct 29 01:11:25 debian apparmor.systemd[448]: Restarting AppArmor
Oct 29 01:11:25 debian apparmor.systemd[448]: Reloading AppArmor profiles
Oct 29 01:11:25 debian systemd[1]: Started Create Volatile Files and Directories.
Oct 29 01:11:25 debian systemd[1]: Starting Network Time Synchronization...
Oct 29 01:11:25 debian systemd[1]: Starting Update UTMP about System Boot/Shutdown...
Oct 29 01:11:25 debian systemd[1]: Started Update UTMP about System Boot/Shutdown.
Oct 29 01:11:25 debian systemd[1]: Started Load AppArmor profiles.
Oct 29 01:11:25 debian systemd[1]: Started ifup for enp0s8.
Oct 29 01:11:25 debian systemd[1]: Started ifup for enp0s3.
Oct 29 01:11:25 debian systemd[1]: Starting Raise network interfaces...
Oct 29 01:11:25 debian systemd[1]: Started Raise network interfaces.
Oct 29 01:11:25 debian kernel: [    0.000000] Command line: BOOT_IMAGE=/boot/vmlinuz-4.19.0-9-amd64 root=UUID=cd2cb4ca-39bd-4522-919c-e4ceb81b5ae8 ro quiet
Oct 29 01:11:25 debian kernel: [    0.000000] [Firmware Bug]: TSC doesn't count with P0 frequency!
Oct 29 01:11:25 debian kernel: [    0.000000] x86/fpu: Supporting XSAVE feature 0x001: 'x87 floating point registers'
Oct 29 01:11:25 debian kernel: [    0.000000] x86/fpu: Supporting XSAVE feature 0x002: 'SSE registers'
Oct 29 01:11:25 debian kernel: [    0.000000] x86/fpu: Supporting XSAVE feature 0x004: 'AVX registers'
Oct 29 01:11:25 debian kernel: [    0.000000] x86/fpu: xstate_offset[2]:  576, xstate_sizes[2]:  256
Oct 29 01:11:25 debian dhclient[514]: Internet Systems Consortium DHCP Client 4.4.1
Oct 29 01:11:25 debian sh[467]: Internet Systems Consortium DHCP Client 4.4.1
Oct 29 01:11:25 debian sh[467]: Copyright 2004-2018 Internet Systems Consortium.
Oct 29 01:11:25 debian sh[467]: All rights reserved.
Oct 29 01:11:25 debian sh[467]: For info, please visit https://www.isc.org/software/dhcp/
Oct 29 01:11:25 debian sh[468]: Internet Systems Consortium DHCP Client 4.4.1
Oct 29 01:11:25 debian sh[468]: Copyright 2004-2018 Internet Systems Consortium.
Oct 29 01:11:25 debian sh[468]: All rights reserved.
Oct 29 01:11:25 debian sh[468]: For info, please visit https://www.isc.org/software/dhcp/
Oct 29 01:11:25 debian dhclient[514]: Copyright 2004-2018 Internet Systems Consortium.
Oct 29 01:11:25 debian dhclient[514]: All rights reserved.
Oct 29 01:11:25 debian dhclient[514]: For info, please visit https://www.isc.org/software/dhcp/
Oct 29 01:11:25 debian dhclient[514]: 
Oct 29 01:11:25 debian dhclient[513]: Internet Systems Consortium DHCP Client 4.4.1
Oct 29 01:11:25 debian dhclient[513]: Copyright 2004-2018 Internet Systems Consortium.
Oct 29 01:11:25 debian dhclient[513]: All rights reserved.
Oct 29 01:11:25 debian dhclient[513]: For info, please visit https://www.isc.org/software/dhcp/
Oct 29 01:11:25 debian dhclient[513]: 
Oct 29 01:11:25 debian dhclient[514]: Listening on LPF/enp0s8/08:00:27:7f:d9:ec
Oct 29 01:11:25 debian sh[467]: Listening on LPF/enp0s8/08:00:27:7f:d9:ec
Oct 29 01:11:25 debian sh[467]: Sending on   LPF/enp0s8/08:00:27:7f:d9:ec
Oct 29 01:11:25 debian sh[467]: Sending on   Socket/fallback
Oct 29 01:11:25 debian sh[467]: DHCPREQUEST for 192.168.56.101 on enp0s8 to 255.255.255.255 port 67
Oct 29 01:11:25 debian sh[468]: Listening on LPF/enp0s3/08:00:27:ec:98:dc
Oct 29 01:11:25 debian sh[468]: Sending on   LPF/enp0s3/08:00:27:ec:98:dc
Oct 29 01:11:25 debian sh[468]: Sending on   Socket/fallback
Oct 29 01:11:25 debian sh[468]: DHCPREQUEST for 10.0.2.15 on enp0s3 to 255.255.255.255 port 67
Oct 29 01:11:25 debian sh[468]: DHCPACK of 10.0.2.15 from 10.0.2.2
Oct 29 01:11:25 debian dhclient[514]: Sending on   LPF/enp0s8/08:00:27:7f:d9:ec
Oct 29 01:11:25 debian dhclient[514]: Sending on   Socket/fallback
Oct 29 01:11:25 debian dhclient[514]: DHCPREQUEST for 192.168.56.101 on enp0s8 to 255.255.255.255 port 67
Oct 29 01:11:25 debian dhclient[513]: Listening on LPF/enp0s3/08:00:27:ec:98:dc
Oct 29 01:11:25 debian dhclient[513]: Sending on   LPF/enp0s3/08:00:27:ec:98:dc
Oct 29 01:11:25 debian dhclient[513]: Sending on   Socket/fallback
Oct 29 01:11:25 debian dhclient[513]: DHCPREQUEST for 10.0.2.15 on enp0s3 to 255.255.255.255 port 67
Oct 29 01:11:25 debian dhclient[513]: DHCPACK of 10.0.2.15 from 10.0.2.2
Oct 29 01:11:25 debian systemd[1]: Started Network Time Synchronization.
Oct 29 01:11:25 debian systemd[1]: Reached target System Initialization.
Oct 29 01:11:25 debian systemd[1]: Started Daily Cleanup of Temporary Directories.
Oct 29 01:11:25 debian systemd[1]: Listening on D-Bus System Message Bus Socket.
Oct 29 01:11:25 debian systemd[1]: Reached target Sockets.
Oct 29 01:11:25 debian systemd[1]: Reached target Basic System.
Oct 29 01:11:25 debian kernel: [    0.000000] x86/fpu: Enabled xstate features 0x7, context size is 832 bytes, using 'standard' format.
Oct 29 01:11:25 debian systemd[1]: Condition check resulted in getty on tty2-tty6 if dbus and logind are not available being skipped.
Oct 29 01:11:25 debian kernel: [    0.000000] BIOS-provided physical RAM map:
Oct 29 01:11:25 debian systemd[1]: Starting System Logging Service...
Oct 29 01:11:25 debian kernel: [    0.000000] BIOS-e820: [mem 0x0000000000000000-0x000000000009fbff] usable
Oct 29 01:11:25 debian kernel: [    0.000000] BIOS-e820: [mem 0x000000000009fc00-0x000000000009ffff] reserved
Oct 29 01:11:25 debian kernel: [    0.000000] BIOS-e820: [mem 0x00000000000f0000-0x00000000000fffff] reserved
Oct 29 01:11:25 debian kernel: [    0.000000] BIOS-e820: [mem 0x0000000000100000-0x00000000dffeffff] usable
Oct 29 01:11:25 debian systemd[1]: Started Regular background program processing daemon.
Oct 29 01:11:25 debian kernel: [    0.000000] BIOS-e820: [mem 0x00000000dfff0000-0x00000000dfffffff] ACPI data
Oct 29 01:11:25 debian systemd[1]: Starting Login Service...
Oct 29 01:11:25 debian kernel: [    0.000000] BIOS-e820: [mem 0x00000000fec00000-0x00000000fec00fff] reserved
Oct 29 01:11:25 debian kernel: [    0.000000] BIOS-e820: [mem 0x00000000fee00000-0x00000000fee00fff] reserved
Oct 29 01:11:25 debian kernel: [    0.000000] BIOS-e820: [mem 0x00000000fffc0000-0x00000000ffffffff] reserved
Oct 29 01:11:25 debian systemd[1]: Started D-Bus System Message Bus.
Oct 29 01:11:25 debian kernel: [    0.000000] BIOS-e820: [mem 0x0000000100000000-0x000000011fffffff] usable
Oct 29 01:11:25 debian kernel: [    0.000000] NX (Execute Disable) protection: active
Oct 29 01:11:25 debian kernel: [    0.000000] SMBIOS 2.5 present.
Oct 29 01:11:25 debian dhclient[513]: bound to 10.0.2.15 -- renewal in 37350 seconds.
Oct 29 01:11:25 debian kernel: [    0.000000] DMI: innotek GmbH VirtualBox/VirtualBox, BIOS VirtualBox 12/01/2006
Oct 29 01:11:25 debian kernel: [    0.000000] Hypervisor detected: KVM
Oct 29 01:11:25 debian kernel: [    0.000000] kvm-clock: Using msrs 4b564d01 and 4b564d00
Oct 29 01:11:25 debian kernel: [    0.000000] kvm-clock: cpu 0, msr d53e8001, primary cpu clock
Oct 29 01:11:25 debian kernel: [    0.000000] kvm-clock: using sched offset of 8499917534 cycles
Oct 29 01:11:25 debian kernel: [    0.000001] clocksource: kvm-clock: mask: 0xffffffffffffffff max_cycles: 0x1cd42e4dffb, max_idle_ns: 881590591483 ns
Oct 29 01:11:25 debian kernel: [    0.000003] tsc: Detected 3600.000 MHz processor
Oct 29 01:11:25 debian sh[468]: bound to 10.0.2.15 -- renewal in 37350 seconds.
Oct 29 01:11:25 debian systemd[1]: Starting WPA supplicant...
Oct 29 01:11:25 debian systemd[1]: Reached target System Time Synchronized.
Oct 29 01:11:25 debian systemd[1]: Started Clean PHP session files every 30 mins.
Oct 29 01:11:25 debian cron[548]: (CRON) INFO (pidfile fd = 3)
Oct 29 01:11:25 debian systemd[1]: Started Daily rotation of log files.
Oct 29 01:11:25 debian systemd[1]: Started Daily apt download activities.
Oct 29 01:11:25 debian systemd[1]: Started Daily apt upgrade and clean activities.
Oct 29 01:11:25 debian systemd[1]: Started Daily man-db regeneration.
Oct 29 01:11:25 debian systemd[1]: Started Trigger anacron every hour.
Oct 29 01:11:25 debian systemd[1]: Reached target Timers.
Oct 29 01:11:25 debian systemd[1]: Started Run anacron jobs.
Oct 29 01:11:25 debian systemd[1]: Reached target Sound Card.
Oct 29 01:11:25 debian kernel: [    0.001647] e820: update [mem 0x00000000-0x00000fff] usable ==> reserved
Oct 29 01:11:25 debian kernel: [    0.001649] e820: remove [mem 0x000a0000-0x000fffff] usable
Oct 29 01:11:25 debian kernel: [    0.001651] last_pfn = 0x120000 max_arch_pfn = 0x400000000
Oct 29 01:11:25 debian kernel: [    0.001662] MTRR default type: uncachable
Oct 29 01:11:25 debian kernel: [    0.001663] MTRR variable ranges disabled:
Oct 29 01:11:25 debian kernel: [    0.001663] Disabled
Oct 29 01:11:25 debian kernel: [    0.001664] x86/PAT: MTRRs disabled, skipping PAT initialization too.
Oct 29 01:11:25 debian kernel: [    0.001666] CPU MTRRs all blank - virtualized system.
Oct 29 01:11:25 debian kernel: [    0.001668] x86/PAT: Configuration [0-7]: WB  WT  UC- UC  WB  WT  UC- UC  
Oct 29 01:11:25 debian kernel: [    0.001671] last_pfn = 0xdfff0 max_arch_pfn = 0x400000000
Oct 29 01:11:25 debian kernel: [    0.001693] found SMP MP-table at [mem 0x0009fff0-0x0009ffff]
Oct 29 01:11:25 debian kernel: [    0.066976] BRK [0xd5601000, 0xd5601fff] PGTABLE
Oct 29 01:11:25 debian kernel: [    0.066980] BRK [0xd5602000, 0xd5602fff] PGTABLE
Oct 29 01:11:25 debian kernel: [    0.066980] BRK [0xd5603000, 0xd5603fff] PGTABLE
Oct 29 01:11:25 debian kernel: [    0.066995] BRK [0xd5604000, 0xd5604fff] PGTABLE
Oct 29 01:11:25 debian kernel: [    0.066996] BRK [0xd5605000, 0xd5605fff] PGTABLE
Oct 29 01:11:25 debian kernel: [    0.067924] RAMDISK: [mem 0x34d13000-0x36680fff]
Oct 29 01:11:25 debian kernel: [    0.067932] ACPI: Early table checksum verification disabled
Oct 29 01:11:25 debian kernel: [    0.067942] ACPI: RSDP 0x00000000000E0000 000024 (v02 VBOX  )
Oct 29 01:11:25 debian kernel: [    0.067945] ACPI: XSDT 0x00000000DFFF0030 00003C (v01 VBOX   VBOXXSDT 00000001 ASL  00000061)
Oct 29 01:11:25 debian kernel: [    0.067949] ACPI: FACP 0x00000000DFFF00F0 0000F4 (v04 VBOX   VBOXFACP 00000001 ASL  00000061)
Oct 29 01:11:25 debian kernel: [    0.067952] ACPI: DSDT 0x00000000DFFF0470 002325 (v02 VBOX   VBOXBIOS 00000002 INTL 20100528)
Oct 29 01:11:25 debian kernel: [    0.067953] ACPI: FACS 0x00000000DFFF0200 000040
Oct 29 01:11:25 debian kernel: [    0.067955] ACPI: FACS 0x00000000DFFF0200 000040
Oct 29 01:11:25 debian kernel: [    0.067956] ACPI: APIC 0x00000000DFFF0240 00005C (v02 VBOX   VBOXAPIC 00000001 ASL  00000061)
Oct 29 01:11:25 debian kernel: [    0.067957] ACPI: SSDT 0x00000000DFFF02A0 0001CC (v01 VBOX   VBOXCPUT 00000002 INTL 20100528)
Oct 29 01:11:25 debian kernel: [    0.067963] ACPI: Local APIC address 0xfee00000
Oct 29 01:11:25 debian kernel: [    0.068192] No NUMA configuration found
Oct 29 01:11:25 debian kernel: [    0.068193] Faking a node at [mem 0x0000000000000000-0x000000011fffffff]
Oct 29 01:11:25 debian kernel: [    0.068195] NODE_DATA(0) allocated [mem 0x11fff7000-0x11fffbfff]
Oct 29 01:11:25 debian kernel: [    0.068930] Zone ranges:
Oct 29 01:11:25 debian kernel: [    0.068932]   DMA      [mem 0x0000000000001000-0x0000000000ffffff]
Oct 29 01:11:25 debian kernel: [    0.068932]   DMA32    [mem 0x0000000001000000-0x00000000ffffffff]
Oct 29 01:11:25 debian kernel: [    0.068933]   Normal   [mem 0x0000000100000000-0x000000011fffffff]
Oct 29 01:11:25 debian kernel: [    0.068934]   Device   empty
Oct 29 01:11:25 debian kernel: [    0.068934] Movable zone start for each node
Oct 29 01:11:25 debian kernel: [    0.068934] Early memory node ranges
Oct 29 01:11:25 debian kernel: [    0.068935]   node   0: [mem 0x0000000000001000-0x000000000009efff]
Oct 29 01:11:25 debian kernel: [    0.068935]   node   0: [mem 0x0000000000100000-0x00000000dffeffff]
Oct 29 01:11:25 debian kernel: [    0.068936]   node   0: [mem 0x0000000100000000-0x000000011fffffff]
Oct 29 01:11:25 debian kernel: [    0.070542] Zeroed struct page in unavailable ranges: 114 pages
Oct 29 01:11:25 debian kernel: [    0.070544] Initmem setup node 0 [mem 0x0000000000001000-0x000000011fffffff]
Oct 29 01:11:25 debian kernel: [    0.070545] On node 0 totalpages: 1048462
Oct 29 01:11:25 debian kernel: [    0.070546]   DMA zone: 64 pages used for memmap
Oct 29 01:11:25 debian kernel: [    0.070547]   DMA zone: 21 pages reserved
Oct 29 01:11:25 debian kernel: [    0.070547]   DMA zone: 3998 pages, LIFO batch:0
Oct 29 01:11:25 debian kernel: [    0.070609]   DMA32 zone: 14272 pages used for memmap
Oct 29 01:11:25 debian kernel: [    0.070609]   DMA32 zone: 913392 pages, LIFO batch:63
Oct 29 01:11:25 debian kernel: [    0.105065]   Normal zone: 2048 pages used for memmap
Oct 29 01:11:25 debian kernel: [    0.105067]   Normal zone: 131072 pages, LIFO batch:31
Oct 29 01:11:25 debian kernel: [    0.110732] ACPI: PM-Timer IO Port: 0x4008
Oct 29 01:11:25 debian kernel: [    0.110735] ACPI: Local APIC address 0xfee00000
Oct 29 01:11:25 debian kernel: [    0.110782] IOAPIC[0]: apic_id 2, version 32, address 0xfec00000, GSI 0-23
Oct 29 01:11:25 debian kernel: [    0.110784] ACPI: INT_SRC_OVR (bus 0 bus_irq 0 global_irq 2 dfl dfl)
Oct 29 01:11:25 debian kernel: [    0.110785] ACPI: INT_SRC_OVR (bus 0 bus_irq 9 global_irq 9 low level)
Oct 29 01:11:25 debian kernel: [    0.110787] ACPI: IRQ0 used by override.
Oct 29 01:11:25 debian kernel: [    0.110787] ACPI: IRQ9 used by override.
Oct 29 01:11:25 debian kernel: [    0.110788] Using ACPI (MADT) for SMP configuration information
Oct 29 01:11:25 debian kernel: [    0.110794] smpboot: Allowing 2 CPUs, 0 hotplug CPUs
Oct 29 01:11:25 debian kernel: [    0.110813] PM: Registered nosave memory: [mem 0x00000000-0x00000fff]
Oct 29 01:11:25 debian kernel: [    0.110814] PM: Registered nosave memory: [mem 0x0009f000-0x0009ffff]
Oct 29 01:11:25 debian kernel: [    0.110814] PM: Registered nosave memory: [mem 0x000a0000-0x000effff]
Oct 29 01:11:25 debian kernel: [    0.110815] PM: Registered nosave memory: [mem 0x000f0000-0x000fffff]
Oct 29 01:11:25 debian kernel: [    0.110815] PM: Registered nosave memory: [mem 0xdfff0000-0xdfffffff]
Oct 29 01:11:25 debian kernel: [    0.110816] PM: Registered nosave memory: [mem 0xe0000000-0xfebfffff]
Oct 29 01:11:25 debian kernel: [    0.110816] PM: Registered nosave memory: [mem 0xfec00000-0xfec00fff]
Oct 29 01:11:25 debian kernel: [    0.110816] PM: Registered nosave memory: [mem 0xfec01000-0xfedfffff]
Oct 29 01:11:25 debian kernel: [    0.110817] PM: Registered nosave memory: [mem 0xfee00000-0xfee00fff]
Oct 29 01:11:25 debian kernel: [    0.110817] PM: Registered nosave memory: [mem 0xfee01000-0xfffbffff]
Oct 29 01:11:25 debian kernel: [    0.110817] PM: Registered nosave memory: [mem 0xfffc0000-0xffffffff]
Oct 29 01:11:25 debian kernel: [    0.110819] [mem 0xe0000000-0xfebfffff] available for PCI devices
Oct 29 01:11:25 debian kernel: [    0.110819] Booting paravirtualized kernel on KVM
Oct 29 01:11:25 debian kernel: [    0.110821] clocksource: refined-jiffies: mask: 0xffffffff max_cycles: 0xffffffff, max_idle_ns: 7645519600211568 ns
Oct 29 01:11:25 debian kernel: [    0.175296] random: get_random_bytes called from start_kernel+0x93/0x52c with crng_init=0
Oct 29 01:11:25 debian kernel: [    0.175306] setup_percpu: NR_CPUS:512 nr_cpumask_bits:512 nr_cpu_ids:2 nr_node_ids:1
Oct 29 01:11:25 debian kernel: [    0.176136] percpu: Embedded 45 pages/cpu s144408 r8192 d31720 u1048576
Oct 29 01:11:25 debian kernel: [    0.176140] pcpu-alloc: s144408 r8192 d31720 u1048576 alloc=1*2097152
Oct 29 01:11:25 debian kernel: [    0.176140] pcpu-alloc: [0] 0 1 
Oct 29 01:11:25 debian kernel: [    0.176160] PV qspinlock hash table entries: 256 (order: 0, 4096 bytes)
Oct 29 01:11:25 debian kernel: [    0.176164] Built 1 zonelists, mobility grouping on.  Total pages: 1032057
Oct 29 01:11:25 debian kernel: [    0.176164] Policy zone: Normal
Oct 29 01:11:25 debian kernel: [    0.176167] Kernel command line: BOOT_IMAGE=/boot/vmlinuz-4.19.0-9-amd64 root=UUID=cd2cb4ca-39bd-4522-919c-e4ceb81b5ae8 ro quiet
Oct 29 01:11:25 debian kernel: [    0.197981] Calgary: detecting Calgary via BIOS EBDA area
Oct 29 01:11:25 debian kernel: [    0.198023] Calgary: Unable to locate Rio Grande table in EBDA - bailing!
Oct 29 01:11:25 debian kernel: [    0.206225] Memory: 4011068K/4193848K available (10252K kernel code, 1241K rwdata, 3316K rodata, 1588K init, 2276K bss, 182780K reserved, 0K cma-reserved)
Oct 29 01:11:25 debian systemd[1]: Starting Clean php session files...
Oct 29 01:11:25 debian cron[548]: (CRON) INFO (Running @reboot jobs)
Oct 29 01:11:25 debian sh[468]: enp0s3=enp0s3
Oct 29 01:11:25 debian anacron[558]: Anacron 2.3 started on 2021-10-29
Oct 29 01:11:25 debian anacron[558]: Normal exit (0 jobs run)
Oct 29 01:11:25 debian rsyslogd: imuxsock: Acquired UNIX socket '/run/systemd/journal/syslog' (fd 3) from systemd.  [v8.1901.0]
Oct 29 01:11:25 debian rsyslogd:  [origin software="rsyslogd" swVersion="8.1901.0" x-pid="547" x-info="https://www.rsyslog.com"] start
Oct 29 01:11:25 debian kernel: [    0.207419] SLUB: HWalign=64, Order=0-3, MinObjects=0, CPUs=2, Nodes=1
Oct 29 01:11:25 debian kernel: [    0.207425] ftrace: allocating 31879 entries in 125 pages
Oct 29 01:11:25 debian kernel: [    0.216728] rcu: Hierarchical RCU implementation.
Oct 29 01:11:25 debian kernel: [    0.216729] rcu: 	RCU restricting CPUs from NR_CPUS=512 to nr_cpu_ids=2.
Oct 29 01:11:25 debian kernel: [    0.216730] rcu: Adjusting geometry for rcu_fanout_leaf=16, nr_cpu_ids=2
Oct 29 01:11:25 debian kernel: [    0.218532] NR_IRQS: 33024, nr_irqs: 440, preallocated irqs: 16
Oct 29 01:11:25 debian kernel: [    0.225268] Console: colour VGA+ 80x25
Oct 29 01:11:25 debian kernel: [    0.225271] console [tty0] enabled
Oct 29 01:11:25 debian kernel: [    0.225286] ACPI: Core revision 20180810
Oct 29 01:11:25 debian kernel: [    0.225390] APIC: Switch to symmetric I/O mode setup
Oct 29 01:11:25 debian kernel: [    0.225563] x2apic enabled
Oct 29 01:11:25 debian kernel: [    0.225725] Switched APIC routing to physical x2apic.
Oct 29 01:11:25 debian kernel: [    0.226548] ..TIMER: vector=0x30 apic1=0 pin1=2 apic2=-1 pin2=-1
Oct 29 01:11:25 debian kernel: [    0.226564] clocksource: tsc-early: mask: 0xffffffffffffffff max_cycles: 0x33e452fbb2f, max_idle_ns: 440795236593 ns
Oct 29 01:11:25 debian kernel: [    0.226573] Calibrating delay loop (skipped) preset value.. 7200.00 BogoMIPS (lpj=14400000)
Oct 29 01:11:25 debian kernel: [    0.226574] pid_max: default: 32768 minimum: 301
Oct 29 01:11:25 debian kernel: [    0.226595] Security Framework initialized
Oct 29 01:11:25 debian kernel: [    0.226596] Yama: disabled by default; enable with sysctl kernel.yama.*
Oct 29 01:11:25 debian kernel: [    0.226610] AppArmor: AppArmor initialized
Oct 29 01:11:25 debian kernel: [    0.228447] Dentry cache hash table entries: 524288 (order: 10, 4194304 bytes)
Oct 29 01:11:25 debian kernel: [    0.229270] Inode-cache hash table entries: 262144 (order: 9, 2097152 bytes)
Oct 29 01:11:25 debian kernel: [    0.229280] Mount-cache hash table entries: 8192 (order: 4, 65536 bytes)
Oct 29 01:11:25 debian kernel: [    0.229283] Mountpoint-cache hash table entries: 8192 (order: 4, 65536 bytes)
Oct 29 01:11:25 debian kernel: [    0.229521] Last level iTLB entries: 4KB 1024, 2MB 1024, 4MB 512
Oct 29 01:11:25 debian kernel: [    0.229522] Last level dTLB entries: 4KB 2048, 2MB 2048, 4MB 1024, 1GB 0
Oct 29 01:11:25 debian kernel: [    0.229523] Spectre V1 : Mitigation: usercopy/swapgs barriers and __user pointer sanitization
Oct 29 01:11:25 debian kernel: [    0.229524] Spectre V2 : Spectre mitigation: LFENCE not serializing, switching to generic retpoline
Oct 29 01:11:25 debian kernel: [    0.229744] Spectre V2 : Mitigation: Full generic retpoline
Oct 29 01:11:25 debian kernel: [    0.229744] Spectre V2 : Spectre v2 / SpectreRSB mitigation: Filling RSB on context switch
Oct 29 01:11:25 debian kernel: [    0.229745] Speculative Store Bypass: Mitigation: Speculative Store Bypass disabled via prctl and seccomp
Oct 29 01:11:25 debian kernel: [    0.229878] Freeing SMP alternatives memory: 24K
Oct 29 01:11:25 debian kernel: [    0.339624] smpboot: CPU0: AMD Ryzen 5 3600 6-Core Processor (family: 0x17, model: 0x71, stepping: 0x0)
